  steps=1 bf16      acc None  nll 1.392  gen 0 (56s)
  steps=1 w8t       acc None  nll 1.432  fid 0.9657  gen 0 (66s)
  steps=1 w8c       acc None  nll 1.400  fid 0.9989  gen 0 (66s)
  steps=1 w8a       acc None  nll 1.395  fid 0.9990  gen 0 (65s)
  steps=1 w6c       acc None  nll 1.396  fid 0.9876  gen 0 (65s)
  steps=1 w6a       acc None  nll 1.400  fid 0.9895  gen 0 (67s)
  steps=1 w5c       acc None  nll 1.463  fid 0.9490  gen 0 (65s)
  steps=1 w5a       acc None  nll 1.417  fid 0.9588  gen 0 (67s)
  steps=1 w4t       acc None  nll 11.241  fid 0.0331  gen 0 (65s)
  steps=1 w4c       acc None  nll 1.604  fid 0.8092  gen 0 (65s)
  steps=1 w4a       acc None  nll 1.409  fid 0.8548  gen 0 (58s)
  steps=1 w4g128    acc None  nll 1.422  fid 0.8966  gen 0 (62s)
  steps=1 w4g32     acc None  nll 1.446  fid 0.9243  gen 0 (63s)
  steps=1 w3c       acc None  nll 6.222  fid 0.1761  gen 0 (61s)
  steps=1 w3a       acc None  nll 4.018  fid 0.4273  gen 0 (61s)
  steps=1 w3g32     acc None  nll 1.903  fid 0.6997  gen 0 (62s)
  steps=1 w2a       acc None  nll 12.189  fid 0.0177  gen 0 (62s)
  steps=2 bf16      acc None  nll 0.941  gen 0 (85s)
  steps=2 w8t       acc None  nll 0.968  fid 0.9656  gen 0 (102s)
  steps=2 w8c       acc None  nll 0.945  fid 0.9987  gen 0 (103s)
  steps=2 w8a       acc None  nll 0.943  fid 0.9988  gen 0 (102s)
  steps=2 w6c       acc None  nll 0.940  fid 0.9859  gen 0 (104s)
  steps=2 w6a       acc None  nll 0.945  fid 0.9887  gen 0 (103s)
  steps=2 w5c       acc None  nll 0.947  fid 0.9478  gen 0 (100s)
  steps=2 w5a       acc None  nll 0.921  fid 0.9540  gen 0 (102s)
  steps=2 w4t       acc None  nll 11.806  fid 0.0157  gen 0 (102s)
  steps=2 w4c       acc None  nll 1.004  fid 0.8067  gen 0 (99s)
  steps=2 w4a       acc None  nll 0.958  fid 0.8486  gen 0 (101s)
  steps=2 w4g128    acc None  nll 0.949  fid 0.8904  gen 0 (102s)
  steps=2 w4g32     acc None  nll 0.971  fid 0.9155  gen 0 (101s)
  steps=2 w3c       acc None  nll 6.342  fid 0.1594  gen 0 (102s)
  steps=2 w3a       acc None  nll 3.151  fid 0.3317  gen 0 (101s)
  steps=2 w3g32     acc None  nll 1.137  fid 0.7039  gen 0 (102s)
  steps=2 w2a       acc None  nll 11.963  fid 0.0065  gen 0 (100s)
  steps=3 bf16      acc None  nll 0.816  gen 0 (122s)
  steps=3 w8t       acc None  nll 0.839  fid 0.9688  gen 0 (140s)
  steps=3 w8c       acc None  nll 0.819  fid 0.9987  gen 0 (139s)
  steps=3 w8a       acc None  nll 0.819  fid 0.9986  gen 0 (139s)
  steps=3 w6c       acc None  nll 0.815  fid 0.9861  gen 0 (139s)
  steps=3 w6a       acc None  nll 0.815  fid 0.9901  gen 0 (136s)
  steps=3 w5c       acc None  nll 0.834  fid 0.9549  gen 0 (139s)
  steps=3 w5a       acc None  nll 0.809  fid 0.9579  gen 0 (140s)
  steps=3 w4t       acc None  nll 12.263  fid 0.0053  gen 0 (139s)
  steps=3 w4c       acc None  nll 0.877  fid 0.8458  gen 0 (136s)
  steps=3 w4a       acc None  nll 0.862  fid 0.8620  gen 0 (139s)
  steps=3 w4g128    acc None  nll 0.830  fid 0.9084  gen 0 (136s)
  steps=3 w4g32     acc None  nll 0.847  fid 0.9255  gen 0 (140s)
  steps=3 w3c       acc None  nll 6.199  fid 0.1584  gen 0 (136s)
  steps=3 w3a       acc None  nll 2.986  fid 0.3265  gen 0 (131s)
  steps=3 w3g32     acc None  nll 0.990  fid 0.7407  gen 0 (125s)
  steps=3 w2a       acc None  nll 11.875  fid 0.0001  gen 0 (127s)
  steps=4 bf16      acc None  nll 0.802  gen 0 (146s)
  steps=4 w8t       acc None  nll 0.827  fid 0.9706  gen 0 (165s)
  steps=4 w8c       acc None  nll 0.803  fid 0.9988  gen 0 (164s)
  steps=4 w8a       acc None  nll 0.802  fid 0.9986  gen 0 (170s)
  steps=4 w6c       acc None  nll 0.795  fid 0.9849  gen 0 (171s)
  steps=4 w6a       acc None  nll 0.807  fid 0.9900  gen 0 (166s)
  steps=4 w5c       acc None  nll 0.809  fid 0.9533  gen 0 (162s)
  steps=4 w5a       acc None  nll 0.793  fid 0.9587  gen 0 (165s)
  steps=4 w4t       acc None  nll 12.754  fid 0.0097  gen 0 (174s)
  steps=4 w4c       acc None  nll 0.830  fid 0.8530  gen 0 (177s)
  steps=4 w4a       acc None  nll 0.850  fid 0.8691  gen 0 (178s)
  steps=4 w4g128    acc None  nll 0.819  fid 0.9098  gen 0 (178s)
  steps=4 w4g32     acc None  nll 0.828  fid 0.9226  gen 0 (168s)
  steps=4 w3c       acc None  nll 6.546  fid 0.1306  gen 0 (169s)
  steps=4 w3a       acc None  nll 2.997  fid 0.3523  gen 0 (175s)
  steps=4 w3g32     acc None  nll 0.966  fid 0.7444  gen 0 (173s)
  steps=4 w2a       acc None  nll 11.736  fid -0.0019  gen 0 (184s)
  steps=6 bf16      acc None  nll 0.821  gen 0 (244s)
  steps=6 w8t       acc None  nll 0.843  fid 0.9688  gen 0 (261s)
  steps=6 w8c       acc None  nll 0.822  fid 0.9987  gen 0 (260s)
  steps=6 w8a       acc None  nll 0.821  fid 0.9986  gen 0 (248s)
  steps=6 w6c       acc None  nll 0.816  fid 0.9834  gen 0 (246s)
  steps=6 w6a       acc None  nll 0.834  fid 0.9892  gen 0 (251s)
  steps=6 w5c       acc None  nll 0.820  fid 0.9456  gen 0 (245s)
  steps=6 w5a       acc None  nll 0.801  fid 0.9548  gen 0 (242s)
  steps=6 w4t       acc None  nll 13.230  fid 0.0170  gen 0 (233s)
  steps=6 w4c       acc None  nll 0.848  fid 0.8440  gen 0 (250s)
  steps=6 w4a       acc None  nll 0.862  fid 0.8574  gen 0 (246s)
  steps=6 w4g128    acc None  nll 0.838  fid 0.9025  gen 0 (248s)
  steps=6 w4g32     acc None  nll 0.840  fid 0.9079  gen 0 (246s)
  steps=6 w3c       acc None  nll 7.469  fid 0.0744  gen 0 (245s)
  steps=6 w3a       acc None  nll 3.741  fid 0.3255  gen 0 (245s)
  steps=6 w3g32     acc None  nll 1.025  fid 0.7070  gen 0 (249s)
  steps=6 w2a       acc None  nll 11.082  fid -0.0023  gen 0 (247s)
  steps=8 bf16      acc None  nll 0.847  gen 0 (299s)
  steps=8 w8t       acc None  nll 0.871  fid 0.9647  gen 0 (324s)
  steps=8 w8c       acc None  nll 0.847  fid 0.9984  gen 0 (321s)
  steps=8 w8a       acc None  nll 0.847  fid 0.9983  gen 0 (320s)
  steps=8 w6c       acc None  nll 0.839  fid 0.9804  gen 0 (313s)
  steps=8 w6a       acc None  nll 0.859  fid 0.9866  gen 0 (319s)
  steps=8 w5c       acc None  nll 0.862  fid 0.9375  gen 0 (308s)
  steps=8 w5a       acc None  nll 0.837  fid 0.9473  gen 0 (318s)
  steps=8 w4t       acc None  nll 13.075  fid 0.0216  gen 0 (315s)
  steps=8 w4c       acc None  nll 0.906  fid 0.8267  gen 0 (316s)
  steps=8 w4a       acc None  nll 0.911  fid 0.8301  gen 0 (320s)
  steps=8 w4g128    acc None  nll 0.865  fid 0.8923  gen 0 (313s)
  steps=8 w4g32     acc None  nll 0.887  fid 0.8958  gen 0 (313s)
  steps=8 w3c       acc None  nll 8.277  fid 0.0494  gen 0 (315s)
  steps=8 w3a       acc None  nll 4.867  fid 0.2709  gen 0 (317s)
  steps=8 w3g32     acc None  nll 1.211  fid 0.6595  gen 0 (320s)
  steps=8 w2a       acc None  nll 10.415  fid 0.0012  gen 0 (323s)
wrote /home/ubuntu/breadth/results/ouro26_gsm8k_s1_2_3_4_6_8_nogen.json 102
