variant checkpoint /home/ubuntu/edgetrm_src/TinyRecursiveModels/checkpoints/Sudoku-extreme-1k-aug-1000-ACT-torch/trm_sudoku_attn_w256_s2/step_13020: arch {'H_cycles': 3, 'H_layers': 0, 'L_cycles': 6, 'L_layers': 2, 'expansion': 4, 'forward_dtype': 'bfloat16', 'halt_exploration_prob': 0.1, 'halt_max_steps': 16, 'hidden_size': 256, 'loss': {'loss_type': 'stablemax_cross_entropy', 'name': 'losses@ACTLossHead'}, 'mlp_t': False, 'name': 'recursive_reasoning.trm@TinyRecursiveReasoningModel_ACTV1', 'no_ACT_continue': True, 'num_heads': 4, 'pos_encodings': 'rope', 'puzzle_emb_len': 16, 'puzzle_emb_ndim': 256}
sudoku_attn: 1000 puzzles, batch 256, H=[3], nsup=[16], quants=['fp32', 'w8t', 'w8c', 'w8a', 'w6t', 'w6c', 'w6a', 'w5t', 'w5c', 'w5a', 'w4t', 'w4c', 'w4a', 'w4g128', 'w4g32', 'w3t', 'w3c', 'w3a', 'w3g32', 'w2t', 'w2c', 'w2a', 'w2g32']; 0 records already
  H=3 nsup=16 fp32       pexact   4.70 cell  68.80
  H=3 nsup=16 w8t        pexact   4.90 cell  68.80 fidH 0.9981 fidL 0.9981 (11s)
  H=3 nsup=16 w8c        pexact   4.80 cell  68.81 fidH 0.9987 fidL 0.9986 (11s)
  H=3 nsup=16 w8a        pexact   4.60 cell  68.81 fidH 0.9984 fidL 0.9983 (11s)
  H=3 nsup=16 w6t        pexact   3.60 cell  68.56 fidH 0.9935 fidL 0.9942 (11s)
  H=3 nsup=16 w6c        pexact   4.30 cell  68.76 fidH 0.9962 fidL 0.9964 (10s)
variant checkpoint /home/ubuntu/edgetrm_src/TinyRecursiveModels/checkpoints/Sudoku-extreme-1k-aug-1000-ACT-torch/trm_sudoku_attn_w256_s2/step_19530: arch {'H_cycles': 3, 'H_layers': 0, 'L_cycles': 6, 'L_layers': 2, 'expansion': 4, 'forward_dtype': 'bfloat16', 'halt_exploration_prob': 0.1, 'halt_max_steps': 16, 'hidden_size': 256, 'loss': {'loss_type': 'stablemax_cross_entropy', 'name': 'losses@ACTLossHead'}, 'mlp_t': False, 'name': 'recursive_reasoning.trm@TinyRecursiveReasoningModel_ACTV1', 'no_ACT_continue': True, 'num_heads': 4, 'pos_encodings': 'rope', 'puzzle_emb_len': 16, 'puzzle_emb_ndim': 256}
sudoku_attn: 1000 puzzles, batch 256, H=[3], nsup=[16], quants=['fp32', 'w8t', 'w8c', 'w8a', 'w6t', 'w6c', 'w6a', 'w5t', 'w5c', 'w5a', 'w4t', 'w4c', 'w4a', 'w4g128', 'w4g32', 'w3t', 'w3c', 'w3a', 'w3g32', 'w2t', 'w2c', 'w2a', 'w2g32']; 0 records already
  H=3 nsup=16 fp32       pexact   9.00 cell  70.12
  H=3 nsup=16 w8t        pexact   7.90 cell  70.10 fidH 0.9783 fidL 0.9699 (11s)
  H=3 nsup=16 w8c        pexact   9.80 cell  70.35 fidH 0.9808 fidL 0.9730 (11s)
  H=3 nsup=16 w8a        pexact   8.90 cell  70.22 fidH 0.9801 fidL 0.9722 (11s)
  H=3 nsup=16 w6t        pexact   8.80 cell  70.09 fidH 0.9666 fidL 0.9539 (10s)
  H=3 nsup=16 w6c        pexact   8.80 cell  70.33 fidH 0.9722 fidL 0.9619 (11s)
  H=3 nsup=16 w6a        pexact   8.60 cell  70.02 fidH 0.9739 fidL 0.9642 (11s)
  H=3 nsup=16 w5t        pexact   6.60 cell  69.69 fidH 0.9556 fidL 0.9349 (11s)
  H=3 nsup=16 w5c        pexact   8.20 cell  69.91 fidH 0.9693 fidL 0.9571 (11s)
  H=3 nsup=16 w5a        pexact   8.80 cell  70.07 fidH 0.9672 fidL 0.9548 (11s)
  H=3 nsup=16 w4t        pexact   6.00 cell  67.54 fidH 0.9094 fidL 0.8555 (11s)
  H=3 nsup=16 w4c        pexact   7.30 cell  69.39 fidH 0.9512 fidL 0.9284 (11s)
  H=3 nsup=16 w4a        pexact   8.40 cell  69.78 fidH 0.9582 fidL 0.9393 (11s)
  H=3 nsup=16 w4g128     pexact   8.20 cell  69.90 fidH 0.9553 fidL 0.9339 (11s)
  H=3 nsup=16 w4g32      pexact   9.20 cell  70.01 fidH 0.9624 fidL 0.9452 (11s)
  H=3 nsup=16 w3t        pexact   0.00 cell  11.70 fidH 0.0299 fidL 0.1966 (11s)
  H=3 nsup=16 w3c        pexact   4.50 cell  67.17 fidH 0.9058 fidL 0.8554 (11s)
  H=3 nsup=16 w3a        pexact   6.10 cell  68.32 fidH 0.9330 fidL 0.8910 (11s)
  H=3 nsup=16 w3g32      pexact   5.40 cell  67.96 fidH 0.9341 fidL 0.8986 (11s)
  H=3 nsup=16 w2t        pexact   0.00 cell  11.11 fidH 0.0724 fidL 0.3170 (11s)
  H=3 nsup=16 w2c        pexact   0.00 cell   9.01 fidH 0.0219 fidL 0.2083 (11s)
  H=3 nsup=16 w2a        pexact   0.00 cell  20.65 fidH 0.0381 fidL 0.2240 (11s)
  H=3 nsup=16 w2g32      pexact   0.00 cell  36.37 fidH 0.1406 fidL 0.1684 (11s)
wrote /home/ubuntu/breadth/results/variant_trm_sudoku_attn_w256_s2_19530.json 23 records
variant checkpoint /home/ubuntu/edgetrm_src/TinyRecursiveModels/checkpoints/Sudoku-extreme-1k-aug-1000-ACT-torch/trm_sudoku_attn_w256_s2/step_39060: arch {'H_cycles': 3, 'H_layers': 0, 'L_cycles': 6, 'L_layers': 2, 'expansion': 4, 'forward_dtype': 'bfloat16', 'halt_exploration_prob': 0.1, 'halt_max_steps': 16, 'hidden_size': 256, 'loss': {'loss_type': 'stablemax_cross_entropy', 'name': 'losses@ACTLossHead'}, 'mlp_t': False, 'name': 'recursive_reasoning.trm@TinyRecursiveReasoningModel_ACTV1', 'no_ACT_continue': True, 'num_heads': 4, 'pos_encodings': 'rope', 'puzzle_emb_len': 16, 'puzzle_emb_ndim': 256}
sudoku_attn: 1000 puzzles, batch 256, H=[3], nsup=[16], quants=['fp32', 'w8t', 'w8c', 'w8a', 'w6t', 'w6c', 'w6a', 'w5t', 'w5c', 'w5a', 'w4t', 'w4c', 'w4a', 'w4g128', 'w4g32', 'w3t', 'w3c', 'w3a', 'w3g32', 'w2t', 'w2c', 'w2a', 'w2g32']; 0 records already
  H=3 nsup=16 fp32       pexact  21.90 cell  75.51
  H=3 nsup=16 w8t        pexact  22.60 cell  75.62 fidH 0.9731 fidL 0.9575 (11s)
  H=3 nsup=16 w8c        pexact  22.50 cell  75.57 fidH 0.9768 fidL 0.9616 (10s)
  H=3 nsup=16 w8a        pexact  22.20 cell  75.57 fidH 0.9750 fidL 0.9595 (11s)
  H=3 nsup=16 w6t        pexact  21.30 cell  75.33 fidH 0.9537 fidL 0.9277 (11s)
  H=3 nsup=16 w6c        pexact  23.00 cell  75.81 fidH 0.9629 fidL 0.9418 (10s)
  H=3 nsup=16 w6a        pexact  21.40 cell  75.55 fidH 0.9606 fidL 0.9386 (11s)
  H=3 nsup=16 w5t        pexact  21.50 cell  74.85 fidH 0.9278 fidL 0.8807 (11s)
  H=3 nsup=16 w5c        pexact  20.90 cell  75.06 fidH 0.9516 fidL 0.9237 (10s)
  H=3 nsup=16 w5a        pexact  23.10 cell  75.73 fidH 0.9517 fidL 0.9250 (11s)
  H=3 nsup=16 w4t        pexact   9.80 cell  69.68 fidH 0.8351 fidL 0.7342 (10s)
  H=3 nsup=16 w4c        pexact  20.40 cell  74.59 fidH 0.9247 fidL 0.8732 (10s)
  H=3 nsup=16 w4a        pexact  22.60 cell  74.91 fidH 0.9311 fidL 0.8876 (11s)
  H=3 nsup=16 w4g128     pexact  21.00 cell  74.79 fidH 0.9335 fidL 0.8918 (11s)
  H=3 nsup=16 w4g32      pexact  21.50 cell  74.99 fidH 0.9455 fidL 0.9111 (11s)
  H=3 nsup=16 w3t        pexact   0.00 cell  37.69 fidH 0.2108 fidL 0.2244 (11s)
  H=3 nsup=16 w3c        pexact   2.70 cell  53.73 fidH 0.4904 fidL 0.4611 (11s)
  H=3 nsup=16 w3a        pexact  14.20 cell  68.53 fidH 0.7874 fidL 0.6695 (11s)
  H=3 nsup=16 w3g32      pexact  20.30 cell  72.67 fidH 0.8616 fidL 0.7718 (11s)
  H=3 nsup=16 w2t        pexact   0.00 cell  11.15 fidH 0.0758 fidL 0.2142 (10s)
  H=3 nsup=16 w2c        pexact   0.00 cell  26.44 fidH 0.0863 fidL 0.0865 (10s)
  H=3 nsup=16 w2a        pexact   0.00 cell  44.17 fidH 0.2337 fidL 0.2930 (11s)
  H=3 nsup=16 w2g32      pexact   0.00 cell  48.66 fidH 0.3112 fidL 0.3287 (11s)
wrote /home/ubuntu/breadth/results/variant_trm_sudoku_attn_w256_s2_39060.json 23 records
variant checkpoint /home/ubuntu/edgetrm_src/TinyRecursiveModels/checkpoints/Sudoku-extreme-1k-aug-1000-ACT-torch/trm_sudoku_attn_w256_s2/step_52080: arch {'H_cycles': 3, 'H_layers': 0, 'L_cycles': 6, 'L_layers': 2, 'expansion': 4, 'forward_dtype': 'bfloat16', 'halt_exploration_prob': 0.1, 'halt_max_steps': 16, 'hidden_size': 256, 'loss': {'loss_type': 'stablemax_cross_entropy', 'name': 'losses@ACTLossHead'}, 'mlp_t': False, 'name': 'recursive_reasoning.trm@TinyRecursiveReasoningModel_ACTV1', 'no_ACT_continue': True, 'num_heads': 4, 'pos_encodings': 'rope', 'puzzle_emb_len': 16, 'puzzle_emb_ndim': 256}
sudoku_attn: 1000 puzzles, batch 256, H=[3], nsup=[16], quants=['fp32', 'w8t', 'w8c', 'w8a', 'w6t', 'w6c', 'w6a', 'w5t', 'w5c', 'w5a', 'w4t', 'w4c', 'w4a', 'w4g128', 'w4g32', 'w3t', 'w3c', 'w3a', 'w3g32', 'w2t', 'w2c', 'w2a', 'w2g32']; 0 records already
  H=3 nsup=16 fp32       pexact  32.30 cell  77.58
  H=3 nsup=16 w8t        pexact  32.10 cell  77.53 fidH 0.9615 fidL 0.9451 (11s)
  H=3 nsup=16 w8c        pexact  31.80 cell  77.53 fidH 0.9653 fidL 0.9507 (11s)
  H=3 nsup=16 w8a        pexact  31.90 cell  77.56 fidH 0.9687 fidL 0.9560 (11s)
  H=3 nsup=16 w6t        pexact  32.80 cell  77.70 fidH 0.9367 fidL 0.9073 (10s)
  H=3 nsup=16 w6c        pexact  32.90 cell  77.81 fidH 0.9532 fidL 0.9302 (11s)
  H=3 nsup=16 w6a        pexact  30.80 cell  77.37 fidH 0.9581 fidL 0.9386 (11s)
  H=3 nsup=16 w5t        pexact  29.80 cell  76.35 fidH 0.9101 fidL 0.8525 (10s)
  H=3 nsup=16 w5c        pexact  30.40 cell  77.24 fidH 0.9387 fidL 0.9060 (11s)
  H=3 nsup=16 w5a        pexact  31.30 cell  77.61 fidH 0.9389 fidL 0.9150 (11s)
  H=3 nsup=16 w4t        pexact  13.20 cell  68.54 fidH 0.7532 fidL 0.6428 (11s)
  H=3 nsup=16 w4c        pexact  27.60 cell  76.17 fidH 0.8994 fidL 0.8327 (11s)
  H=3 nsup=16 w4a        pexact  28.20 cell  76.10 fidH 0.9151 fidL 0.8592 (12s)
  H=3 nsup=16 w4g128     pexact  27.10 cell  75.99 fidH 0.9145 fidL 0.8621 (11s)
  H=3 nsup=16 w4g32      pexact  29.60 cell  77.10 fidH 0.9257 fidL 0.8815 (11s)
  H=3 nsup=16 w3t        pexact   0.00 cell  37.34 fidH 0.1592 fidL 0.2466 (11s)
  H=3 nsup=16 w3c        pexact   0.80 cell  55.53 fidH 0.5305 fidL 0.4435 (11s)
  H=3 nsup=16 w3a        pexact  12.60 cell  68.34 fidH 0.7335 fidL 0.6145 (11s)
  H=3 nsup=16 w3g32      pexact  21.90 cell  73.62 fidH 0.8579 fidL 0.7640 (13s)
  H=3 nsup=16 w2t        pexact   0.00 cell  11.11 fidH 0.0524 fidL 0.2595 (11s)
  H=3 nsup=16 w2c        pexact   0.00 cell   0.00 fidH -0.0268 fidL 0.1325 (11s)
  H=3 nsup=16 w2a        pexact   0.00 cell  35.57 fidH 0.1406 fidL 0.2258 (13s)
  H=3 nsup=16 w2g32      pexact   0.00 cell  44.92 fidH 0.2886 fidL 0.2989 (11s)
wrote /home/ubuntu/breadth/results/variant_trm_sudoku_attn_w256_s2_52080.json 23 records
variant checkpoint /home/ubuntu/edgetrm_src/TinyRecursiveModels/checkpoints/Sudoku-extreme-1k-aug-1000-ACT-torch/trm_sudoku_attn_w512_s1/step_6510: arch {'H_cycles': 3, 'H_layers': 0, 'L_cycles': 6, 'L_layers': 2, 'expansion': 4, 'forward_dtype': 'bfloat16', 'halt_exploration_prob': 0.1, 'halt_max_steps': 16, 'hidden_size': 512, 'loss': {'loss_type': 'stablemax_cross_entropy', 'name': 'losses@ACTLossHead'}, 'mlp_t': False, 'name': 'recursive_reasoning.trm@TinyRecursiveReasoningModel_ACTV1', 'no_ACT_continue': True, 'num_heads': 8, 'pos_encodings': 'rope', 'puzzle_emb_len': 16, 'puzzle_emb_ndim': 512}
sudoku_attn: 1000 puzzles, batch 256, H=[3], nsup=[16], quants=['fp32', 'w8t', 'w8c', 'w8a', 'w6t', 'w6c', 'w6a', 'w5t', 'w5c', 'w5a', 'w4t', 'w4c', 'w4a', 'w4g128', 'w4g32', 'w3t', 'w3c', 'w3a', 'w3g32', 'w2t', 'w2c', 'w2a', 'w2g32']; 0 records already
  H=3 nsup=16 fp32       pexact   8.70 cell  68.85
  H=3 nsup=16 w8t        pexact   9.10 cell  68.87 fidH 0.9993 fidL 0.9992 (33s)
  H=3 nsup=16 w8c        pexact   8.80 cell  68.83 fidH 0.9990 fidL 0.9992 (33s)
  H=3 nsup=16 w8a        pexact   8.70 cell  68.83 fidH 0.9996 fidL 0.9997 (32s)
  H=3 nsup=16 w6t        pexact   8.20 cell  68.78 fidH 0.9939 fidL 0.9945 (33s)
  H=3 nsup=16 w6c        pexact   8.80 cell  68.87 fidH 0.9951 fidL 0.9959 (32s)
  H=3 nsup=16 w6a        pexact   9.50 cell  68.85 fidH 0.9956 fidL 0.9961 (32s)
  H=3 nsup=16 w5t        pexact   7.70 cell  68.50 fidH 0.9862 fidL 0.9888 (33s)
  H=3 nsup=16 w5c        pexact   8.20 cell  68.76 fidH 0.9911 fidL 0.9926 (32s)
  H=3 nsup=16 w5a        pexact   8.50 cell  68.90 fidH 0.9915 fidL 0.9926 (32s)
  H=3 nsup=16 w4t        pexact   6.10 cell  67.99 fidH 0.9640 fidL 0.9703 (32s)
  H=3 nsup=16 w4c        pexact   7.60 cell  68.36 fidH 0.9774 fidL 0.9810 (33s)
  H=3 nsup=16 w4a        pexact   7.50 cell  68.27 fidH 0.9796 fidL 0.9833 (32s)
  H=3 nsup=16 w4g128     pexact   7.80 cell  68.39 fidH 0.9796 fidL 0.9827 (32s)
  H=3 nsup=16 w4g32      pexact   7.60 cell  68.55 fidH 0.9830 fidL 0.9857 (32s)
  H=3 nsup=16 w3t        pexact   1.10 cell  63.32 fidH 0.8514 fidL 0.8948 (32s)
  H=3 nsup=16 w3c        pexact   2.90 cell  66.03 fidH 0.9240 fidL 0.9383 (34s)
  H=3 nsup=16 w3a        pexact   4.00 cell  66.56 fidH 0.9417 fidL 0.9531 (32s)
  H=3 nsup=16 w3g32      pexact   4.10 cell  66.87 fidH 0.9431 fidL 0.9504 (32s)
  H=3 nsup=16 w2t        pexact   0.00 cell  11.31 fidH 0.0258 fidL 0.0847 (32s)
  H=3 nsup=16 w2c        pexact   0.00 cell  29.58 fidH 0.1394 fidL 0.3134 (33s)
  H=3 nsup=16 w2a        pexact   0.00 cell  48.99 fidH 0.5316 fidL 0.6073 (32s)
  H=3 nsup=16 w2g32      pexact   0.00 cell  44.42 fidH 0.4760 fidL 0.6123 (32s)
wrote /home/ubuntu/breadth/results/variant_trm_sudoku_attn_w512_s1_6510.json 23 records
variant checkpoint /home/ubuntu/edgetrm_src/TinyRecursiveModels/checkpoints/Sudoku-extreme-1k-aug-1000-ACT-torch/trm_sudoku_attn_w512_s1/step_26040: arch {'H_cycles': 3, 'H_layers': 0, 'L_cycles': 6, 'L_layers': 2, 'expansion': 4, 'forward_dtype': 'bfloat16', 'halt_exploration_prob': 0.1, 'halt_max_steps': 16, 'hidden_size': 512, 'loss': {'loss_type': 'stablemax_cross_entropy', 'name': 'losses@ACTLossHead'}, 'mlp_t': False, 'name': 'recursive_reasoning.trm@TinyRecursiveReasoningModel_ACTV1', 'no_ACT_continue': True, 'num_heads': 8, 'pos_encodings': 'rope', 'puzzle_emb_len': 16, 'puzzle_emb_ndim': 512}
sudoku_attn: 1000 puzzles, batch 256, H=[3], nsup=[16], quants=['fp32', 'w8t', 'w8c', 'w8a', 'w6t', 'w6c', 'w6a', 'w5t', 'w5c', 'w5a', 'w4t', 'w4c', 'w4a', 'w4g128', 'w4g32', 'w3t', 'w3c', 'w3a', 'w3g32', 'w2t', 'w2c', 'w2a', 'w2g32']; 0 records already
  H=3 nsup=16 fp32       pexact  46.70 cell  81.61
variant checkpoint /home/ubuntu/edgetrm_src/TinyRecursiveModels/checkpoints/Sudoku-extreme-1k-aug-1000-ACT-torch/trm_sudoku_attn_w256_s2/step_65100: arch {'H_cycles': 3, 'H_layers': 0, 'L_cycles': 6, 'L_layers': 2, 'expansion': 4, 'forward_dtype': 'bfloat16', 'halt_exploration_prob': 0.1, 'halt_max_steps': 16, 'hidden_size': 256, 'loss': {'loss_type': 'stablemax_cross_entropy', 'name': 'losses@ACTLossHead'}, 'mlp_t': False, 'name': 'recursive_reasoning.trm@TinyRecursiveReasoningModel_ACTV1', 'no_ACT_continue': True, 'num_heads': 4, 'pos_encodings': 'rope', 'puzzle_emb_len': 16, 'puzzle_emb_ndim': 256}
sudoku_attn: 1000 puzzles, batch 256, H=[3], nsup=[1, 4, 16], quants=['fp32', 'w8t', 'w8c', 'w8a', 'w6t', 'w6c', 'w6a', 'w5t', 'w5c', 'w5a', 'w4t', 'w4c', 'w4a', 'w4g128', 'w4g32', 'w3t', 'w3c', 'w3a', 'w3g32', 'w2t', 'w2c', 'w2a', 'w2g32']; 301 records already
  H=3 nsup=16 fp32       pexact  28.20 cell  75.90
  H=3 nsup=16 w8t        pexact  27.30 cell  75.33 fidH 0.9361 fidL 0.8956 (10s)
  H=3 nsup=16 w8c        pexact  28.60 cell  76.01 fidH 0.9439 fidL 0.9069 (10s)
  H=3 nsup=16 w8a        pexact  27.50 cell  75.73 fidH 0.9425 fidL 0.9044 (11s)
  H=3 nsup=16 w6t        pexact  22.40 cell  74.02 fidH 0.8888 fidL 0.8173 (11s)
  H=3 nsup=16 w6c        pexact  25.20 cell  74.63 fidH 0.9129 fidL 0.8618 (11s)
  H=3 nsup=16 w6a        pexact  28.30 cell  75.78 fidH 0.9307 fidL 0.8863 (11s)
  H=3 nsup=16 w5t        pexact  18.50 cell  72.37 fidH 0.8561 fidL 0.7631 (10s)
  H=3 nsup=16 w5c        pexact  29.00 cell  76.23 fidH 0.9138 fidL 0.8580 (11s)
  H=3 nsup=16 w5a        pexact  27.50 cell  75.86 fidH 0.9131 fidL 0.8573 (11s)
  H=3 nsup=16 w4t        pexact   5.70 cell  68.32 fidH 0.7530 fidL 0.6167 (10s)
  H=3 nsup=16 w4c        pexact  27.10 cell  75.59 fidH 0.8812 fidL 0.7947 (10s)
  H=3 nsup=16 w4a        pexact  29.50 cell  76.34 fidH 0.8825 fidL 0.7971 (11s)
  H=3 nsup=16 w4g128     pexact  18.00 cell  72.48 fidH 0.8711 fidL 0.7871 (11s)
  H=3 nsup=16 w4g32      pexact  30.30 cell  76.44 fidH 0.9018 fidL 0.8343 (11s)
  H=3 nsup=16 w3t        pexact   0.00 cell  28.17 fidH 0.1953 fidL 0.1015 (10s)
  H=3 nsup=16 w3c        pexact   2.60 cell  59.61 fidH 0.5909 fidL 0.4163 (11s)
  H=3 nsup=16 w3a        pexact  12.50 cell  68.45 fidH 0.7462 fidL 0.5967 (11s)
  H=3 nsup=16 w3g32      pexact  19.70 cell  72.33 fidH 0.8216 fidL 0.6962 (11s)
  H=3 nsup=16 w2t        pexact   0.00 cell   7.58 fidH 0.0137 fidL 0.2345 (11s)
  H=3 nsup=16 w2c        pexact   0.00 cell  12.68 fidH 0.0300 fidL -0.0544 (10s)
  H=3 nsup=16 w2a        pexact   0.00 cell  33.26 fidH 0.2267 fidL 0.1582 (11s)
  H=3 nsup=16 w2g32      pexact   0.00 cell  19.91 fidH 0.1407 fidL 0.0835 (11s)
wrote /home/ubuntu/breadth/results/variant_trm_sudoku_attn_w256_s2_65100.json 324 records
variant checkpoint /home/ubuntu/edgetrm_src/TinyRecursiveModels/checkpoints/Sudoku-extreme-1k-aug-1000-ACT-torch/trm_sudoku_attn_w512_s1/step_32550: arch {'H_cycles': 3, 'H_layers': 0, 'L_cycles': 6, 'L_layers': 2, 'expansion': 4, 'forward_dtype': 'bfloat16', 'halt_exploration_prob': 0.1, 'halt_max_steps': 16, 'hidden_size': 512, 'loss': {'loss_type': 'stablemax_cross_entropy', 'name': 'losses@ACTLossHead'}, 'mlp_t': False, 'name': 'recursive_reasoning.trm@TinyRecursiveReasoningModel_ACTV1', 'no_ACT_continue': True, 'num_heads': 8, 'pos_encodings': 'rope', 'puzzle_emb_len': 16, 'puzzle_emb_ndim': 512}
sudoku_attn: 1000 puzzles, batch 256, H=[3], nsup=[16], quants=['fp32', 'w8t', 'w8c', 'w8a', 'w6t', 'w6c', 'w6a', 'w5t', 'w5c', 'w5a', 'w4t', 'w4c', 'w4a', 'w4g128', 'w4g32', 'w3t', 'w3c', 'w3a', 'w3g32', 'w2t', 'w2c', 'w2a', 'w2g32']; 0 records already
  H=3 nsup=16 fp32       pexact  48.40 cell  82.51
  H=3 nsup=16 w8t        pexact  46.50 cell  82.42 fidH 0.8840 fidL 0.7873 (32s)
  H=3 nsup=16 w8c        pexact  48.00 cell  82.63 fidH 0.8945 fidL 0.8041 (32s)
  H=3 nsup=16 w8a        pexact  49.70 cell  82.98 fidH 0.8930 fidL 0.8013 (33s)
  H=3 nsup=16 w6t        pexact  46.60 cell  82.34 fidH 0.8748 fidL 0.7713 (32s)
  H=3 nsup=16 w6c        pexact  48.80 cell  82.64 fidH 0.8853 fidL 0.7934 (32s)
  H=3 nsup=16 w6a        pexact  47.80 cell  82.41 fidH 0.8872 fidL 0.7932 (32s)
  H=3 nsup=16 w5t        pexact  44.40 cell  81.87 fidH 0.8582 fidL 0.7474 (32s)
  H=3 nsup=16 w5c        pexact  48.40 cell  82.53 fidH 0.8795 fidL 0.7849 (32s)
variant checkpoint /home/ubuntu/edgetrm_src/TinyRecursiveModels/checkpoints/Sudoku-extreme-1k-aug-1000-ACT-torch/trm_sudoku_attn_w512_s1/step_19530: arch {'H_cycles': 3, 'H_layers': 0, 'L_cycles': 6, 'L_layers': 2, 'expansion': 4, 'forward_dtype': 'bfloat16', 'halt_exploration_prob': 0.1, 'halt_max_steps': 16, 'hidden_size': 512, 'loss': {'loss_type': 'stablemax_cross_entropy', 'name': 'losses@ACTLossHead'}, 'mlp_t': False, 'name': 'recursive_reasoning.trm@TinyRecursiveReasoningModel_ACTV1', 'no_ACT_continue': True, 'num_heads': 8, 'pos_encodings': 'rope', 'puzzle_emb_len': 16, 'puzzle_emb_ndim': 512}
sudoku_attn: 1000 puzzles, batch 1000, H=[3], nsup=[16], quants=['fp32', 'w8t', 'w8c', 'w8a', 'w6t', 'w6c', 'w6a', 'w5t', 'w5c', 'w5a', 'w4t', 'w4c', 'w4a', 'w4g128', 'w4g32', 'w3t', 'w3c', 'w3a', 'w3g32', 'w2t', 'w2c', 'w2a', 'w2g32']; 10 records already
variant checkpoint /home/ubuntu/edgetrm_src/TinyRecursiveModels/checkpoints/Sudoku-extreme-1k-aug-1000-ACT-torch/trm_sudoku_attn_w512_s1/step_45570: arch {'H_cycles': 3, 'H_layers': 0, 'L_cycles': 6, 'L_layers': 2, 'expansion': 4, 'forward_dtype': 'bfloat16', 'halt_exploration_prob': 0.1, 'halt_max_steps': 16, 'hidden_size': 512, 'loss': {'loss_type': 'stablemax_cross_entropy', 'name': 'losses@ACTLossHead'}, 'mlp_t': False, 'name': 'recursive_reasoning.trm@TinyRecursiveReasoningModel_ACTV1', 'no_ACT_continue': True, 'num_heads': 8, 'pos_encodings': 'rope', 'puzzle_emb_len': 16, 'puzzle_emb_ndim': 512}
sudoku_attn: 1000 puzzles, batch 1000, H=[3], nsup=[16], quants=['fp32', 'w8t', 'w8c', 'w8a', 'w6t', 'w6c', 'w6a', 'w5t', 'w5c', 'w5a', 'w4t', 'w4c', 'w4a', 'w4g128', 'w4g32', 'w3t', 'w3c', 'w3a', 'w3g32', 'w2t', 'w2c', 'w2a', 'w2g32']; 0 records already
  H=3 nsup=16 fp32       pexact  55.90 cell  84.55
  H=3 nsup=16 w4t        pexact  30.60 cell  77.91 fidH 0.8749 fidL 0.7802 (74s)
  H=3 nsup=16 w8t        pexact  56.30 cell  84.25 fidH 0.9348 fidL 0.8576 (77s)
  H=3 nsup=16 w4c        pexact  44.10 cell  80.68 fidH 0.9325 fidL 0.8779 (74s)
variant checkpoint /home/ubuntu/edgetrm_src/TinyRecursiveModels/checkpoints/Sudoku-extreme-1k-aug-1000-ACT-torch/trm_sudoku_attn_w512_s1/step_19530: arch {'H_cycles': 3, 'H_layers': 0, 'L_cycles': 6, 'L_layers': 2, 'expansion': 4, 'forward_dtype': 'bfloat16', 'halt_exploration_prob': 0.1, 'halt_max_steps': 16, 'hidden_size': 512, 'loss': {'loss_type': 'stablemax_cross_entropy', 'name': 'losses@ACTLossHead'}, 'mlp_t': False, 'name': 'recursive_reasoning.trm@TinyRecursiveReasoningModel_ACTV1', 'no_ACT_continue': True, 'num_heads': 8, 'pos_encodings': 'rope', 'puzzle_emb_len': 16, 'puzzle_emb_ndim': 512}
sudoku_attn: 1000 puzzles, batch 256, H=[3], nsup=[16], quants=['fp32', 'w8t', 'w8c', 'w8a', 'w6t', 'w6c', 'w6a', 'w5t', 'w5c', 'w5a', 'w4t', 'w4c', 'w4a', 'w4g128', 'w4g32', 'w3t', 'w3c', 'w3a', 'w3g32', 'w2t', 'w2c', 'w2a', 'w2g32']; 12 records already
  H=3 nsup=16 w4a        pexact  44.20 cell  80.77 fidH 0.9379 fidL 0.8854 (32s)
  H=3 nsup=16 w4g128     pexact  44.30 cell  80.60 fidH 0.9378 fidL 0.8850 (32s)
  H=3 nsup=16 w4g32      pexact  42.80 cell  80.34 fidH 0.9395 fidL 0.8854 (32s)
  H=3 nsup=16 w3t        pexact   0.70 cell  60.32 fidH 0.6004 fidL 0.4819 (32s)
  H=3 nsup=16 w3c        pexact  36.80 cell  78.08 fidH 0.8754 fidL 0.7843 (32s)
  H=3 nsup=16 w3a        pexact  35.70 cell  78.91 fidH 0.8718 fidL 0.7801 (32s)
  H=3 nsup=16 w3g32      pexact  34.50 cell  78.64 fidH 0.8846 fidL 0.7986 (32s)
  H=3 nsup=16 w2t        pexact   0.00 cell   3.46 fidH -0.0229 fidL 0.1678 (32s)
  H=3 nsup=16 w2c        pexact   0.00 cell  33.78 fidH 0.0105 fidL 0.0940 (32s)
  H=3 nsup=16 w2a        pexact  19.70 cell  69.27 fidH 0.6660 fidL 0.5363 (32s)
  H=3 nsup=16 w2g32      pexact   1.80 cell  60.58 fidH 0.5148 fidL 0.4408 (32s)
wrote /home/ubuntu/breadth/results/variant_trm_sudoku_attn_w512_s1_19530.json 23 records
variant checkpoint /home/ubuntu/edgetrm_src/TinyRecursiveModels/checkpoints/Sudoku-extreme-1k-aug-1000-ACT-torch/trm_sudoku_attn_w512_s1/step_52080: arch {'H_cycles': 3, 'H_layers': 0, 'L_cycles': 6, 'L_layers': 2, 'expansion': 4, 'forward_dtype': 'bfloat16', 'halt_exploration_prob': 0.1, 'halt_max_steps': 16, 'hidden_size': 512, 'loss': {'loss_type': 'stablemax_cross_entropy', 'name': 'losses@ACTLossHead'}, 'mlp_t': False, 'name': 'recursive_reasoning.trm@TinyRecursiveReasoningModel_ACTV1', 'no_ACT_continue': True, 'num_heads': 8, 'pos_encodings': 'rope', 'puzzle_emb_len': 16, 'puzzle_emb_ndim': 512}
sudoku_attn: 1000 puzzles, batch 256, H=[3], nsup=[16], quants=['fp32', 'w8t', 'w8c', 'w8a', 'w6t', 'w6c', 'w6a', 'w5t', 'w5c', 'w5a', 'w4t', 'w4c', 'w4a', 'w4g128', 'w4g32', 'w3t', 'w3c', 'w3a', 'w3g32', 'w2t', 'w2c', 'w2a', 'w2g32']; 2 records already
  H=3 nsup=16 w8c        pexact  54.60 cell  84.16 fidH 0.9102 fidL 0.8196 (32s)
  H=3 nsup=16 w8a        pexact  56.30 cell  84.75 fidH 0.9139 fidL 0.8301 (32s)
  H=3 nsup=16 w6t        pexact  57.30 cell  84.85 fidH 0.8928 fidL 0.8035 (32s)
  H=3 nsup=16 w6c        pexact  56.10 cell  84.52 fidH 0.8953 fidL 0.8055 (32s)
  H=3 nsup=16 w6a        pexact  56.40 cell  84.58 fidH 0.8954 fidL 0.8062 (32s)
  H=3 nsup=16 w5t        pexact  57.30 cell  84.87 fidH 0.8855 fidL 0.7935 (32s)
  H=3 nsup=16 w5c        pexact  56.30 cell  84.32 fidH 0.8873 fidL 0.7945 (32s)
  H=3 nsup=16 w5a        pexact  53.40 cell  83.88 fidH 0.8875 fidL 0.7942 (32s)
  H=3 nsup=16 w4t        pexact  54.30 cell  83.75 fidH 0.8560 fidL 0.7504 (32s)
  H=3 nsup=16 w4c        pexact  56.90 cell  84.78 fidH 0.8756 fidL 0.7743 (32s)
  H=3 nsup=16 w4a        pexact  55.20 cell  84.45 fidH 0.8788 fidL 0.7800 (32s)
  H=3 nsup=16 w4g128     pexact  57.20 cell  84.90 fidH 0.8830 fidL 0.7877 (32s)
  H=3 nsup=16 w4g32      pexact  56.40 cell  84.52 fidH 0.8865 fidL 0.7944 (32s)
  H=3 nsup=16 w3t        pexact   0.00 cell  37.90 fidH 0.0899 fidL 0.1604 (32s)
  H=3 nsup=16 w3c        pexact  55.90 cell  84.02 fidH 0.8309 fidL 0.7024 (32s)
  H=3 nsup=16 w3a        pexact  56.10 cell  84.32 fidH 0.8536 fidL 0.7408 (32s)
  H=3 nsup=16 w3g32      pexact  56.20 cell  84.34 fidH 0.8635 fidL 0.7582 (32s)
  H=3 nsup=16 w2t        pexact   0.00 cell   3.46 fidH 0.0109 fidL 0.1619 (32s)
  H=3 nsup=16 w2c        pexact   0.00 cell  18.99 fidH 0.0540 fidL 0.1058 (32s)
variant checkpoint /home/ubuntu/edgetrm_src/TinyRecursiveModels/checkpoints/Sudoku-extreme-1k-aug-1000-ACT-torch/trm_sudoku_attn_w512_s1/step_52080: arch {'H_cycles': 3, 'H_layers': 0, 'L_cycles': 6, 'L_layers': 2, 'expansion': 4, 'forward_dtype': 'bfloat16', 'halt_exploration_prob': 0.1, 'halt_max_steps': 16, 'hidden_size': 512, 'loss': {'loss_type': 'stablemax_cross_entropy', 'name': 'losses@ACTLossHead'}, 'mlp_t': False, 'name': 'recursive_reasoning.trm@TinyRecursiveReasoningModel_ACTV1', 'no_ACT_continue': True, 'num_heads': 8, 'pos_encodings': 'rope', 'puzzle_emb_len': 16, 'puzzle_emb_ndim': 512}
sudoku_attn: 1000 puzzles, batch 256, H=[3], nsup=[16], quants=['fp32', 'w8t', 'w8c', 'w8a', 'w6t', 'w6c', 'w6a', 'w5t', 'w5c', 'w5a', 'w4t', 'w4c', 'w4a', 'w4g128', 'w4g32', 'w3t', 'w3c', 'w3a', 'w3g32', 'w2t', 'w2c', 'w2a', 'w2g32']; 21 records already
  H=3 nsup=16 w2a        pexact   0.10 cell  58.71 fidH 0.3078 fidL 0.2975 (32s)
  H=3 nsup=16 w2g32      pexact   1.50 cell  57.64 fidH 0.3504 fidL 0.3117 (32s)
wrote /home/ubuntu/breadth/results/variant_trm_sudoku_attn_w512_s1_52080.json 23 records
variant checkpoint /home/ubuntu/edgetrm_src/TinyRecursiveModels/checkpoints/Sudoku-extreme-1k-aug-1000-ACT-torch/trm_sudoku_attn_w512_s2/step_19530: arch {'H_cycles': 3, 'H_layers': 0, 'L_cycles': 6, 'L_layers': 2, 'expansion': 4, 'forward_dtype': 'bfloat16', 'halt_exploration_prob': 0.1, 'halt_max_steps': 16, 'hidden_size': 512, 'loss': {'loss_type': 'stablemax_cross_entropy', 'name': 'losses@ACTLossHead'}, 'mlp_t': False, 'name': 'recursive_reasoning.trm@TinyRecursiveReasoningModel_ACTV1', 'no_ACT_continue': True, 'num_heads': 8, 'pos_encodings': 'rope', 'puzzle_emb_len': 16, 'puzzle_emb_ndim': 512}
sudoku_attn: 1000 puzzles, batch 256, H=[3], nsup=[16], quants=['fp32', 'w8t', 'w8c', 'w8a', 'w6t', 'w6c', 'w6a', 'w5t', 'w5c', 'w5a', 'w4t', 'w4c', 'w4a', 'w4g128', 'w4g32', 'w3t', 'w3c', 'w3a', 'w3g32', 'w2t', 'w2c', 'w2a', 'w2g32']; 0 records already
  H=3 nsup=16 fp32       pexact  47.40 cell  81.49
  H=3 nsup=16 w8t        pexact  47.70 cell  81.54 fidH 0.9811 fidL 0.9557 (32s)
  H=3 nsup=16 w8c        pexact  47.20 cell  81.40 fidH 0.9821 fidL 0.9585 (32s)
  H=3 nsup=16 w8a        pexact  46.80 cell  81.45 fidH 0.9816 fidL 0.9592 (32s)
  H=3 nsup=16 w6t        pexact  47.80 cell  81.55 fidH 0.9708 fidL 0.9400 (32s)
  H=3 nsup=16 w6c        pexact  47.80 cell  81.54 fidH 0.9775 fidL 0.9513 (32s)
  H=3 nsup=16 w6a        pexact  47.70 cell  81.58 fidH 0.9793 fidL 0.9533 (32s)
  H=3 nsup=16 w5t        pexact  46.10 cell  81.35 fidH 0.9556 fidL 0.9175 (32s)
  H=3 nsup=16 w5c        pexact  48.60 cell  81.90 fidH 0.9707 fidL 0.9403 (32s)
  H=3 nsup=16 w5a        pexact  47.00 cell  81.38 fidH 0.9690 fidL 0.9381 (32s)
  H=3 nsup=16 w4t        pexact  43.00 cell  80.48 fidH 0.9369 fidL 0.8836 (32s)
  H=3 nsup=16 w4c        pexact  45.60 cell  80.96 fidH 0.9567 fidL 0.9175 (32s)
  H=3 nsup=16 w4a        pexact  45.90 cell  81.18 fidH 0.9610 fidL 0.9246 (32s)
  H=3 nsup=16 w4g128     pexact  47.70 cell  81.74 fidH 0.9635 fidL 0.9295 (32s)
  H=3 nsup=16 w4g32      pexact  46.60 cell  81.38 fidH 0.9607 fidL 0.9254 (32s)
  H=3 nsup=16 w3t        pexact   0.20 cell  58.70 fidH 0.5903 fidL 0.4803 (32s)
  H=3 nsup=16 w3c        pexact  45.30 cell  80.69 fidH 0.9198 fidL 0.8542 (32s)
  H=3 nsup=16 w3a        pexact  47.30 cell  81.32 fidH 0.9272 fidL 0.8660 (32s)
  H=3 nsup=16 w3g32      pexact  45.50 cell  80.98 fidH 0.9453 fidL 0.8981 (32s)
  H=3 nsup=16 w2t        pexact   0.00 cell   3.46 fidH -0.0194 fidL 0.1254 (32s)
  H=3 nsup=16 w2c        pexact   0.00 cell   7.90 fidH 0.0192 fidL 0.0462 (32s)
  H=3 nsup=16 w2a        pexact  13.70 cell  67.26 fidH 0.6842 fidL 0.5267 (32s)
  H=3 nsup=16 w2g32      pexact   0.20 cell  54.63 fidH 0.5076 fidL 0.4251 (32s)
wrote /home/ubuntu/breadth/results/variant_trm_sudoku_attn_w512_s2_19530.json 23 records
variant checkpoint /home/ubuntu/edgetrm_src/TinyRecursiveModels/checkpoints/Sudoku-extreme-1k-aug-1000-ACT-torch/trm_sudoku_mlp_w256_s0/step_52080: arch {'H_cycles': 3, 'H_layers': 0, 'L_cycles': 6, 'L_layers': 2, 'expansion': 4, 'forward_dtype': 'bfloat16', 'halt_exploration_prob': 0.1, 'halt_max_steps': 16, 'hidden_size': 256, 'loss': {'loss_type': 'stablemax_cross_entropy', 'name': 'losses@ACTLossHead'}, 'mlp_t': True, 'name': 'recursive_reasoning.trm@TinyRecursiveReasoningModel_ACTV1', 'no_ACT_continue': True, 'num_heads': 4, 'pos_encodings': 'none', 'puzzle_emb_len': 16, 'puzzle_emb_ndim': 256}
sudoku_mlp: 1000 puzzles, batch 256, H=[3], nsup=[16], quants=['fp32', 'w8t', 'w8c', 'w8a', 'w6t', 'w6c', 'w6a', 'w5t', 'w5c', 'w5a', 'w4t', 'w4c', 'w4a', 'w4g128', 'w4g32', 'w3t', 'w3c', 'w3a', 'w3g32', 'w2t', 'w2c', 'w2a', 'w2g32']; 0 records already
  H=3 nsup=16 fp32       pexact  57.40 cell  84.70
  H=3 nsup=16 w8t        pexact  58.00 cell  85.02 fidH 0.9677 fidL 0.9466 (12s)
  H=3 nsup=16 w8c        pexact  57.90 cell  84.80 fidH 0.9739 fidL 0.9560 (12s)
  H=3 nsup=16 w8a        pexact  58.40 cell  84.93 fidH 0.9770 fidL 0.9599 (12s)
  H=3 nsup=16 w6t        pexact  55.60 cell  84.04 fidH 0.9464 fidL 0.9180 (13s)
  H=3 nsup=16 w6c        pexact  58.50 cell  84.97 fidH 0.9693 fidL 0.9497 (12s)
  H=3 nsup=16 w6a        pexact  58.50 cell  84.94 fidH 0.9650 fidL 0.9439 (12s)
  H=3 nsup=16 w5t        pexact  31.10 cell  76.22 fidH 0.8294 fidL 0.7604 (12s)
  H=3 nsup=16 w5c        pexact  58.10 cell  84.87 fidH 0.9501 fidL 0.9234 (12s)
  H=3 nsup=16 w5a        pexact  58.50 cell  84.93 fidH 0.9609 fidL 0.9399 (12s)
  H=3 nsup=16 w4t        pexact   0.00 cell  23.03 fidH 0.2464 fidL 0.3387 (12s)
  H=3 nsup=16 w4c        pexact  53.80 cell  82.81 fidH 0.9113 fidL 0.8750 (11s)
  H=3 nsup=16 w4a        pexact  57.90 cell  84.35 fidH 0.9203 fidL 0.8841 (12s)
  H=3 nsup=16 w4g128     pexact  54.20 cell  83.73 fidH 0.9153 fidL 0.8783 (12s)
  H=3 nsup=16 w4g32      pexact  55.60 cell  83.97 fidH 0.9427 fidL 0.9151 (13s)
  H=3 nsup=16 w3t        pexact   0.00 cell   8.78 fidH 0.0597 fidL 0.0672 (12s)
  H=3 nsup=16 w3c        pexact   4.00 cell  58.89 fidH 0.5411 fidL 0.5644 (11s)
  H=3 nsup=16 w3a        pexact  19.90 cell  67.31 fidH 0.6641 fidL 0.6242 (12s)
  H=3 nsup=16 w3g32      pexact  31.70 cell  74.70 fidH 0.7828 fidL 0.7221 (12s)
  H=3 nsup=16 w2t        pexact   0.00 cell  14.65 fidH 0.0449 fidL 0.1177 (12s)
  H=3 nsup=16 w2c        pexact   0.00 cell  13.86 fidH 0.0569 fidL 0.0776 (12s)
  H=3 nsup=16 w2a        pexact   0.00 cell  29.14 fidH 0.2369 fidL 0.2406 (12s)
  H=3 nsup=16 w2g32      pexact   0.00 cell  23.76 fidH 0.2060 fidL 0.2199 (12s)
wrote /home/ubuntu/breadth/results/variant_trm_sudoku_mlp_w256_s0_52080.json 23 records
variant checkpoint /home/ubuntu/edgetrm_src/TinyRecursiveModels/checkpoints/Sudoku-extreme-1k-aug-1000-ACT-torch/trm_sudoku_mlp_w256_s0/step_65100: arch {'H_cycles': 3, 'H_layers': 0, 'L_cycles': 6, 'L_layers': 2, 'expansion': 4, 'forward_dtype': 'bfloat16', 'halt_exploration_prob': 0.1, 'halt_max_steps': 16, 'hidden_size': 256, 'loss': {'loss_type': 'stablemax_cross_entropy', 'name': 'losses@ACTLossHead'}, 'mlp_t': True, 'name': 'recursive_reasoning.trm@TinyRecursiveReasoningModel_ACTV1', 'no_ACT_continue': True, 'num_heads': 4, 'pos_encodings': 'none', 'puzzle_emb_len': 16, 'puzzle_emb_ndim': 256}
sudoku_mlp: 1000 puzzles, batch 256, H=[3], nsup=[1, 4, 16], quants=['fp32', 'w8t', 'w8c', 'w8a', 'w6t', 'w6c', 'w6a', 'w5t', 'w5c', 'w5a', 'w4t', 'w4c', 'w4a', 'w4g128', 'w4g32', 'w3t', 'w3c', 'w3a', 'w3g32', 'w2t', 'w2c', 'w2a', 'w2g32']; 0 records already
  H=3 nsup=1 fp32       pexact   2.40 cell  69.54
  H=3 nsup=1 w8t        pexact   2.30 cell  69.60 fidH 0.9982 fidL 0.9953 (2s)
  H=3 nsup=1 w8c        pexact   2.40 cell  69.57 fidH 0.9998 fidL 0.9995 (2s)
  H=3 nsup=1 w8a        pexact   2.40 cell  69.49 fidH 0.9998 fidL 0.9995 (2s)
  H=3 nsup=1 w6t        pexact   2.20 cell  69.07 fidH 0.9809 fidL 0.9549 (2s)
  H=3 nsup=1 w6c        pexact   2.30 cell  69.48 fidH 0.9969 fidL 0.9918 (2s)
  H=3 nsup=1 w6a        pexact   2.30 cell  69.53 fidH 0.9973 fidL 0.9928 (2s)
  H=3 nsup=1 w5t        pexact   2.10 cell  66.80 fidH 0.9057 fidL 0.7815 (2s)
  H=3 nsup=1 w5c        pexact   2.30 cell  69.34 fidH 0.9869 fidL 0.9660 (2s)
  H=3 nsup=1 w5a        pexact   2.30 cell  69.21 fidH 0.9908 fidL 0.9764 (2s)
  H=3 nsup=1 w4t        pexact   0.00 cell  22.03 fidH 0.1774 fidL 0.2215 (2s)
  H=3 nsup=1 w4c        pexact   2.30 cell  68.68 fidH 0.9573 fidL 0.8942 (2s)
  H=3 nsup=1 w4a        pexact   2.40 cell  68.99 fidH 0.9663 fidL 0.9174 (2s)
  H=3 nsup=1 w4g128     pexact   2.50 cell  69.16 fidH 0.9688 fidL 0.9217 (2s)
  H=3 nsup=1 w4g32      pexact   2.10 cell  69.29 fidH 0.9781 fidL 0.9437 (2s)
  H=3 nsup=1 w3t        pexact   0.00 cell  13.07 fidH 0.0336 fidL 0.0497 (2s)
  H=3 nsup=1 w3c        pexact   0.00 cell  48.56 fidH 0.4665 fidL 0.4217 (2s)
  H=3 nsup=1 w3a        pexact   2.10 cell  65.00 fidH 0.8309 fidL 0.6820 (2s)
  H=3 nsup=1 w3g32      pexact   2.10 cell  67.60 fidH 0.8997 fidL 0.8092 (2s)
  H=3 nsup=1 w2t        pexact   0.00 cell  21.40 fidH 0.0135 fidL 0.0760 (3s)
  H=3 nsup=1 w2c        pexact   0.00 cell   7.69 fidH 0.0444 fidL 0.0414 (2s)
  H=3 nsup=1 w2a        pexact   0.00 cell  28.78 fidH 0.1718 fidL 0.1336 (2s)
  H=3 nsup=1 w2g32      pexact   0.00 cell  25.55 fidH 0.1376 fidL 0.1243 (2s)
  H=3 nsup=4 fp32       pexact  44.40 cell  82.02
  H=3 nsup=4 w8t        pexact  43.00 cell  81.67 fidH 0.9401 fidL 0.8939 (4s)
  H=3 nsup=4 w8c        pexact  44.60 cell  81.86 fidH 0.9603 fidL 0.9262 (4s)
  H=3 nsup=4 w8a        pexact  45.50 cell  82.21 fidH 0.9596 fidL 0.9264 (4s)
  H=3 nsup=4 w6t        pexact  40.60 cell  80.81 fidH 0.9051 fidL 0.8442 (4s)
  H=3 nsup=4 w6c        pexact  43.80 cell  81.83 fidH 0.9364 fidL 0.8891 (4s)
  H=3 nsup=4 w6a        pexact  43.70 cell  81.87 fidH 0.9362 fidL 0.8872 (4s)
  H=3 nsup=4 w5t        pexact  26.50 cell  75.72 fidH 0.8347 fidL 0.7540 (4s)
  H=3 nsup=4 w5c        pexact  42.80 cell  81.37 fidH 0.9218 fidL 0.8667 (4s)
  H=3 nsup=4 w5a        pexact  40.90 cell  80.84 fidH 0.9193 fidL 0.8633 (4s)
  H=3 nsup=4 w4t        pexact   0.00 cell  21.92 fidH 0.2046 fidL 0.2876 (4s)
  H=3 nsup=4 w4c        pexact  38.20 cell  79.53 fidH 0.8728 fidL 0.7977 (4s)
  H=3 nsup=4 w4a        pexact  41.00 cell  80.63 fidH 0.8904 fidL 0.8260 (4s)
  H=3 nsup=4 w4g128     pexact  39.00 cell  80.30 fidH 0.8921 fidL 0.8258 (4s)
  H=3 nsup=4 w4g32      pexact  44.20 cell  81.69 fidH 0.8989 fidL 0.8364 (4s)
  H=3 nsup=4 w3t        pexact   0.00 cell   9.37 fidH 0.0348 fidL 0.0528 (4s)
  H=3 nsup=4 w3c        pexact   0.20 cell  48.07 fidH 0.4070 fidL 0.4628 (4s)
  H=3 nsup=4 w3a        pexact  11.50 cell  64.78 fidH 0.6453 fidL 0.5937 (4s)
  H=3 nsup=4 w3g32      pexact  26.60 cell  74.20 fidH 0.7921 fidL 0.7150 (4s)
  H=3 nsup=4 w2t        pexact   0.00 cell  14.72 fidH 0.0310 fidL 0.1135 (4s)
  H=3 nsup=4 w2c        pexact   0.00 cell   6.97 fidH 0.0288 fidL 0.0439 (4s)
  H=3 nsup=4 w2a        pexact   0.00 cell  26.65 fidH 0.1932 fidL 0.1788 (4s)
  H=3 nsup=4 w2g32      pexact   0.00 cell  25.21 fidH 0.1880 fidL 0.1849 (5s)
  H=3 nsup=16 fp32       pexact  59.90 cell  85.68
  H=3 nsup=16 w8t        pexact  61.00 cell  86.10 fidH 0.9559 fidL 0.9317 (12s)
  H=3 nsup=16 w8c        pexact  60.10 cell  85.89 fidH 0.9597 fidL 0.9357 (12s)
  H=3 nsup=16 w8a        pexact  60.60 cell  86.08 fidH 0.9712 fidL 0.9517 (12s)
  H=3 nsup=16 w6t        pexact  60.40 cell  85.76 fidH 0.9189 fidL 0.8860 (12s)
  H=3 nsup=16 w6c        pexact  60.50 cell  85.82 fidH 0.9497 fidL 0.9242 (12s)
  H=3 nsup=16 w6a        pexact  59.50 cell  85.58 fidH 0.9586 fidL 0.9356 (12s)
  H=3 nsup=16 w5t        pexact  40.20 cell  78.67 fidH 0.8339 fidL 0.7738 (12s)
  H=3 nsup=16 w5c        pexact  59.60 cell  85.42 fidH 0.9396 fidL 0.9113 (12s)
  H=3 nsup=16 w5a        pexact  59.30 cell  85.41 fidH 0.9451 fidL 0.9192 (12s)
  H=3 nsup=16 w4t        pexact   0.00 cell  21.17 fidH 0.2200 fidL 0.3095 (12s)
  H=3 nsup=16 w4c        pexact  59.40 cell  84.95 fidH 0.8894 fidL 0.8448 (12s)
  H=3 nsup=16 w4a        pexact  60.30 cell  85.42 fidH 0.9055 fidL 0.8692 (12s)
  H=3 nsup=16 w4g128     pexact  58.00 cell  84.84 fidH 0.9159 fidL 0.8799 (12s)
  H=3 nsup=16 w4g32      pexact  60.50 cell  85.59 fidH 0.9242 fidL 0.8936 (12s)
  H=3 nsup=16 w3t        pexact   0.00 cell   8.29 fidH 0.0373 fidL 0.0546 (12s)
  H=3 nsup=16 w3c        pexact   0.30 cell  46.65 fidH 0.4140 fidL 0.4819 (12s)
  H=3 nsup=16 w3a        pexact  13.50 cell  64.61 fidH 0.5989 fidL 0.5880 (12s)
  H=3 nsup=16 w3g32      pexact  34.90 cell  75.72 fidH 0.7615 fidL 0.7001 (12s)
  H=3 nsup=16 w2t        pexact   0.00 cell  14.57 fidH 0.0380 fidL 0.1269 (12s)
  H=3 nsup=16 w2c        pexact   0.00 cell   9.40 fidH 0.0426 fidL 0.0587 (12s)
  H=3 nsup=16 w2a        pexact   0.00 cell  25.41 fidH 0.2008 fidL 0.1985 (12s)
  H=3 nsup=16 w2g32      pexact   0.00 cell  23.87 fidH 0.2028 fidL 0.2115 (12s)
wrote /home/ubuntu/breadth/results/variant_trm_sudoku_mlp_w256_s0_65100.json 69 records
variant checkpoint /home/ubuntu/edgetrm_src/TinyRecursiveModels/checkpoints/Sudoku-extreme-1k-aug-1000-ACT-torch/trm_sudoku_mlp_w256_s1/step_26040: arch {'H_cycles': 3, 'H_layers': 0, 'L_cycles': 6, 'L_layers': 2, 'expansion': 4, 'forward_dtype': 'bfloat16', 'halt_exploration_prob': 0.1, 'halt_max_steps': 16, 'hidden_size': 256, 'loss': {'loss_type': 'stablemax_cross_entropy', 'name': 'losses@ACTLossHead'}, 'mlp_t': True, 'name': 'recursive_reasoning.trm@TinyRecursiveReasoningModel_ACTV1', 'no_ACT_continue': True, 'num_heads': 4, 'pos_encodings': 'none', 'puzzle_emb_len': 16, 'puzzle_emb_ndim': 256}
sudoku_mlp: 1000 puzzles, batch 256, H=[3], nsup=[16], quants=['fp32', 'w8t', 'w8c', 'w8a', 'w6t', 'w6c', 'w6a', 'w5t', 'w5c', 'w5a', 'w4t', 'w4c', 'w4a', 'w4g128', 'w4g32', 'w3t', 'w3c', 'w3a', 'w3g32', 'w2t', 'w2c', 'w2a', 'w2g32']; 0 records already
  H=3 nsup=16 fp32       pexact  54.40 cell  84.01
  H=3 nsup=16 w8t        pexact  54.40 cell  84.03 fidH 0.9701 fidL 0.9440 (12s)
  H=3 nsup=16 w8c        pexact  55.00 cell  84.08 fidH 0.9772 fidL 0.9573 (12s)
  H=3 nsup=16 w8a        pexact  54.40 cell  83.95 fidH 0.9762 fidL 0.9552 (12s)
  H=3 nsup=16 w6t        pexact  51.20 cell  83.10 fidH 0.9545 fidL 0.9183 (12s)
  H=3 nsup=16 w6c        pexact  54.20 cell  83.86 fidH 0.9636 fidL 0.9350 (12s)
  H=3 nsup=16 w6a        pexact  53.80 cell  83.78 fidH 0.9714 fidL 0.9466 (12s)
  H=3 nsup=16 w5t        pexact  47.90 cell  81.93 fidH 0.9176 fidL 0.8627 (12s)
  H=3 nsup=16 w5c        pexact  51.20 cell  82.84 fidH 0.9557 fidL 0.9212 (13s)
  H=3 nsup=16 w5a        pexact  54.60 cell  84.13 fidH 0.9590 fidL 0.9259 (12s)
  H=3 nsup=16 w4t        pexact  21.80 cell  70.76 fidH 0.7760 fidL 0.6541 (12s)
  H=3 nsup=16 w4c        pexact  52.10 cell  83.04 fidH 0.9201 fidL 0.8654 (12s)
  H=3 nsup=16 w4a        pexact  50.90 cell  82.77 fidH 0.9361 fidL 0.8894 (12s)
  H=3 nsup=16 w4g128     pexact  52.40 cell  83.18 fidH 0.9283 fidL 0.8759 (12s)
  H=3 nsup=16 w4g32      pexact  52.50 cell  83.12 fidH 0.9444 fidL 0.9018 (12s)
  H=3 nsup=16 w3t        pexact   0.00 cell  36.46 fidH 0.2449 fidL 0.2717 (12s)
  H=3 nsup=16 w3c        pexact  19.10 cell  67.75 fidH 0.7209 fidL 0.6216 (12s)
  H=3 nsup=16 w3a        pexact  31.00 cell  73.82 fidH 0.8116 fidL 0.7028 (12s)
  H=3 nsup=16 w3g32      pexact  32.90 cell  76.05 fidH 0.8549 fidL 0.7613 (12s)
  H=3 nsup=16 w2t        pexact   0.00 cell   7.58 fidH 0.0598 fidL 0.1768 (12s)
  H=3 nsup=16 w2c        pexact   0.00 cell  25.76 fidH 0.1197 fidL 0.1432 (12s)
  H=3 nsup=16 w2a        pexact   0.10 cell  49.36 fidH 0.3718 fidL 0.3693 (12s)
  H=3 nsup=16 w2g32      pexact   0.00 cell  43.40 fidH 0.3257 fidL 0.3292 (12s)
wrote /home/ubuntu/breadth/results/variant_trm_sudoku_mlp_w256_s1_26040.json 23 records
variant checkpoint /home/ubuntu/edgetrm_src/TinyRecursiveModels/checkpoints/Sudoku-extreme-1k-aug-1000-ACT-torch/trm_sudoku_mlp_w256_s1/step_45570: arch {'H_cycles': 3, 'H_layers': 0, 'L_cycles': 6, 'L_layers': 2, 'expansion': 4, 'forward_dtype': 'bfloat16', 'halt_exploration_prob': 0.1, 'halt_max_steps': 16, 'hidden_size': 256, 'loss': {'loss_type': 'stablemax_cross_entropy', 'name': 'losses@ACTLossHead'}, 'mlp_t': True, 'name': 'recursive_reasoning.trm@TinyRecursiveReasoningModel_ACTV1', 'no_ACT_continue': True, 'num_heads': 4, 'pos_encodings': 'none', 'puzzle_emb_len': 16, 'puzzle_emb_ndim': 256}
sudoku_mlp: 1000 puzzles, batch 256, H=[3], nsup=[16], quants=['fp32', 'w8t', 'w8c', 'w8a', 'w6t', 'w6c', 'w6a', 'w5t', 'w5c', 'w5a', 'w4t', 'w4c', 'w4a', 'w4g128', 'w4g32', 'w3t', 'w3c', 'w3a', 'w3g32', 'w2t', 'w2c', 'w2a', 'w2g32']; 0 records already
  H=3 nsup=16 fp32       pexact  60.00 cell  85.72
  H=3 nsup=16 w8t        pexact  60.90 cell  86.01 fidH 0.9671 fidL 0.9370 (12s)
  H=3 nsup=16 w8c        pexact  59.50 cell  85.51 fidH 0.9754 fidL 0.9497 (12s)
  H=3 nsup=16 w8a        pexact  59.70 cell  85.61 fidH 0.9754 fidL 0.9502 (12s)
  H=3 nsup=16 w6t        pexact  59.70 cell  85.46 fidH 0.9502 fidL 0.9104 (12s)
  H=3 nsup=16 w6c        pexact  61.00 cell  86.02 fidH 0.9675 fidL 0.9378 (12s)
  H=3 nsup=16 w6a        pexact  61.30 cell  86.19 fidH 0.9642 fidL 0.9327 (12s)
  H=3 nsup=16 w5t        pexact  47.00 cell  81.00 fidH 0.8810 fidL 0.8018 (12s)
  H=3 nsup=16 w5c        pexact  60.00 cell  85.72 fidH 0.9493 fidL 0.9089 (12s)
  H=3 nsup=16 w5a        pexact  62.60 cell  86.32 fidH 0.9561 fidL 0.9192 (12s)
  H=3 nsup=16 w4t        pexact   0.60 cell  49.69 fidH 0.2980 fidL 0.3872 (12s)
  H=3 nsup=16 w4c        pexact  53.90 cell  83.72 fidH 0.9112 fidL 0.8508 (12s)
  H=3 nsup=16 w4a        pexact  57.80 cell  84.59 fidH 0.9318 fidL 0.8816 (12s)
  H=3 nsup=16 w4g128     pexact  56.10 cell  84.36 fidH 0.9251 fidL 0.8709 (13s)
  H=3 nsup=16 w4g32      pexact  59.00 cell  85.27 fidH 0.9399 fidL 0.8937 (12s)
  H=3 nsup=16 w3t        pexact   0.00 cell  22.83 fidH 0.1173 fidL 0.1822 (12s)
  H=3 nsup=16 w3c        pexact   0.10 cell  57.21 fidH 0.4645 fidL 0.4427 (12s)
  H=3 nsup=16 w3a        pexact  17.30 cell  66.89 fidH 0.6730 fidL 0.5693 (12s)
  H=3 nsup=16 w3g32      pexact  29.90 cell  73.02 fidH 0.7695 fidL 0.6461 (12s)
  H=3 nsup=16 w2t        pexact   0.00 cell   7.65 fidH 0.0829 fidL 0.1890 (12s)
  H=3 nsup=16 w2c        pexact   0.00 cell  27.82 fidH 0.1222 fidL 0.1423 (12s)
  H=3 nsup=16 w2a        pexact   0.00 cell  41.36 fidH 0.2492 fidL 0.2557 (12s)
  H=3 nsup=16 w2g32      pexact   0.00 cell  44.31 fidH 0.3248 fidL 0.3226 (13s)
wrote /home/ubuntu/breadth/results/variant_trm_sudoku_mlp_w256_s1_45570.json 23 records
variant checkpoint /home/ubuntu/edgetrm_src/TinyRecursiveModels/checkpoints/Sudoku-extreme-1k-aug-1000-ACT-torch/trm_sudoku_mlp_w256_s2/step_6510: arch {'H_cycles': 3, 'H_layers': 0, 'L_cycles': 6, 'L_layers': 2, 'expansion': 4, 'forward_dtype': 'bfloat16', 'halt_exploration_prob': 0.1, 'halt_max_steps': 16, 'hidden_size': 256, 'loss': {'loss_type': 'stablemax_cross_entropy', 'name': 'losses@ACTLossHead'}, 'mlp_t': True, 'name': 'recursive_reasoning.trm@TinyRecursiveReasoningModel_ACTV1', 'no_ACT_continue': True, 'num_heads': 4, 'pos_encodings': 'none', 'puzzle_emb_len': 16, 'puzzle_emb_ndim': 256}
sudoku_mlp: 1000 puzzles, batch 256, H=[3], nsup=[16], quants=['fp32', 'w8t', 'w8c', 'w8a', 'w6t', 'w6c', 'w6a', 'w5t', 'w5c', 'w5a', 'w4t', 'w4c', 'w4a', 'w4g128', 'w4g32', 'w3t', 'w3c', 'w3a', 'w3g32', 'w2t', 'w2c', 'w2a', 'w2g32']; 0 records already
  H=3 nsup=16 fp32       pexact  11.70 cell  70.32
  H=3 nsup=16 w8t        pexact  11.70 cell  70.33 fidH 0.9995 fidL 0.9993 (12s)
  H=3 nsup=16 w8c        pexact  11.80 cell  70.31 fidH 0.9995 fidL 0.9994 (12s)
  H=3 nsup=16 w8a        pexact  11.70 cell  70.39 fidH 0.9995 fidL 0.9994 (12s)
  H=3 nsup=16 w6t        pexact  11.60 cell  70.23 fidH 0.9970 fidL 0.9963 (12s)
  H=3 nsup=16 w6c        pexact  11.60 cell  70.37 fidH 0.9970 fidL 0.9968 (12s)
  H=3 nsup=16 w6a        pexact  11.20 cell  70.34 fidH 0.9975 fidL 0.9971 (12s)
  H=3 nsup=16 w5t        pexact  10.60 cell  69.93 fidH 0.9901 fidL 0.9892 (12s)
  H=3 nsup=16 w5c        pexact  12.00 cell  70.30 fidH 0.9940 fidL 0.9935 (12s)
  H=3 nsup=16 w5a        pexact  11.50 cell  70.13 fidH 0.9943 fidL 0.9939 (14s)
  H=3 nsup=16 w4t        pexact   6.70 cell  68.36 fidH 0.9652 fidL 0.9674 (13s)
  H=3 nsup=16 w4c        pexact  10.20 cell  69.61 fidH 0.9793 fidL 0.9798 (12s)
  H=3 nsup=16 w4a        pexact  11.10 cell  69.70 fidH 0.9825 fidL 0.9834 (12s)
  H=3 nsup=16 w4g128     pexact  10.90 cell  69.66 fidH 0.9826 fidL 0.9827 (12s)
  H=3 nsup=16 w4g32      pexact  10.00 cell  69.73 fidH 0.9862 fidL 0.9863 (13s)
  H=3 nsup=16 w3t        pexact   1.00 cell  61.34 fidH 0.7951 fidL 0.8466 (12s)
  H=3 nsup=16 w3c        pexact   3.00 cell  65.32 fidH 0.8991 fidL 0.9098 (12s)
  H=3 nsup=16 w3a        pexact   6.90 cell  67.28 fidH 0.9367 fidL 0.9428 (12s)
  H=3 nsup=16 w3g32      pexact   5.50 cell  67.22 fidH 0.9455 fidL 0.9503 (12s)
  H=3 nsup=16 w2t        pexact   0.00 cell   9.57 fidH 0.0531 fidL 0.1856 (12s)
  H=3 nsup=16 w2c        pexact   0.00 cell  18.52 fidH 0.1796 fidL 0.4195 (12s)
  H=3 nsup=16 w2a        pexact   0.00 cell  47.68 fidH 0.5620 fidL 0.7114 (12s)
  H=3 nsup=16 w2g32      pexact   0.00 cell  29.22 fidH 0.3129 fidL 0.5378 (12s)
wrote /home/ubuntu/breadth/results/variant_trm_sudoku_mlp_w256_s2_6510.json 23 records
variant checkpoint /home/ubuntu/edgetrm_src/TinyRecursiveModels/checkpoints/Sudoku-extreme-1k-aug-1000-ACT-torch/trm_sudoku_mlp_w256_s2/step_26040: arch {'H_cycles': 3, 'H_layers': 0, 'L_cycles': 6, 'L_layers': 2, 'expansion': 4, 'forward_dtype': 'bfloat16', 'halt_exploration_prob': 0.1, 'halt_max_steps': 16, 'hidden_size': 256, 'loss': {'loss_type': 'stablemax_cross_entropy', 'name': 'losses@ACTLossHead'}, 'mlp_t': True, 'name': 'recursive_reasoning.trm@TinyRecursiveReasoningModel_ACTV1', 'no_ACT_continue': True, 'num_heads': 4, 'pos_encodings': 'none', 'puzzle_emb_len': 16, 'puzzle_emb_ndim': 256}
sudoku_mlp: 1000 puzzles, batch 256, H=[3], nsup=[16], quants=['fp32', 'w8t', 'w8c', 'w8a', 'w6t', 'w6c', 'w6a', 'w5t', 'w5c', 'w5a', 'w4t', 'w4c', 'w4a', 'w4g128', 'w4g32', 'w3t', 'w3c', 'w3a', 'w3g32', 'w2t', 'w2c', 'w2a', 'w2g32']; 0 records already
  H=3 nsup=16 fp32       pexact  52.60 cell  83.21
  H=3 nsup=16 w8t        pexact  53.90 cell  83.58 fidH 0.9769 fidL 0.9554 (12s)
  H=3 nsup=16 w8c        pexact  51.70 cell  82.98 fidH 0.9806 fidL 0.9617 (12s)
  H=3 nsup=16 w8a        pexact  52.50 cell  83.32 fidH 0.9823 fidL 0.9645 (12s)
  H=3 nsup=16 w6t        pexact  50.40 cell  82.53 fidH 0.9563 fidL 0.9192 (12s)
  H=3 nsup=16 w6c        pexact  51.00 cell  82.78 fidH 0.9776 fidL 0.9552 (12s)
  H=3 nsup=16 w6a        pexact  52.40 cell  83.10 fidH 0.9702 fidL 0.9443 (12s)
  H=3 nsup=16 w5t        pexact  48.70 cell  81.65 fidH 0.9322 fidL 0.8800 (12s)
  H=3 nsup=16 w5c        pexact  50.20 cell  82.67 fidH 0.9604 fidL 0.9268 (12s)
  H=3 nsup=16 w5a        pexact  50.90 cell  82.72 fidH 0.9637 fidL 0.9330 (12s)
  H=3 nsup=16 w4t        pexact   9.60 cell  61.25 fidH 0.6668 fidL 0.6235 (11s)
  H=3 nsup=16 w4c        pexact  51.50 cell  82.66 fidH 0.9193 fidL 0.8630 (12s)
  H=3 nsup=16 w4a        pexact  49.30 cell  81.66 fidH 0.9286 fidL 0.8756 (12s)
  H=3 nsup=16 w4g128     pexact  48.50 cell  81.81 fidH 0.9390 fidL 0.8910 (12s)
  H=3 nsup=16 w4g32      pexact  48.70 cell  81.88 fidH 0.9458 fidL 0.9012 (12s)
  H=3 nsup=16 w3t        pexact   0.00 cell  12.49 fidH 0.1223 fidL 0.1710 (11s)
  H=3 nsup=16 w3c        pexact  10.30 cell  62.57 fidH 0.6677 fidL 0.6174 (12s)
  H=3 nsup=16 w3a        pexact  24.70 cell  70.68 fidH 0.7938 fidL 0.6863 (12s)
  H=3 nsup=16 w3g32      pexact  29.90 cell  74.47 fidH 0.8392 fidL 0.7386 (12s)
  H=3 nsup=16 w2t        pexact   0.00 cell   7.65 fidH 0.0625 fidL 0.1878 (13s)
  H=3 nsup=16 w2c        pexact   0.00 cell  22.99 fidH 0.1374 fidL 0.1669 (12s)
  H=3 nsup=16 w2a        pexact   0.10 cell  49.37 fidH 0.4649 fidL 0.3964 (12s)
  H=3 nsup=16 w2g32      pexact   0.00 cell  39.25 fidH 0.3798 fidL 0.3392 (12s)
wrote /home/ubuntu/breadth/results/variant_trm_sudoku_mlp_w256_s2_26040.json 23 records
variant checkpoint /home/ubuntu/edgetrm_src/TinyRecursiveModels/checkpoints/Sudoku-extreme-1k-aug-1000-ACT-torch/trm_sudoku_mlp_w256_s2/step_52080: arch {'H_cycles': 3, 'H_layers': 0, 'L_cycles': 6, 'L_layers': 2, 'expansion': 4, 'forward_dtype': 'bfloat16', 'halt_exploration_prob': 0.1, 'halt_max_steps': 16, 'hidden_size': 256, 'loss': {'loss_type': 'stablemax_cross_entropy', 'name': 'losses@ACTLossHead'}, 'mlp_t': True, 'name': 'recursive_reasoning.trm@TinyRecursiveReasoningModel_ACTV1', 'no_ACT_continue': True, 'num_heads': 4, 'pos_encodings': 'none', 'puzzle_emb_len': 16, 'puzzle_emb_ndim': 256}
sudoku_mlp: 1000 puzzles, batch 256, H=[3], nsup=[16], quants=['fp32', 'w8t', 'w8c', 'w8a', 'w6t', 'w6c', 'w6a', 'w5t', 'w5c', 'w5a', 'w4t', 'w4c', 'w4a', 'w4g128', 'w4g32', 'w3t', 'w3c', 'w3a', 'w3g32', 'w2t', 'w2c', 'w2a', 'w2g32']; 0 records already
  H=3 nsup=16 fp32       pexact  63.60 cell  86.85
  H=3 nsup=16 w8t        pexact  63.90 cell  86.94 fidH 0.9700 fidL 0.9414 (12s)
  H=3 nsup=16 w8c        pexact  62.90 cell  86.61 fidH 0.9734 fidL 0.9465 (12s)
  H=3 nsup=16 w8a        pexact  63.40 cell  86.90 fidH 0.9731 fidL 0.9460 (12s)
  H=3 nsup=16 w6t        pexact  62.00 cell  86.53 fidH 0.9460 fidL 0.9096 (12s)
  H=3 nsup=16 w6c        pexact  63.10 cell  86.69 fidH 0.9653 fidL 0.9355 (11s)
  H=3 nsup=16 w6a        pexact  63.20 cell  86.77 fidH 0.9640 fidL 0.9323 (12s)
  H=3 nsup=16 w5t        pexact  53.80 cell  82.75 fidH 0.8775 fidL 0.8045 (12s)
  H=3 nsup=16 w5c        pexact  62.80 cell  86.71 fidH 0.9501 fidL 0.9144 (12s)
  H=3 nsup=16 w5a        pexact  61.40 cell  86.09 fidH 0.9549 fidL 0.9189 (12s)
  H=3 nsup=16 w4t        pexact   0.00 cell  39.89 fidH 0.2136 fidL 0.2349 (12s)
  H=3 nsup=16 w4c        pexact  59.90 cell  84.95 fidH 0.9112 fidL 0.8556 (12s)
  H=3 nsup=16 w4a        pexact  62.30 cell  86.12 fidH 0.9265 fidL 0.8769 (12s)
  H=3 nsup=16 w4g128     pexact  59.00 cell  85.12 fidH 0.9276 fidL 0.8810 (12s)
  H=3 nsup=16 w4g32      pexact  62.40 cell  86.24 fidH 0.9411 fidL 0.9014 (12s)
  H=3 nsup=16 w3t        pexact   0.00 cell  36.38 fidH 0.2074 fidL 0.2039 (12s)
  H=3 nsup=16 w3c        pexact   6.20 cell  61.77 fidH 0.5756 fidL 0.5569 (11s)
  H=3 nsup=16 w3a        pexact  15.60 cell  65.91 fidH 0.6471 fidL 0.5793 (12s)
  H=3 nsup=16 w3g32      pexact  30.40 cell  74.17 fidH 0.7931 fidL 0.6918 (13s)
  H=3 nsup=16 w2t        pexact   0.00 cell  11.10 fidH 0.0946 fidL 0.2012 (12s)
  H=3 nsup=16 w2c        pexact   0.00 cell  30.32 fidH 0.1535 fidL 0.1301 (12s)
  H=3 nsup=16 w2a        pexact   0.10 cell  48.38 fidH 0.3469 fidL 0.2867 (12s)
  H=3 nsup=16 w2g32      pexact   0.00 cell  41.52 fidH 0.3356 fidL 0.2693 (12s)
wrote /home/ubuntu/breadth/results/variant_trm_sudoku_mlp_w256_s2_52080.json 23 records
variant checkpoint /home/ubuntu/edgetrm_src/TinyRecursiveModels/checkpoints/Sudoku-extreme-1k-aug-1000-ACT-torch/trm_sudoku_mlp_w512_s0/step_39060: arch {'H_cycles': 3, 'H_layers': 0, 'L_cycles': 6, 'L_layers': 2, 'expansion': 4, 'forward_dtype': 'bfloat16', 'halt_exploration_prob': 0.1, 'halt_max_steps': 16, 'hidden_size': 512, 'loss': {'loss_type': 'stablemax_cross_entropy', 'name': 'losses@ACTLossHead'}, 'mlp_t': True, 'name': 'recursive_reasoning.trm@TinyRecursiveReasoningModel_ACTV1', 'no_ACT_continue': True, 'num_heads': 8, 'pos_encodings': 'none', 'puzzle_emb_len': 16, 'puzzle_emb_ndim': 512}
sudoku_mlp: 1000 puzzles, batch 256, H=[3], nsup=[16], quants=['fp32', 'w8t', 'w8c', 'w8a', 'w6t', 'w6c', 'w6a', 'w5t', 'w5c', 'w5a', 'w4t', 'w4c', 'w4a', 'w4g128', 'w4g32', 'w3t', 'w3c', 'w3a', 'w3g32', 'w2t', 'w2c', 'w2a', 'w2g32']; 0 records already
  H=3 nsup=16 fp32       pexact  81.80 cell  92.98
  H=3 nsup=16 w8t        pexact  81.70 cell  92.99 fidH 0.9503 fidL 0.9369 (31s)
  H=3 nsup=16 w8c        pexact  82.40 cell  93.31 fidH 0.9590 fidL 0.9417 (31s)
  H=3 nsup=16 w8a        pexact  82.60 cell  93.19 fidH 0.9628 fidL 0.9459 (31s)
  H=3 nsup=16 w6t        pexact  82.60 cell  93.36 fidH 0.9231 fidL 0.9212 (31s)
  H=3 nsup=16 w6c        pexact  83.00 cell  93.47 fidH 0.9375 fidL 0.9282 (31s)
  H=3 nsup=16 w6a        pexact  82.70 cell  93.35 fidH 0.9455 fidL 0.9370 (31s)
  H=3 nsup=16 w5t        pexact  80.10 cell  92.41 fidH 0.8892 fidL 0.8924 (31s)
  H=3 nsup=16 w5c        pexact  82.30 cell  93.20 fidH 0.9200 fidL 0.9184 (31s)
  H=3 nsup=16 w5a        pexact  82.50 cell  93.23 fidH 0.9284 fidL 0.9271 (31s)
  H=3 nsup=16 w4t        pexact   3.50 cell  59.83 fidH 0.5065 fidL 0.6727 (31s)
  H=3 nsup=16 w4c        pexact  81.30 cell  92.95 fidH 0.8792 fidL 0.8772 (30s)
  H=3 nsup=16 w4a        pexact  79.90 cell  92.48 fidH 0.8911 fidL 0.8938 (31s)
  H=3 nsup=16 w4g128     pexact  81.70 cell  93.01 fidH 0.9004 fidL 0.9034 (31s)
  H=3 nsup=16 w4g32      pexact  82.40 cell  93.27 fidH 0.9062 fidL 0.9078 (32s)
  H=3 nsup=16 w3t        pexact   0.00 cell  38.74 fidH 0.1972 fidL 0.2338 (31s)
  H=3 nsup=16 w3c        pexact  15.50 cell  66.44 fidH 0.4776 fidL 0.5890 (31s)
  H=3 nsup=16 w3a        pexact  61.30 cell  84.71 fidH 0.7868 fidL 0.7894 (31s)
  H=3 nsup=16 w3g32      pexact  72.70 cell  89.63 fidH 0.8313 fidL 0.8000 (31s)
  H=3 nsup=16 w2t        pexact   0.00 cell   3.95 fidH 0.0256 fidL 0.1762 (31s)
  H=3 nsup=16 w2c        pexact   0.00 cell  29.40 fidH 0.0910 fidL 0.1278 (30s)
  H=3 nsup=16 w2a        pexact   0.10 cell  51.50 fidH 0.2541 fidL 0.3303 (31s)
  H=3 nsup=16 w2g32      pexact   0.00 cell  47.88 fidH 0.2448 fidL 0.3651 (31s)
wrote /home/ubuntu/breadth/results/variant_trm_sudoku_mlp_w512_s0_39060.json 23 records
variant checkpoint /home/ubuntu/edgetrm_src/TinyRecursiveModels/checkpoints/Sudoku-extreme-1k-aug-1000-ACT-torch/trm_sudoku_mlp_w512_s1/step_39060: arch {'H_cycles': 3, 'H_layers': 0, 'L_cycles': 6, 'L_layers': 2, 'expansion': 4, 'forward_dtype': 'bfloat16', 'halt_exploration_prob': 0.1, 'halt_max_steps': 16, 'hidden_size': 512, 'loss': {'loss_type': 'stablemax_cross_entropy', 'name': 'losses@ACTLossHead'}, 'mlp_t': True, 'name': 'recursive_reasoning.trm@TinyRecursiveReasoningModel_ACTV1', 'no_ACT_continue': True, 'num_heads': 8, 'pos_encodings': 'none', 'puzzle_emb_len': 16, 'puzzle_emb_ndim': 512}
sudoku_mlp: 1000 puzzles, batch 256, H=[3], nsup=[16], quants=['fp32', 'w8t', 'w8c', 'w8a', 'w6t', 'w6c', 'w6a', 'w5t', 'w5c', 'w5a', 'w4t', 'w4c', 'w4a', 'w4g128', 'w4g32', 'w3t', 'w3c', 'w3a', 'w3g32', 'w2t', 'w2c', 'w2a', 'w2g32']; 0 records already
  H=3 nsup=16 fp32       pexact  81.20 cell  92.82
  H=3 nsup=16 w8t        pexact  81.40 cell  92.96 fidH 0.9477 fidL 0.9392 (31s)
  H=3 nsup=16 w8c        pexact  82.50 cell  93.22 fidH 0.9571 fidL 0.9437 (31s)
  H=3 nsup=16 w8a        pexact  82.00 cell  93.03 fidH 0.9603 fidL 0.9458 (31s)
  H=3 nsup=16 w6t        pexact  81.60 cell  93.08 fidH 0.9280 fidL 0.9343 (31s)
  H=3 nsup=16 w6c        pexact  81.70 cell  92.94 fidH 0.9453 fidL 0.9411 (31s)
  H=3 nsup=16 w6a        pexact  81.40 cell  92.98 fidH 0.9431 fidL 0.9374 (32s)
  H=3 nsup=16 w5t        pexact  79.00 cell  91.93 fidH 0.8927 fidL 0.9065 (31s)
  H=3 nsup=16 w5c        pexact  81.00 cell  92.86 fidH 0.9324 fidL 0.9367 (31s)
  H=3 nsup=16 w5a        pexact  82.10 cell  93.08 fidH 0.9295 fidL 0.9330 (31s)
  H=3 nsup=16 w4t        pexact  30.80 cell  71.85 fidH 0.6098 fidL 0.6884 (30s)
  H=3 nsup=16 w4c        pexact  79.90 cell  92.27 fidH 0.9044 fidL 0.9155 (31s)
  H=3 nsup=16 w4a        pexact  80.80 cell  92.69 fidH 0.9136 fidL 0.9250 (31s)
  H=3 nsup=16 w4g128     pexact  78.70 cell  91.85 fidH 0.9079 fidL 0.9174 (31s)
  H=3 nsup=16 w4g32      pexact  81.00 cell  92.73 fidH 0.9194 fidL 0.9263 (31s)
  H=3 nsup=16 w3t        pexact   0.00 cell  45.75 fidH 0.2147 fidL 0.2593 (30s)
  H=3 nsup=16 w3c        pexact  19.30 cell  66.07 fidH 0.5141 fidL 0.6354 (30s)
  H=3 nsup=16 w3a        pexact  61.90 cell  85.23 fidH 0.8010 fidL 0.8117 (31s)
  H=3 nsup=16 w3g32      pexact  77.10 cell  91.31 fidH 0.8773 fidL 0.8896 (31s)
  H=3 nsup=16 w2t        pexact   0.00 cell  11.11 fidH 0.0630 fidL 0.2061 (31s)
  H=3 nsup=16 w2c        pexact   0.00 cell  41.70 fidH 0.1413 fidL 0.1308 (30s)
  H=3 nsup=16 w2a        pexact   0.00 cell  48.28 fidH 0.1976 fidL 0.3056 (31s)
  H=3 nsup=16 w2g32      pexact   0.00 cell  48.64 fidH 0.2188 fidL 0.3093 (31s)
wrote /home/ubuntu/breadth/results/variant_trm_sudoku_mlp_w512_s1_39060.json 23 records
variant checkpoint /home/ubuntu/edgetrm_src/TinyRecursiveModels/checkpoints/Sudoku-extreme-1k-aug-1000-ACT-torch/trm_sudoku_mlp_w512_s1/step_65100: arch {'H_cycles': 3, 'H_layers': 0, 'L_cycles': 6, 'L_layers': 2, 'expansion': 4, 'forward_dtype': 'bfloat16', 'halt_exploration_prob': 0.1, 'halt_max_steps': 16, 'hidden_size': 512, 'loss': {'loss_type': 'stablemax_cross_entropy', 'name': 'losses@ACTLossHead'}, 'mlp_t': True, 'name': 'recursive_reasoning.trm@TinyRecursiveReasoningModel_ACTV1', 'no_ACT_continue': True, 'num_heads': 8, 'pos_encodings': 'none', 'puzzle_emb_len': 16, 'puzzle_emb_ndim': 512}
sudoku_mlp: 1000 puzzles, batch 256, H=[3], nsup=[1, 4, 16], quants=['fp32', 'w8t', 'w8c', 'w8a', 'w6t', 'w6c', 'w6a', 'w5t', 'w5c', 'w5a', 'w4t', 'w4c', 'w4a', 'w4g128', 'w4g32', 'w3t', 'w3c', 'w3a', 'w3g32', 'w2t', 'w2c', 'w2a', 'w2g32']; 0 records already
  H=3 nsup=1 fp32       pexact  16.20 cell  75.99
  H=3 nsup=1 w8t        pexact  15.70 cell  75.93 fidH 0.9967 fidL 0.9937 (3s)
  H=3 nsup=1 w8c        pexact  15.70 cell  76.00 fidH 0.9994 fidL 0.9990 (3s)
  H=3 nsup=1 w8a        pexact  16.10 cell  76.05 fidH 0.9995 fidL 0.9991 (4s)
  H=3 nsup=1 w6t        pexact  15.10 cell  76.12 fidH 0.9662 fidL 0.9377 (4s)
  H=3 nsup=1 w6c        pexact  15.90 cell  75.84 fidH 0.9931 fidL 0.9873 (5s)
  H=3 nsup=1 w6a        pexact  16.30 cell  75.89 fidH 0.9924 fidL 0.9860 (3s)
  H=3 nsup=1 w5t        pexact  15.70 cell  75.61 fidH 0.8762 fidL 0.8169 (3s)
  H=3 nsup=1 w5c        pexact  15.00 cell  75.83 fidH 0.9758 fidL 0.9562 (4s)
  H=3 nsup=1 w5a        pexact  15.40 cell  76.03 fidH 0.9791 fidL 0.9610 (3s)
  H=3 nsup=1 w4t        pexact   0.80 cell  60.76 fidH 0.3221 fidL 0.3621 (3s)
  H=3 nsup=1 w4c        pexact  13.70 cell  75.40 fidH 0.9287 fidL 0.8785 (3s)
  H=3 nsup=1 w4a        pexact  14.60 cell  75.65 fidH 0.9448 fidL 0.9019 (3s)
  H=3 nsup=1 w4g128     pexact  14.30 cell  75.41 fidH 0.9429 fidL 0.8985 (4s)
  H=3 nsup=1 w4g32      pexact  16.30 cell  76.20 fidH 0.9623 fidL 0.9311 (6s)
  H=3 nsup=1 w3t        pexact   0.00 cell  37.54 fidH 0.1096 fidL 0.1157 (3s)
  H=3 nsup=1 w3c        pexact   2.10 cell  65.04 fidH 0.5992 fidL 0.5662 (3s)
  H=3 nsup=1 w3a        pexact   5.50 cell  71.61 fidH 0.7867 fidL 0.7069 (3s)
  H=3 nsup=1 w3g32      pexact  13.30 cell  74.62 fidH 0.8756 fidL 0.7991 (3s)
  H=3 nsup=1 w2t        pexact   0.00 cell  11.11 fidH 0.0543 fidL 0.0958 (3s)
  H=3 nsup=1 w2c        pexact   0.00 cell  38.29 fidH 0.1106 fidL 0.0770 (3s)
  H=3 nsup=1 w2a        pexact   0.00 cell  54.92 fidH 0.2202 fidL 0.2219 (3s)
  H=3 nsup=1 w2g32      pexact   0.00 cell  48.48 fidH 0.2064 fidL 0.2221 (3s)
  H=3 nsup=4 fp32       pexact  65.70 cell  87.77
  H=3 nsup=4 w8t        pexact  65.10 cell  87.77 fidH 0.9404 fidL 0.8950 (10s)
  H=3 nsup=4 w8c        pexact  65.20 cell  87.88 fidH 0.9504 fidL 0.9062 (9s)
  H=3 nsup=4 w8a        pexact  64.90 cell  87.73 fidH 0.9455 fidL 0.9020 (9s)
  H=3 nsup=4 w6t        pexact  64.20 cell  87.25 fidH 0.9273 fidL 0.8843 (9s)
  H=3 nsup=4 w6c        pexact  65.90 cell  87.95 fidH 0.9331 fidL 0.8891 (9s)
  H=3 nsup=4 w6a        pexact  65.60 cell  87.83 fidH 0.9349 fidL 0.8902 (9s)
  H=3 nsup=4 w5t        pexact  63.00 cell  86.90 fidH 0.8734 fidL 0.8400 (9s)
  H=3 nsup=4 w5c        pexact  65.30 cell  87.64 fidH 0.9235 fidL 0.8818 (9s)
  H=3 nsup=4 w5a        pexact  65.00 cell  87.40 fidH 0.9271 fidL 0.8844 (9s)
  H=3 nsup=4 w4t        pexact   2.70 cell  61.98 fidH 0.2261 fidL 0.3593 (9s)
  H=3 nsup=4 w4c        pexact  64.70 cell  87.35 fidH 0.8983 fidL 0.8602 (10s)
  H=3 nsup=4 w4a        pexact  62.80 cell  87.10 fidH 0.9122 fidL 0.8699 (9s)
  H=3 nsup=4 w4g128     pexact  65.30 cell  87.74 fidH 0.9102 fidL 0.8690 (9s)
  H=3 nsup=4 w4g32      pexact  64.70 cell  87.47 fidH 0.9227 fidL 0.8807 (9s)
  H=3 nsup=4 w3t        pexact   0.00 cell  43.34 fidH 0.1432 fidL 0.1667 (9s)
  H=3 nsup=4 w3c        pexact  14.50 cell  65.53 fidH 0.4861 fidL 0.5899 (10s)
  H=3 nsup=4 w3a        pexact  48.60 cell  80.34 fidH 0.7719 fidL 0.7556 (9s)
  H=3 nsup=4 w3g32      pexact  62.20 cell  86.41 fidH 0.8655 fidL 0.8338 (10s)
  H=3 nsup=4 w2t        pexact   0.00 cell   3.46 fidH 0.0717 fidL 0.1765 (9s)
  H=3 nsup=4 w2c        pexact   0.00 cell  42.86 fidH 0.1281 fidL 0.1165 (9s)
  H=3 nsup=4 w2a        pexact   0.00 cell  53.91 fidH 0.1926 fidL 0.2720 (9s)
  H=3 nsup=4 w2g32      pexact   0.00 cell  51.66 fidH 0.1981 fidL 0.2974 (9s)
  H=3 nsup=16 fp32       pexact  82.50 cell  93.40
  H=3 nsup=16 w8t        pexact  81.70 cell  93.09 fidH 0.9584 fidL 0.9427 (31s)
  H=3 nsup=16 w8c        pexact  82.70 cell  93.52 fidH 0.9597 fidL 0.9426 (31s)
  H=3 nsup=16 w8a        pexact  81.80 cell  93.09 fidH 0.9581 fidL 0.9400 (31s)
  H=3 nsup=16 w6t        pexact  81.20 cell  92.90 fidH 0.9368 fidL 0.9316 (31s)
  H=3 nsup=16 w6c        pexact  81.60 cell  93.12 fidH 0.9560 fidL 0.9411 (31s)
  H=3 nsup=16 w6a        pexact  82.30 cell  93.25 fidH 0.9537 fidL 0.9400 (31s)
  H=3 nsup=16 w5t        pexact  77.60 cell  91.47 fidH 0.8876 fidL 0.8849 (30s)
  H=3 nsup=16 w5c        pexact  81.90 cell  93.14 fidH 0.9400 fidL 0.9307 (31s)
  H=3 nsup=16 w5a        pexact  82.00 cell  93.27 fidH 0.9461 fidL 0.9379 (31s)
  H=3 nsup=16 w4t        pexact   2.60 cell  58.13 fidH 0.1868 fidL 0.3441 (31s)
  H=3 nsup=16 w4c        pexact  81.60 cell  92.91 fidH 0.9231 fidL 0.9187 (30s)
  H=3 nsup=16 w4a        pexact  80.20 cell  92.62 fidH 0.9306 fidL 0.9258 (31s)
  H=3 nsup=16 w4g128     pexact  81.80 cell  93.06 fidH 0.9333 fidL 0.9296 (31s)
  H=3 nsup=16 w4g32      pexact  80.80 cell  92.90 fidH 0.9368 fidL 0.9308 (31s)
  H=3 nsup=16 w3t        pexact   0.00 cell  43.06 fidH 0.1467 fidL 0.1825 (30s)
  H=3 nsup=16 w3c        pexact  17.40 cell  64.59 fidH 0.5038 fidL 0.6499 (30s)
  H=3 nsup=16 w3a        pexact  57.30 cell  82.84 fidH 0.7613 fidL 0.7737 (31s)
  H=3 nsup=16 w3g32      pexact  75.80 cell  90.88 fidH 0.8747 fidL 0.8779 (31s)
  H=3 nsup=16 w2t        pexact   0.00 cell   3.46 fidH 0.0724 fidL 0.2060 (31s)
  H=3 nsup=16 w2c        pexact   0.00 cell  43.04 fidH 0.1324 fidL 0.1418 (31s)
  H=3 nsup=16 w2a        pexact   0.00 cell  54.56 fidH 0.1985 fidL 0.3026 (31s)
  H=3 nsup=16 w2g32      pexact   0.00 cell  51.30 fidH 0.1961 fidL 0.3243 (31s)
wrote /home/ubuntu/breadth/results/variant_trm_sudoku_mlp_w512_s1_65100.json 69 records
variant checkpoint /home/ubuntu/edgetrm_src/TinyRecursiveModels/checkpoints/Sudoku-extreme-1k-aug-1000-ACT-torch/trm_sudoku_mlp_w768_s0/step_32550: arch {'H_cycles': 3, 'H_layers': 0, 'L_cycles': 6, 'L_layers': 2, 'expansion': 4, 'forward_dtype': 'bfloat16', 'halt_exploration_prob': 0.1, 'halt_max_steps': 16, 'hidden_size': 768, 'loss': {'loss_type': 'stablemax_cross_entropy', 'name': 'losses@ACTLossHead'}, 'mlp_t': True, 'name': 'recursive_reasoning.trm@TinyRecursiveReasoningModel_ACTV1', 'no_ACT_continue': True, 'num_heads': 12, 'pos_encodings': 'none', 'puzzle_emb_len': 16, 'puzzle_emb_ndim': 768}
sudoku_mlp: 1000 puzzles, batch 256, H=[3], nsup=[16], quants=['fp32', 'w8t', 'w8c', 'w8a', 'w6t', 'w6c', 'w6a', 'w5t', 'w5c', 'w5a', 'w4t', 'w4c', 'w4a', 'w4g128', 'w4g32', 'w3t', 'w3c', 'w3a', 'w3g32', 'w2t', 'w2c', 'w2a', 'w2g32']; 0 records already
  H=3 nsup=16 fp32       pexact  78.50 cell  91.70
  H=3 nsup=16 w8t        pexact  80.10 cell  92.40 fidH 0.9676 fidL 0.9417 (53s)
  H=3 nsup=16 w8c        pexact  79.30 cell  92.06 fidH 0.9706 fidL 0.9434 (53s)
  H=3 nsup=16 w8a        pexact  79.70 cell  92.28 fidH 0.9678 fidL 0.9410 (53s)
  H=3 nsup=16 w6t        pexact  78.90 cell  91.91 fidH 0.9578 fidL 0.9329 (53s)
  H=3 nsup=16 w6c        pexact  79.90 cell  92.40 fidH 0.9614 fidL 0.9362 (53s)
  H=3 nsup=16 w6a        pexact  81.00 cell  92.66 fidH 0.9678 fidL 0.9439 (53s)
  H=3 nsup=16 w5t        pexact  78.30 cell  91.73 fidH 0.9412 fidL 0.9152 (53s)
