variant checkpoint /home/ubuntu/edgetrm_src/TinyRecursiveModels/checkpoints/Sudoku-extreme-1k-aug-1000-ACT-torch/trm_sudoku_attn_w512_s2/step_45570: arch {'H_cycles': 3, 'H_layers': 0, 'L_cycles': 6, 'L_layers': 2, 'expansion': 4, 'forward_dtype': 'bfloat16', 'halt_exploration_prob': 0.1, 'halt_max_steps': 16, 'hidden_size': 512, 'loss': {'loss_type': 'stablemax_cross_entropy', 'name': 'losses@ACTLossHead'}, 'mlp_t': False, 'name': 'recursive_reasoning.trm@TinyRecursiveReasoningModel_ACTV1', 'no_ACT_continue': True, 'num_heads': 8, 'pos_encodings': 'rope', 'puzzle_emb_len': 16, 'puzzle_emb_ndim': 512}
sudoku_attn: 1000 puzzles, batch 256, H=[3], nsup=[16], quants=['fp32', 'w8t', 'w8c', 'w8a', 'w6t', 'w6c', 'w6a', 'w5t', 'w5c', 'w5a', 'w4t', 'w4c', 'w4a', 'w4g128', 'w4g32', 'w3t', 'w3c', 'w3a', 'w3g32', 'w2t', 'w2c', 'w2a', 'w2g32']; 0 records already
  H=3 nsup=16 fp32       pexact  57.80 cell  84.84
  H=3 nsup=16 w8t        pexact  57.60 cell  84.72 fidH 0.9243 fidL 0.8417 (32s)
  H=3 nsup=16 w8c        pexact  57.50 cell  84.85 fidH 0.9229 fidL 0.8398 (32s)
  H=3 nsup=16 w8a        pexact  58.00 cell  84.96 fidH 0.9282 fidL 0.8462 (32s)
  H=3 nsup=16 w6t        pexact  56.60 cell  84.77 fidH 0.9138 fidL 0.8213 (32s)
  H=3 nsup=16 w6c        pexact  55.50 cell  84.63 fidH 0.9187 fidL 0.8280 (32s)
  H=3 nsup=16 w6a        pexact  57.70 cell  84.89 fidH 0.9213 fidL 0.8368 (32s)
  H=3 nsup=16 w5t        pexact  55.00 cell  84.56 fidH 0.8850 fidL 0.7802 (32s)
  H=3 nsup=16 w5c        pexact  57.10 cell  84.78 fidH 0.9130 fidL 0.8217 (32s)
  H=3 nsup=16 w5a        pexact  56.80 cell  84.61 fidH 0.9065 fidL 0.8147 (32s)
  H=3 nsup=16 w4t        pexact   9.70 cell  70.24 fidH 0.7230 fidL 0.5563 (32s)
  H=3 nsup=16 w4c        pexact  55.50 cell  84.39 fidH 0.8991 fidL 0.7994 (32s)
  H=3 nsup=16 w4a        pexact  56.80 cell  84.77 fidH 0.9015 fidL 0.8064 (32s)
  H=3 nsup=16 w4g128     pexact  57.50 cell  84.83 fidH 0.9106 fidL 0.8186 (33s)
  H=3 nsup=16 w4g32      pexact  57.50 cell  84.83 fidH 0.9050 fidL 0.8096 (36s)
  H=3 nsup=16 w3t        pexact   0.00 cell  12.76 fidH 0.0539 fidL 0.0752 (35s)
  H=3 nsup=16 w3c        pexact  51.40 cell  83.76 fidH 0.8389 fidL 0.7121 (32s)
  H=3 nsup=16 w3a        pexact  54.40 cell  84.14 fidH 0.8671 fidL 0.7515 (32s)
  H=3 nsup=16 w3g32      pexact  57.20 cell  84.80 fidH 0.8952 fidL 0.7922 (32s)
  H=3 nsup=16 w2t        pexact   0.00 cell   3.46 fidH 0.0098 fidL 0.0701 (33s)
  H=3 nsup=16 w2c        pexact   0.00 cell  18.63 fidH 0.0291 fidL 0.0885 (32s)
  H=3 nsup=16 w2a        pexact   0.00 cell  46.14 fidH 0.2051 fidL 0.2078 (33s)
  H=3 nsup=16 w2g32      pexact   0.00 cell  57.22 fidH 0.3226 fidL 0.3278 (32s)
wrote /home/ubuntu/breadth/results/variant_trm_sudoku_attn_w512_s2_45570.json 23 records
variant checkpoint /home/ubuntu/edgetrm_src/TinyRecursiveModels/checkpoints/Sudoku-extreme-1k-aug-1000-ACT-torch/trm_sudoku_mlp_w512_s2/step_19530: arch {'H_cycles': 3, 'H_layers': 0, 'L_cycles': 6, 'L_layers': 2, 'expansion': 4, 'forward_dtype': 'bfloat16', 'halt_exploration_prob': 0.1, 'halt_max_steps': 16, 'hidden_size': 512, 'loss': {'loss_type': 'stablemax_cross_entropy', 'name': 'losses@ACTLossHead'}, 'mlp_t': True, 'name': 'recursive_reasoning.trm@TinyRecursiveReasoningModel_ACTV1', 'no_ACT_continue': True, 'num_heads': 8, 'pos_encodings': 'none', 'puzzle_emb_len': 16, 'puzzle_emb_ndim': 512}
sudoku_mlp: 1000 puzzles, batch 256, H=[3], nsup=[16], quants=['fp32', 'w8t', 'w8c', 'w8a', 'w6t', 'w6c', 'w6a', 'w5t', 'w5c', 'w5a', 'w4t', 'w4c', 'w4a', 'w4g128', 'w4g32', 'w3t', 'w3c', 'w3a', 'w3g32', 'w2t', 'w2c', 'w2a', 'w2g32']; 0 records already
  H=3 nsup=16 fp32       pexact  67.80 cell  88.49
  H=3 nsup=16 w8t        pexact  67.00 cell  88.22 fidH 0.9735 fidL 0.9444 (30s)
  H=3 nsup=16 w8c        pexact  67.70 cell  88.47 fidH 0.9730 fidL 0.9439 (30s)
  H=3 nsup=16 w8a        pexact  66.80 cell  88.19 fidH 0.9727 fidL 0.9418 (30s)
  H=3 nsup=16 w6t        pexact  66.30 cell  88.05 fidH 0.9577 fidL 0.9227 (30s)
  H=3 nsup=16 w6c        pexact  68.00 cell  88.56 fidH 0.9642 fidL 0.9316 (30s)
  H=3 nsup=16 w6a        pexact  68.20 cell  88.45 fidH 0.9607 fidL 0.9263 (30s)
  H=3 nsup=16 w5t        pexact  68.00 cell  88.43 fidH 0.9515 fidL 0.9156 (30s)
  H=3 nsup=16 w5c        pexact  66.20 cell  87.89 fidH 0.9562 fidL 0.9205 (30s)
  H=3 nsup=16 w5a        pexact  66.20 cell  87.89 fidH 0.9596 fidL 0.9253 (30s)
  H=3 nsup=16 w4t        pexact  60.20 cell  85.48 fidH 0.9104 fidL 0.8515 (31s)
  H=3 nsup=16 w4c        pexact  65.70 cell  87.67 fidH 0.9403 fidL 0.9000 (31s)
  H=3 nsup=16 w4a        pexact  67.60 cell  88.20 fidH 0.9497 fidL 0.9112 (31s)
  H=3 nsup=16 w4g128     pexact  67.00 cell  88.16 fidH 0.9471 fidL 0.9097 (32s)
  H=3 nsup=16 w4g32      pexact  66.40 cell  87.87 fidH 0.9474 fidL 0.9083 (32s)
  H=3 nsup=16 w3t        pexact   0.50 cell  48.49 fidH 0.2874 fidL 0.3451 (31s)
  H=3 nsup=16 w3c        pexact  49.60 cell  81.94 fidH 0.8671 fidL 0.7832 (31s)
  H=3 nsup=16 w3a        pexact  57.90 cell  84.94 fidH 0.8992 fidL 0.8303 (31s)
  H=3 nsup=16 w3g32      pexact  59.70 cell  85.43 fidH 0.9165 fidL 0.8554 (31s)
  H=3 nsup=16 w2t        pexact   0.00 cell   6.59 fidH -0.0003 fidL 0.1659 (31s)
  H=3 nsup=16 w2c        pexact   0.00 cell  17.17 fidH 0.0865 fidL 0.1491 (30s)
  H=3 nsup=16 w2a        pexact   0.40 cell  47.17 fidH 0.2519 fidL 0.3124 (31s)
  H=3 nsup=16 w2g32      pexact   0.00 cell  45.06 fidH 0.2821 fidL 0.3395 (30s)
wrote /home/ubuntu/breadth/results/variant_trm_sudoku_mlp_w512_s2_19530.json 23 records
variant checkpoint /home/ubuntu/edgetrm_src/TinyRecursiveModels/checkpoints/Sudoku-extreme-1k-aug-1000-ACT-torch/trm_sudoku_mlp_w768_s0/step_39060: arch {'H_cycles': 3, 'H_layers': 0, 'L_cycles': 6, 'L_layers': 2, 'expansion': 4, 'forward_dtype': 'bfloat16', 'halt_exploration_prob': 0.1, 'halt_max_steps': 16, 'hidden_size': 768, 'loss': {'loss_type': 'stablemax_cross_entropy', 'name': 'losses@ACTLossHead'}, 'mlp_t': True, 'name': 'recursive_reasoning.trm@TinyRecursiveReasoningModel_ACTV1', 'no_ACT_continue': True, 'num_heads': 12, 'pos_encodings': 'none', 'puzzle_emb_len': 16, 'puzzle_emb_ndim': 768}
sudoku_mlp: 1000 puzzles, batch 256, H=[3], nsup=[16], quants=['fp32', 'w8t', 'w8c', 'w8a', 'w6t', 'w6c', 'w6a', 'w5t', 'w5c', 'w5a', 'w4t', 'w4c', 'w4a', 'w4g128', 'w4g32', 'w3t', 'w3c', 'w3a', 'w3g32', 'w2t', 'w2c', 'w2a', 'w2g32']; 0 records already
  H=3 nsup=16 fp32       pexact  81.50 cell  92.89
  H=3 nsup=16 w8t        pexact  79.50 cell  92.22 fidH 0.9635 fidL 0.9360 (53s)
  H=3 nsup=16 w8c        pexact  80.60 cell  92.66 fidH 0.9691 fidL 0.9428 (53s)
  H=3 nsup=16 w8a        pexact  80.70 cell  92.63 fidH 0.9636 fidL 0.9373 (53s)
  H=3 nsup=16 w6t        pexact  80.80 cell  92.70 fidH 0.9579 fidL 0.9312 (53s)
  H=3 nsup=16 w6c        pexact  79.80 cell  92.32 fidH 0.9602 fidL 0.9325 (53s)
  H=3 nsup=16 w6a        pexact  81.20 cell  92.98 fidH 0.9594 fidL 0.9338 (53s)
  H=3 nsup=16 w5t        pexact  80.30 cell  92.48 fidH 0.9406 fidL 0.9102 (53s)
  H=3 nsup=16 w5c        pexact  80.70 cell  92.67 fidH 0.9570 fidL 0.9304 (53s)
  H=3 nsup=16 w5a        pexact  80.70 cell  92.74 fidH 0.9547 fidL 0.9282 (53s)
  H=3 nsup=16 w4t        pexact  36.30 cell  74.22 fidH 0.6416 fidL 0.6421 (53s)
  H=3 nsup=16 w4c        pexact  79.80 cell  92.31 fidH 0.9386 fidL 0.9118 (53s)
  H=3 nsup=16 w4a        pexact  79.90 cell  92.40 fidH 0.9377 fidL 0.9113 (53s)
  H=3 nsup=16 w4g128     pexact  81.30 cell  92.79 fidH 0.9468 fidL 0.9225 (53s)
  H=3 nsup=16 w4g32      pexact  80.60 cell  92.51 fidH 0.9511 fidL 0.9248 (53s)
  H=3 nsup=16 w3t        pexact   0.00 cell  35.39 fidH 0.1126 fidL 0.1834 (53s)
  H=3 nsup=16 w3c        pexact  45.70 cell  78.50 fidH 0.6993 fidL 0.6569 (53s)
  H=3 nsup=16 w3a        pexact  73.90 cell  89.80 fidH 0.8899 fidL 0.8542 (53s)
  H=3 nsup=16 w3g32      pexact  76.70 cell  91.09 fidH 0.9165 fidL 0.8817 (53s)
  H=3 nsup=16 w2t        pexact   0.00 cell  11.11 fidH 0.0836 fidL 0.2041 (54s)
  H=3 nsup=16 w2c        pexact   0.00 cell  35.97 fidH 0.1309 fidL 0.1871 (53s)
  H=3 nsup=16 w2a        pexact   0.10 cell  52.91 fidH 0.2288 fidL 0.2642 (53s)
  H=3 nsup=16 w2g32      pexact   0.00 cell  47.87 fidH 0.2120 fidL 0.2709 (53s)
wrote /home/ubuntu/breadth/results/variant_trm_sudoku_mlp_w768_s0_39060.json 23 records
variant checkpoint /home/ubuntu/edgetrm_src/TinyRecursiveModels/checkpoints/Sudoku-extreme-1k-aug-1000-ACT-torch/trm_sudoku_attn_w256_s0/step_65100: arch {'H_cycles': 3, 'H_layers': 0, 'L_cycles': 6, 'L_layers': 2, 'expansion': 4, 'forward_dtype': 'bfloat16', 'halt_exploration_prob': 0.1, 'halt_max_steps': 16, 'hidden_size': 256, 'loss': {'loss_type': 'stablemax_cross_entropy', 'name': 'losses@ACTLossHead'}, 'mlp_t': False, 'name': 'recursive_reasoning.trm@TinyRecursiveReasoningModel_ACTV1', 'no_ACT_continue': True, 'num_heads': 4, 'pos_encodings': 'rope', 'puzzle_emb_len': 16, 'puzzle_emb_ndim': 256}
sudoku_attn: 1000 puzzles, batch 256, H=[1, 2, 3, 4], nsup=[1, 2, 4, 8, 16], quants=['fp32', 'w8t', 'w8c', 'w8a', 'w6t', 'w6c', 'w6a', 'w5t', 'w5c', 'w5a', 'w4t', 'w4c', 'w4a', 'w4g128', 'w4g32', 'w3t', 'w3c', 'w3a', 'w3g32', 'w2t', 'w2c', 'w2a', 'w2g32']; 460 records already
wrote /home/ubuntu/breadth/results/variant_trm_sudoku_attn_w256_s0_65100.json 460 records
variant checkpoint /home/ubuntu/edgetrm_src/TinyRecursiveModels/checkpoints/Sudoku-extreme-1k-aug-1000-ACT-torch/trm_sudoku_attn_w256_s1/step_65100: arch {'H_cycles': 3, 'H_layers': 0, 'L_cycles': 6, 'L_layers': 2, 'expansion': 4, 'forward_dtype': 'bfloat16', 'halt_exploration_prob': 0.1, 'halt_max_steps': 16, 'hidden_size': 256, 'loss': {'loss_type': 'stablemax_cross_entropy', 'name': 'losses@ACTLossHead'}, 'mlp_t': False, 'name': 'recursive_reasoning.trm@TinyRecursiveReasoningModel_ACTV1', 'no_ACT_continue': True, 'num_heads': 4, 'pos_encodings': 'rope', 'puzzle_emb_len': 16, 'puzzle_emb_ndim': 256}
sudoku_attn: 1000 puzzles, batch 256, H=[3], nsup=[1, 4, 16], quants=['fp32', 'noise0.02', 'noise0.05', 'noise0.1', 'noise0.15', 'noise0.2', 'noise0.3', 'noise0.5', 'noise0.7', 'noise1.0']; 0 records already
  H=3 nsup=1 fp32       pexact   0.60 cell  65.01
  H=3 nsup=1 noise0.02  pexact   0.60 cell  64.99 fidH 0.9993 fidL 0.9979 (2s)
  H=3 nsup=1 noise0.05  pexact   0.70 cell  64.90 fidH 0.9959 fidL 0.9882 (2s)
  H=3 nsup=1 noise0.1   pexact   0.40 cell  64.59 fidH 0.9838 fidL 0.9518 (2s)
  H=3 nsup=1 noise0.15  pexact   0.30 cell  64.09 fidH 0.9632 fidL 0.8993 (2s)
  H=3 nsup=1 noise0.2   pexact   0.00 cell  63.38 fidH 0.9393 fidL 0.8392 (3s)
  H=3 nsup=1 noise0.3   pexact   0.10 cell  61.19 fidH 0.8737 fidL 0.7062 (2s)
  H=3 nsup=1 noise0.5   pexact   0.00 cell  51.77 fidH 0.6743 fidL 0.4842 (1s)
  H=3 nsup=1 noise0.7   pexact   0.00 cell  45.97 fidH 0.5059 fidL 0.3279 (2s)
  H=3 nsup=1 noise1.0   pexact   0.00 cell  37.90 fidH 0.2638 fidL 0.2023 (1s)
  H=3 nsup=4 fp32       pexact  10.10 cell  71.36
  H=3 nsup=4 noise0.02  pexact   9.80 cell  71.29 fidH 0.9962 fidL 0.9911 (4s)
  H=3 nsup=4 noise0.05  pexact   9.50 cell  71.23 fidH 0.9907 fidL 0.9798 (3s)
  H=3 nsup=4 noise0.1   pexact   9.50 cell  71.04 fidH 0.9781 fidL 0.9527 (3s)
  H=3 nsup=4 noise0.15  pexact   8.70 cell  70.44 fidH 0.9608 fidL 0.9188 (4s)
  H=3 nsup=4 noise0.2   pexact   7.50 cell  69.65 fidH 0.9373 fidL 0.8728 (3s)
  H=3 nsup=4 noise0.3   pexact   2.90 cell  66.50 fidH 0.8617 fidL 0.7552 (3s)
  H=3 nsup=4 noise0.5   pexact   1.00 cell  59.83 fidH 0.6879 fidL 0.5602 (3s)
  H=3 nsup=4 noise0.7   pexact   0.00 cell  41.94 fidH 0.3280 fidL 0.3286 (3s)
  H=3 nsup=4 noise1.0   pexact   0.00 cell  41.20 fidH 0.2649 fidL 0.1960 (4s)
  H=3 nsup=16 fp32       pexact  17.20 cell  72.84
  H=3 nsup=16 noise0.02  pexact  15.90 cell  72.61 fidH 0.9886 fidL 0.9809 (10s)
  H=3 nsup=16 noise0.05  pexact  16.30 cell  72.80 fidH 0.9798 fidL 0.9669 (11s)
  H=3 nsup=16 noise0.1   pexact  15.90 cell  72.47 fidH 0.9673 fidL 0.9449 (10s)
  H=3 nsup=16 noise0.15  pexact  14.30 cell  71.61 fidH 0.9501 fidL 0.9137 (10s)
  H=3 nsup=16 noise0.2   pexact  10.60 cell  70.48 fidH 0.9135 fidL 0.8536 (10s)
  H=3 nsup=16 noise0.3   pexact   5.00 cell  66.40 fidH 0.8065 fidL 0.7011 (10s)
  H=3 nsup=16 noise0.5   pexact   0.00 cell  57.95 fidH 0.6085 fidL 0.4982 (10s)
  H=3 nsup=16 noise0.7   pexact   0.00 cell  46.10 fidH 0.3684 fidL 0.3395 (11s)
  H=3 nsup=16 noise1.0   pexact   0.00 cell  20.06 fidH 0.0744 fidL 0.1974 (11s)
wrote /home/ubuntu/breadth/results/variant_trm_sudoku_attn_w256_s1_65100_noise.json 30 records
variant checkpoint /home/ubuntu/edgetrm_src/TinyRecursiveModels/checkpoints/Sudoku-extreme-1k-aug-1000-ACT-torch/trm_sudoku_attn_w512_s0/step_65100: arch {'H_cycles': 3, 'H_layers': 0, 'L_cycles': 6, 'L_layers': 2, 'expansion': 4, 'forward_dtype': 'bfloat16', 'halt_exploration_prob': 0.1, 'halt_max_steps': 16, 'hidden_size': 512, 'loss': {'loss_type': 'stablemax_cross_entropy', 'name': 'losses@ACTLossHead'}, 'mlp_t': False, 'name': 'recursive_reasoning.trm@TinyRecursiveReasoningModel_ACTV1', 'no_ACT_continue': True, 'num_heads': 8, 'pos_encodings': 'rope', 'puzzle_emb_len': 16, 'puzzle_emb_ndim': 512}
sudoku_attn: 1000 puzzles, batch 256, H=[3], nsup=[1, 4, 16], quants=['fp32', 'noise0.02', 'noise0.05', 'noise0.1', 'noise0.15', 'noise0.2', 'noise0.3', 'noise0.5', 'noise0.7', 'noise1.0']; 0 records already
  H=3 nsup=1 fp32       pexact   2.20 cell  70.23
  H=3 nsup=1 noise0.02  pexact   2.20 cell  70.27 fidH 0.9998 fidL 0.9996 (4s)
  H=3 nsup=1 noise0.05  pexact   2.20 cell  70.29 fidH 0.9986 fidL 0.9975 (4s)
  H=3 nsup=1 noise0.1   pexact   2.10 cell  70.21 fidH 0.9940 fidL 0.9889 (4s)
  H=3 nsup=1 noise0.15  pexact   2.10 cell  69.98 fidH 0.9865 fidL 0.9762 (5s)
  H=3 nsup=1 noise0.2   pexact   2.10 cell  69.88 fidH 0.9783 fidL 0.9616 (4s)
  H=3 nsup=1 noise0.3   pexact   2.10 cell  69.28 fidH 0.9480 fidL 0.9124 (3s)
  H=3 nsup=1 noise0.5   pexact   1.90 cell  65.22 fidH 0.8193 fidL 0.7336 (4s)
  H=3 nsup=1 noise0.7   pexact   0.00 cell  47.73 fidH 0.4090 fidL 0.3458 (4s)
  H=3 nsup=1 noise1.0   pexact   0.00 cell  27.53 fidH 0.1905 fidL 0.1869 (4s)
  H=3 nsup=4 fp32       pexact  52.90 cell  83.40
  H=3 nsup=4 noise0.02  pexact  52.30 cell  83.31 fidH 0.9453 fidL 0.8755 (10s)
  H=3 nsup=4 noise0.05  pexact  52.30 cell  83.15 fidH 0.9375 fidL 0.8604 (9s)
  H=3 nsup=4 noise0.1   pexact  49.70 cell  82.53 fidH 0.9233 fidL 0.8365 (9s)
  H=3 nsup=4 noise0.15  pexact  49.60 cell  82.62 fidH 0.9212 fidL 0.8332 (9s)
  H=3 nsup=4 noise0.2   pexact  49.90 cell  82.71 fidH 0.9048 fidL 0.8087 (10s)
  H=3 nsup=4 noise0.3   pexact  46.90 cell  81.98 fidH 0.8839 fidL 0.7826 (10s)
  H=3 nsup=4 noise0.5   pexact  38.20 cell  78.65 fidH 0.8102 fidL 0.6846 (10s)
  H=3 nsup=4 noise0.7   pexact  18.10 cell  69.41 fidH 0.6883 fidL 0.5601 (10s)
  H=3 nsup=4 noise1.0   pexact   0.00 cell  41.50 fidH 0.2037 fidL 0.1951 (10s)
  H=3 nsup=16 fp32       pexact  64.80 cell  86.94
  H=3 nsup=16 noise0.02  pexact  66.00 cell  87.21 fidH 0.9564 fidL 0.8982 (32s)
  H=3 nsup=16 noise0.05  pexact  66.50 cell  87.23 fidH 0.9491 fidL 0.8890 (33s)
  H=3 nsup=16 noise0.1   pexact  67.10 cell  87.50 fidH 0.9506 fidL 0.8893 (35s)
  H=3 nsup=16 noise0.15  pexact  66.90 cell  87.47 fidH 0.9433 fidL 0.8761 (35s)
  H=3 nsup=16 noise0.2   pexact  65.40 cell  87.10 fidH 0.9368 fidL 0.8631 (34s)
  H=3 nsup=16 noise0.3   pexact  65.70 cell  86.92 fidH 0.9130 fidL 0.8284 (32s)
  H=3 nsup=16 noise0.5   pexact  58.60 cell  84.33 fidH 0.8520 fidL 0.7460 (33s)
  H=3 nsup=16 noise0.7   pexact  38.60 cell  75.84 fidH 0.7105 fidL 0.5902 (33s)
  H=3 nsup=16 noise1.0   pexact   0.20 cell  51.11 fidH 0.2841 fidL 0.2496 (33s)
wrote /home/ubuntu/breadth/results/variant_trm_sudoku_attn_w512_s0_65100_noise.json 30 records
variant checkpoint /home/ubuntu/edgetrm_src/TinyRecursiveModels/checkpoints/Sudoku-extreme-1k-aug-1000-ACT-torch/trm_sudoku_mlp_w256_s1/step_65100: arch {'H_cycles': 3, 'H_layers': 0, 'L_cycles': 6, 'L_layers': 2, 'expansion': 4, 'forward_dtype': 'bfloat16', 'halt_exploration_prob': 0.1, 'halt_max_steps': 16, 'hidden_size': 256, 'loss': {'loss_type': 'stablemax_cross_entropy', 'name': 'losses@ACTLossHead'}, 'mlp_t': True, 'name': 'recursive_reasoning.trm@TinyRecursiveReasoningModel_ACTV1', 'no_ACT_continue': True, 'num_heads': 4, 'pos_encodings': 'none', 'puzzle_emb_len': 16, 'puzzle_emb_ndim': 256}
sudoku_mlp: 1000 puzzles, batch 256, H=[3], nsup=[1, 4, 16], quants=['fp32', 'noise0.02', 'noise0.05', 'noise0.1', 'noise0.15', 'noise0.2', 'noise0.3', 'noise0.5', 'noise0.7', 'noise1.0']; 0 records already
  H=3 nsup=1 fp32       pexact   3.40 cell  70.31
  H=3 nsup=1 noise0.02  pexact   3.00 cell  70.28 fidH 0.9969 fidL 0.9930 (2s)
  H=3 nsup=1 noise0.05  pexact   2.70 cell  70.28 fidH 0.9847 fidL 0.9653 (3s)
  H=3 nsup=1 noise0.1   pexact   2.30 cell  68.92 fidH 0.9471 fidL 0.8854 (4s)
  H=3 nsup=1 noise0.15  pexact   2.10 cell  67.45 fidH 0.9145 fidL 0.8185 (3s)
  H=3 nsup=1 noise0.2   pexact   1.70 cell  64.26 fidH 0.8260 fidL 0.6679 (2s)
  H=3 nsup=1 noise0.3   pexact   0.00 cell  58.60 fidH 0.6676 fidL 0.5213 (2s)
  H=3 nsup=1 noise0.5   pexact   0.00 cell  40.43 fidH 0.3458 fidL 0.3469 (4s)
  H=3 nsup=1 noise0.7   pexact   0.00 cell  24.45 fidH 0.1696 fidL 0.2218 (3s)
  H=3 nsup=1 noise1.0   pexact   0.00 cell  13.66 fidH 0.0803 fidL 0.1306 (3s)
  H=3 nsup=4 fp32       pexact  47.80 cell  82.69
  H=3 nsup=4 noise0.02  pexact  46.30 cell  82.71 fidH 0.9511 fidL 0.9026 (5s)
  H=3 nsup=4 noise0.05  pexact  47.40 cell  83.02 fidH 0.9331 fidL 0.8763 (5s)
  H=3 nsup=4 noise0.1   pexact  35.10 cell  78.69 fidH 0.8958 fidL 0.8108 (6s)
  H=3 nsup=4 noise0.15  pexact  20.60 cell  74.12 fidH 0.8208 fidL 0.6976 (6s)
  H=3 nsup=4 noise0.2   pexact   2.10 cell  67.53 fidH 0.7417 fidL 0.6000 (4s)
  H=3 nsup=4 noise0.3   pexact   0.00 cell  61.55 fidH 0.6479 fidL 0.5196 (6s)
  H=3 nsup=4 noise0.5   pexact   0.00 cell  45.47 fidH 0.3583 fidL 0.3499 (6s)
  H=3 nsup=4 noise0.7   pexact   0.00 cell  19.80 fidH 0.1204 fidL 0.1859 (6s)
  H=3 nsup=4 noise1.0   pexact   0.00 cell  12.23 fidH 0.0593 fidL 0.1146 (5s)
  H=3 nsup=16 fp32       pexact  62.30 cell  86.57
  H=3 nsup=16 noise0.02  pexact  62.80 cell  86.80 fidH 0.9681 fidL 0.9402 (14s)
  H=3 nsup=16 noise0.05  pexact  58.90 cell  85.36 fidH 0.9505 fidL 0.9135 (13s)
  H=3 nsup=16 noise0.1   pexact  54.20 cell  83.36 fidH 0.9032 fidL 0.8417 (12s)
  H=3 nsup=16 noise0.15  pexact  20.70 cell  74.11 fidH 0.7783 fidL 0.6585 (13s)
  H=3 nsup=16 noise0.2   pexact   3.00 cell  67.40 fidH 0.6984 fidL 0.5610 (14s)
  H=3 nsup=16 noise0.3   pexact   0.10 cell  60.87 fidH 0.5975 fidL 0.4864 (13s)
  H=3 nsup=16 noise0.5   pexact   0.00 cell  37.51 fidH 0.2967 fidL 0.3350 (14s)
  H=3 nsup=16 noise0.7   pexact   0.00 cell  16.50 fidH 0.1144 fidL 0.1973 (12s)
  H=3 nsup=16 noise1.0   pexact   0.00 cell  11.44 fidH 0.0815 fidL 0.1418 (13s)
wrote /home/ubuntu/breadth/results/variant_trm_sudoku_mlp_w256_s1_65100_noise.json 30 records
variant checkpoint /home/ubuntu/edgetrm_src/TinyRecursiveModels/checkpoints/Sudoku-extreme-1k-aug-1000-ACT-torch/trm_sudoku_mlp_w256_s2/step_65100: arch {'H_cycles': 3, 'H_layers': 0, 'L_cycles': 6, 'L_layers': 2, 'expansion': 4, 'forward_dtype': 'bfloat16', 'halt_exploration_prob': 0.1, 'halt_max_steps': 16, 'hidden_size': 256, 'loss': {'loss_type': 'stablemax_cross_entropy', 'name': 'losses@ACTLossHead'}, 'mlp_t': True, 'name': 'recursive_reasoning.trm@TinyRecursiveReasoningModel_ACTV1', 'no_ACT_continue': True, 'num_heads': 4, 'pos_encodings': 'none', 'puzzle_emb_len': 16, 'puzzle_emb_ndim': 256}
sudoku_mlp: 1000 puzzles, batch 256, H=[3], nsup=[1, 4, 16], quants=['fp32', 'noise0.02', 'noise0.05', 'noise0.1', 'noise0.15', 'noise0.2', 'noise0.3', 'noise0.5', 'noise0.7', 'noise1.0']; 0 records already
  H=3 nsup=1 fp32       pexact   3.20 cell  70.00
  H=3 nsup=1 noise0.02  pexact   3.20 cell  69.95 fidH 0.9949 fidL 0.9863 (4s)
  H=3 nsup=1 noise0.05  pexact   2.90 cell  69.89 fidH 0.9794 fidL 0.9451 (2s)
  H=3 nsup=1 noise0.1   pexact   2.10 cell  68.66 fidH 0.9454 fidL 0.8681 (3s)
  H=3 nsup=1 noise0.15  pexact   2.10 cell  66.94 fidH 0.9110 fidL 0.8005 (2s)
  H=3 nsup=1 noise0.2   pexact   2.00 cell  64.99 fidH 0.8515 fidL 0.7019 (2s)
  H=3 nsup=1 noise0.3   pexact   0.00 cell  59.49 fidH 0.7099 fidL 0.5591 (4s)
  H=3 nsup=1 noise0.5   pexact   0.00 cell  34.50 fidH 0.2778 fidL 0.3151 (4s)
  H=3 nsup=1 noise0.7   pexact   0.00 cell  24.38 fidH 0.2208 fidL 0.2831 (3s)
  H=3 nsup=1 noise1.0   pexact   0.00 cell  11.30 fidH 0.0818 fidL 0.1199 (3s)
  H=3 nsup=4 fp32       pexact  48.90 cell  83.09
  H=3 nsup=4 noise0.02  pexact  47.20 cell  82.60 fidH 0.9448 fidL 0.8844 (4s)
  H=3 nsup=4 noise0.05  pexact  46.80 cell  82.54 fidH 0.9301 fidL 0.8605 (4s)
  H=3 nsup=4 noise0.1   pexact  37.10 cell  79.29 fidH 0.8833 fidL 0.7918 (5s)
  H=3 nsup=4 noise0.15  pexact  14.80 cell  72.89 fidH 0.8054 fidL 0.6534 (4s)
  H=3 nsup=4 noise0.2   pexact   2.40 cell  66.49 fidH 0.7354 fidL 0.5593 (6s)
  H=3 nsup=4 noise0.3   pexact   0.30 cell  61.90 fidH 0.6493 fidL 0.5018 (5s)
  H=3 nsup=4 noise0.5   pexact   0.00 cell  28.12 fidH 0.1634 fidL 0.2015 (5s)
  H=3 nsup=4 noise0.7   pexact   0.00 cell  18.69 fidH 0.1347 fidL 0.1951 (7s)
  H=3 nsup=4 noise1.0   pexact   0.00 cell  11.14 fidH 0.0944 fidL 0.1693 (5s)
  H=3 nsup=16 fp32       pexact  64.00 cell  87.05
  H=3 nsup=16 noise0.02  pexact  64.30 cell  87.23 fidH 0.9658 fidL 0.9378 (13s)
  H=3 nsup=16 noise0.05  pexact  63.60 cell  86.99 fidH 0.9492 fidL 0.9167 (13s)
  H=3 nsup=16 noise0.1   pexact  57.20 cell  84.78 fidH 0.9096 fidL 0.8597 (14s)
  H=3 nsup=16 noise0.15  pexact  34.70 cell  77.53 fidH 0.8047 fidL 0.7006 (15s)
  H=3 nsup=16 noise0.2   pexact   2.30 cell  67.41 fidH 0.6843 fidL 0.5108 (14s)
  H=3 nsup=16 noise0.3   pexact   0.30 cell  61.09 fidH 0.5862 fidL 0.4403 (13s)
