variant checkpoint /home/ubuntu/edgetrm_src/TinyRecursiveModels/checkpoints/Sudoku-extreme-1k-aug-1000-ACT-torch/trm_sudoku_attn_w256_s2/step_13020: arch {'H_cycles': 3, 'H_layers': 0, 'L_cycles': 6, 'L_layers': 2, 'expansion': 4, 'forward_dtype': 'bfloat16', 'halt_exploration_prob': 0.1, 'halt_max_steps': 16, 'hidden_size': 256, 'loss': {'loss_type': 'stablemax_cross_entropy', 'name': 'losses@ACTLossHead'}, 'mlp_t': False, 'name': 'recursive_reasoning.trm@TinyRecursiveReasoningModel_ACTV1', 'no_ACT_continue': True, 'num_heads': 4, 'pos_encodings': 'rope', 'puzzle_emb_len': 16, 'puzzle_emb_ndim': 256}
sudoku_attn: 1000 puzzles, batch 256, H=[3], nsup=[16], quants=['fp32', 'w8t', 'w8c', 'w8a', 'w6t', 'w6c', 'w6a', 'w5t', 'w5c', 'w5a', 'w4t', 'w4c', 'w4a', 'w4g128', 'w4g32', 'w3t', 'w3c', 'w3a', 'w3g32', 'w2t', 'w2c', 'w2a', 'w2g32']; 0 records already
  H=3 nsup=16 fp32       pexact   4.70 cell  68.80
  H=3 nsup=16 w8t        pexact   4.90 cell  68.80 fidH 0.9981 fidL 0.9981 (11s)
  H=3 nsup=16 w8c        pexact   4.80 cell  68.81 fidH 0.9987 fidL 0.9986 (11s)
  H=3 nsup=16 w8a        pexact   4.60 cell  68.81 fidH 0.9984 fidL 0.9983 (11s)
  H=3 nsup=16 w6t        pexact   3.60 cell  68.56 fidH 0.9935 fidL 0.9942 (11s)
  H=3 nsup=16 w6c        pexact   4.30 cell  68.76 fidH 0.9962 fidL 0.9964 (10s)
  H=3 nsup=16 w6a        pexact   4.20 cell  68.72 fidH 0.9967 fidL 0.9969 (11s)
  H=3 nsup=16 w5t        pexact   2.70 cell  67.88 fidH 0.9836 fidL 0.9854 (10s)
  H=3 nsup=16 w5c        pexact   4.90 cell  68.62 fidH 0.9916 fidL 0.9925 (11s)
  H=3 nsup=16 w5a        pexact   5.00 cell  68.59 fidH 0.9930 fidL 0.9936 (11s)
  H=3 nsup=16 w4t        pexact   2.60 cell  66.50 fidH 0.9571 fidL 0.9599 (11s)
  H=3 nsup=16 w4c        pexact   4.00 cell  67.67 fidH 0.9741 fidL 0.9788 (11s)
  H=3 nsup=16 w4a        pexact   3.60 cell  67.94 fidH 0.9827 fidL 0.9843 (11s)
  H=3 nsup=16 w4g128     pexact   4.50 cell  68.11 fidH 0.9820 fidL 0.9842 (11s)
  H=3 nsup=16 w4g32      pexact   4.00 cell  68.32 fidH 0.9869 fidL 0.9878 (11s)
  H=3 nsup=16 w3t        pexact   0.00 cell  53.78 fidH 0.7296 fidL 0.7827 (11s)
  H=3 nsup=16 w3c        pexact   0.90 cell  63.09 fidH 0.9020 fidL 0.9199 (11s)
  H=3 nsup=16 w3a        pexact   1.20 cell  66.17 fidH 0.9512 fidL 0.9537 (11s)
  H=3 nsup=16 w3g32      pexact   2.20 cell  66.71 fidH 0.9595 fidL 0.9610 (11s)
  H=3 nsup=16 w2t        pexact   0.00 cell  11.11 fidH 0.0303 fidL 0.2075 (11s)
  H=3 nsup=16 w2c        pexact   0.00 cell  14.43 fidH 0.0207 fidL 0.2467 (11s)
  H=3 nsup=16 w2a        pexact   0.00 cell  47.27 fidH 0.6071 fidL 0.7060 (11s)
  H=3 nsup=16 w2g32      pexact   0.00 cell  11.74 fidH 0.0311 fidL 0.2088 (11s)
wrote /home/ubuntu/breadth/results/variant_trm_sudoku_attn_w256_s2_13020.json 23 records
variant checkpoint /home/ubuntu/edgetrm_src/TinyRecursiveModels/checkpoints/Sudoku-extreme-1k-aug-1000-ACT-torch/trm_sudoku_attn_w256_s2/step_26040: arch {'H_cycles': 3, 'H_layers': 0, 'L_cycles': 6, 'L_layers': 2, 'expansion': 4, 'forward_dtype': 'bfloat16', 'halt_exploration_prob': 0.1, 'halt_max_steps': 16, 'hidden_size': 256, 'loss': {'loss_type': 'stablemax_cross_entropy', 'name': 'losses@ACTLossHead'}, 'mlp_t': False, 'name': 'recursive_reasoning.trm@TinyRecursiveReasoningModel_ACTV1', 'no_ACT_continue': True, 'num_heads': 4, 'pos_encodings': 'rope', 'puzzle_emb_len': 16, 'puzzle_emb_ndim': 256}
sudoku_attn: 1000 puzzles, batch 256, H=[3], nsup=[16], quants=['fp32', 'w8t', 'w8c', 'w8a', 'w6t', 'w6c', 'w6a', 'w5t', 'w5c', 'w5a', 'w4t', 'w4c', 'w4a', 'w4g128', 'w4g32', 'w3t', 'w3c', 'w3a', 'w3g32', 'w2t', 'w2c', 'w2a', 'w2g32']; 0 records already
  H=3 nsup=16 fp32       pexact  12.90 cell  71.58
  H=3 nsup=16 w8t        pexact  13.10 cell  71.75 fidH 0.9637 fidL 0.9474 (12s)
  H=3 nsup=16 w8c        pexact  12.50 cell  71.69 fidH 0.9686 fidL 0.9550 (11s)
  H=3 nsup=16 w8a        pexact  12.90 cell  71.60 fidH 0.9680 fidL 0.9530 (11s)
  H=3 nsup=16 w6t        pexact  13.60 cell  71.70 fidH 0.9543 fidL 0.9319 (11s)
  H=3 nsup=16 w6c        pexact  12.40 cell  71.43 fidH 0.9560 fidL 0.9346 (11s)
  H=3 nsup=16 w6a        pexact  12.90 cell  71.65 fidH 0.9595 fidL 0.9412 (12s)
  H=3 nsup=16 w5t        pexact   9.10 cell  70.45 fidH 0.9311 fidL 0.8910 (10s)
  H=3 nsup=16 w5c        pexact  14.00 cell  71.90 fidH 0.9557 fidL 0.9337 (11s)
  H=3 nsup=16 w5a        pexact  12.10 cell  71.24 fidH 0.9491 fidL 0.9244 (11s)
  H=3 nsup=16 w4t        pexact   4.30 cell  67.98 fidH 0.8915 fidL 0.8114 (11s)
  H=3 nsup=16 w4c        pexact   9.90 cell  70.41 fidH 0.9328 fidL 0.8879 (10s)
  H=3 nsup=16 w4a        pexact  10.70 cell  70.75 fidH 0.9374 fidL 0.8957 (11s)
  H=3 nsup=16 w4g128     pexact   9.40 cell  70.49 fidH 0.9350 fidL 0.8936 (11s)
  H=3 nsup=16 w4g32      pexact  11.90 cell  71.29 fidH 0.9466 fidL 0.9152 (11s)
  H=3 nsup=16 w3t        pexact   0.00 cell  11.21 fidH 0.0404 fidL 0.1680 (11s)
  H=3 nsup=16 w3c        pexact   3.30 cell  63.50 fidH 0.7934 fidL 0.6642 (11s)
  H=3 nsup=16 w3a        pexact   3.10 cell  66.32 fidH 0.8683 fidL 0.7851 (11s)
  H=3 nsup=16 w3g32      pexact  10.60 cell  69.95 fidH 0.9091 fidL 0.8449 (12s)
  H=3 nsup=16 w2t        pexact   0.00 cell  14.77 fidH 0.0819 fidL 0.2967 (11s)
  H=3 nsup=16 w2c        pexact   0.00 cell  15.26 fidH 0.0256 fidL 0.1422 (10s)
  H=3 nsup=16 w2a        pexact   0.00 cell  33.43 fidH 0.0774 fidL 0.1304 (11s)
  H=3 nsup=16 w2g32      pexact   0.00 cell  22.39 fidH 0.1133 fidL 0.2843 (11s)
wrote /home/ubuntu/breadth/results/variant_trm_sudoku_attn_w256_s2_26040.json 23 records
variant checkpoint /home/ubuntu/edgetrm_src/TinyRecursiveModels/checkpoints/Sudoku-extreme-1k-aug-1000-ACT-torch/trm_sudoku_attn_w256_s2/step_45570: arch {'H_cycles': 3, 'H_layers': 0, 'L_cycles': 6, 'L_layers': 2, 'expansion': 4, 'forward_dtype': 'bfloat16', 'halt_exploration_prob': 0.1, 'halt_max_steps': 16, 'hidden_size': 256, 'loss': {'loss_type': 'stablemax_cross_entropy', 'name': 'losses@ACTLossHead'}, 'mlp_t': False, 'name': 'recursive_reasoning.trm@TinyRecursiveReasoningModel_ACTV1', 'no_ACT_continue': True, 'num_heads': 4, 'pos_encodings': 'rope', 'puzzle_emb_len': 16, 'puzzle_emb_ndim': 256}
sudoku_attn: 1000 puzzles, batch 256, H=[3], nsup=[16], quants=['fp32', 'w8t', 'w8c', 'w8a', 'w6t', 'w6c', 'w6a', 'w5t', 'w5c', 'w5a', 'w4t', 'w4c', 'w4a', 'w4g128', 'w4g32', 'w3t', 'w3c', 'w3a', 'w3g32', 'w2t', 'w2c', 'w2a', 'w2g32']; 0 records already
  H=3 nsup=16 fp32       pexact  27.90 cell  76.70
  H=3 nsup=16 w8t        pexact  27.80 cell  76.68 fidH 0.9484 fidL 0.9284 (11s)
  H=3 nsup=16 w8c        pexact  28.30 cell  76.88 fidH 0.9562 fidL 0.9386 (11s)
  H=3 nsup=16 w8a        pexact  27.30 cell  76.73 fidH 0.9533 fidL 0.9344 (11s)
  H=3 nsup=16 w6t        pexact  26.90 cell  76.46 fidH 0.9211 fidL 0.8980 (11s)
  H=3 nsup=16 w6c        pexact  27.10 cell  76.50 fidH 0.9412 fidL 0.9222 (11s)
  H=3 nsup=16 w6a        pexact  27.90 cell  76.83 fidH 0.9356 fidL 0.9175 (11s)
  H=3 nsup=16 w5t        pexact  22.50 cell  75.10 fidH 0.8873 fidL 0.8385 (12s)
  H=3 nsup=16 w5c        pexact  26.40 cell  76.34 fidH 0.9187 fidL 0.8937 (11s)
  H=3 nsup=16 w5a        pexact  26.50 cell  76.50 fidH 0.9292 fidL 0.9039 (11s)
  H=3 nsup=16 w4t        pexact   2.00 cell  58.78 fidH 0.6477 fidL 0.5640 (11s)
  H=3 nsup=16 w4c        pexact  26.40 cell  75.75 fidH 0.8819 fidL 0.8250 (11s)
  H=3 nsup=16 w4a        pexact  25.60 cell  75.65 fidH 0.8968 fidL 0.8508 (11s)
  H=3 nsup=16 w4g128     pexact  25.30 cell  75.82 fidH 0.8952 fidL 0.8495 (11s)
  H=3 nsup=16 w4g32      pexact  28.50 cell  76.59 fidH 0.9044 fidL 0.8682 (11s)
  H=3 nsup=16 w3t        pexact   0.00 cell  38.79 fidH 0.2214 fidL 0.2791 (11s)
  H=3 nsup=16 w3c        pexact   2.00 cell  59.60 fidH 0.6070 fidL 0.4947 (11s)
  H=3 nsup=16 w3a        pexact  10.80 cell  69.05 fidH 0.7780 fidL 0.6699 (11s)
  H=3 nsup=16 w3g32      pexact  20.40 cell  72.67 fidH 0.8287 fidL 0.7476 (11s)
  H=3 nsup=16 w2t        pexact   0.00 cell  11.11 fidH 0.0667 fidL 0.2473 (11s)
  H=3 nsup=16 w2c        pexact   0.00 cell  11.11 fidH 0.0345 fidL 0.1050 (10s)
  H=3 nsup=16 w2a        pexact   0.00 cell  40.22 fidH 0.1150 fidL 0.1897 (11s)
  H=3 nsup=16 w2g32      pexact   0.00 cell  50.08 fidH 0.3499 fidL 0.3738 (11s)
wrote /home/ubuntu/breadth/results/variant_trm_sudoku_attn_w256_s2_45570.json 23 records
variant checkpoint /home/ubuntu/edgetrm_src/TinyRecursiveModels/checkpoints/Sudoku-extreme-1k-aug-1000-ACT-torch/trm_sudoku_attn_w256_s2/step_65100: arch {'H_cycles': 3, 'H_layers': 0, 'L_cycles': 6, 'L_layers': 2, 'expansion': 4, 'forward_dtype': 'bfloat16', 'halt_exploration_prob': 0.1, 'halt_max_steps': 16, 'hidden_size': 256, 'loss': {'loss_type': 'stablemax_cross_entropy', 'name': 'losses@ACTLossHead'}, 'mlp_t': False, 'name': 'recursive_reasoning.trm@TinyRecursiveReasoningModel_ACTV1', 'no_ACT_continue': True, 'num_heads': 4, 'pos_encodings': 'rope', 'puzzle_emb_len': 16, 'puzzle_emb_ndim': 256}
sudoku_attn: 1000 puzzles, batch 256, H=[1, 2, 3, 4], nsup=[1, 2, 4, 8, 16], quants=['fp32', 'w8t', 'w8c', 'w8a', 'w6t', 'w6c', 'w6a', 'w5t', 'w5c', 'w5a', 'w4t', 'w4c', 'w4a', 'w4g128', 'w4g32', 'w3t', 'w3c', 'w3a', 'w3g32', 'w2t', 'w2c', 'w2a', 'w2g32']; 0 records already
  H=1 nsup=1 fp32       pexact   0.00 cell  18.15
  H=1 nsup=1 w8t        pexact   0.00 cell  18.37 fidH 0.9999 fidL 1.0000 (1s)
  H=1 nsup=1 w8c        pexact   0.00 cell  18.34 fidH 1.0000 fidL 1.0000 (1s)
  H=1 nsup=1 w8a        pexact   0.00 cell  17.89 fidH 1.0000 fidL 1.0000 (1s)
  H=1 nsup=1 w6t        pexact   0.00 cell  16.32 fidH 0.9991 fidL 0.9992 (1s)
  H=1 nsup=1 w6c        pexact   0.00 cell  17.24 fidH 0.9997 fidL 0.9998 (1s)
  H=1 nsup=1 w6a        pexact   0.00 cell  17.92 fidH 0.9998 fidL 0.9998 (1s)
  H=1 nsup=1 w5t        pexact   0.00 cell  17.88 fidH 0.9956 fidL 0.9960 (3s)
  H=1 nsup=1 w5c        pexact   0.00 cell  19.97 fidH 0.9988 fidL 0.9989 (2s)
  H=1 nsup=1 w5a        pexact   0.00 cell  16.75 fidH 0.9991 fidL 0.9991 (1s)
  H=1 nsup=1 w4t        pexact   0.00 cell  26.93 fidH 0.9834 fidL 0.9803 (2s)
  H=1 nsup=1 w4c        pexact   0.00 cell  20.01 fidH 0.9941 fidL 0.9944 (1s)
  H=1 nsup=1 w4a        pexact   0.00 cell  19.33 fidH 0.9952 fidL 0.9957 (1s)
  H=1 nsup=1 w4g128     pexact   0.00 cell  18.21 fidH 0.9956 fidL 0.9958 (1s)
  H=1 nsup=1 w4g32      pexact   0.00 cell  15.65 fidH 0.9970 fidL 0.9974 (3s)
  H=1 nsup=1 w3t        pexact   0.00 cell  22.35 fidH 0.7044 fidL 0.7257 (1s)
  H=1 nsup=1 w3c        pexact   0.00 cell  17.62 fidH 0.9673 fidL 0.9656 (1s)
  H=1 nsup=1 w3a        pexact   0.00 cell  17.98 fidH 0.9751 fidL 0.9780 (1s)
  H=1 nsup=1 w3g32      pexact   0.00 cell  16.62 fidH 0.9891 fidL 0.9888 (1s)
  H=1 nsup=1 w2t        pexact   0.00 cell   9.38 fidH 0.7148 fidL 0.6410 (1s)
  H=1 nsup=1 w2c        pexact   0.00 cell  11.11 fidH 0.7496 fidL 0.7042 (1s)
  H=1 nsup=1 w2a        pexact   0.00 cell  28.60 fidH 0.7504 fidL 0.8182 (1s)
  H=1 nsup=1 w2g32      pexact   0.00 cell  26.58 fidH 0.8331 fidL 0.8437 (1s)
  H=1 nsup=2 fp32       pexact   0.00 cell  52.29
  H=1 nsup=2 w8t        pexact   0.00 cell  52.18 fidH 0.9996 fidL 0.9998 (2s)
  H=1 nsup=2 w8c        pexact   0.00 cell  52.23 fidH 0.9999 fidL 0.9999 (2s)
  H=1 nsup=2 w8a        pexact   0.00 cell  52.13 fidH 0.9999 fidL 0.9999 (2s)
  H=1 nsup=2 w6t        pexact   0.00 cell  52.25 fidH 0.9941 fidL 0.9964 (1s)
  H=1 nsup=2 w6c        pexact   0.00 cell  52.09 fidH 0.9984 fidL 0.9989 (1s)
  H=1 nsup=2 w6a        pexact   0.00 cell  52.12 fidH 0.9988 fidL 0.9991 (1s)
  H=1 nsup=2 w5t        pexact   0.00 cell  51.43 fidH 0.9761 fidL 0.9834 (1s)
  H=1 nsup=2 w5c        pexact   0.00 cell  51.80 fidH 0.9934 fidL 0.9951 (4s)
  H=1 nsup=2 w5a        pexact   0.00 cell  52.24 fidH 0.9950 fidL 0.9965 (1s)
  H=1 nsup=2 w4t        pexact   0.00 cell  49.39 fidH 0.8791 fidL 0.9336 (1s)
  H=1 nsup=2 w4c        pexact   0.00 cell  51.04 fidH 0.9668 fidL 0.9780 (1s)
  H=1 nsup=2 w4a        pexact   0.00 cell  51.93 fidH 0.9724 fidL 0.9814 (1s)
  H=1 nsup=2 w4g128     pexact   0.00 cell  51.74 fidH 0.9745 fidL 0.9839 (1s)
  H=1 nsup=2 w4g32      pexact   0.00 cell  52.48 fidH 0.9865 fidL 0.9907 (1s)
  H=1 nsup=2 w3t        pexact   0.00 cell  28.62 fidH 0.1939 fidL 0.1687 (2s)
  H=1 nsup=2 w3c        pexact   0.00 cell  45.98 fidH 0.7866 fidL 0.8806 (1s)
  H=1 nsup=2 w3a        pexact   0.00 cell  45.23 fidH 0.8385 fidL 0.9175 (2s)
  H=1 nsup=2 w3g32      pexact   0.00 cell  45.86 fidH 0.8750 fidL 0.9439 (2s)
  H=1 nsup=2 w2t        pexact   0.00 cell  11.11 fidH 0.2749 fidL 0.3301 (1s)
  H=1 nsup=2 w2c        pexact   0.00 cell  16.57 fidH 0.1626 fidL 0.1899 (1s)
  H=1 nsup=2 w2a        pexact   0.00 cell  37.41 fidH 0.2375 fidL 0.3184 (2s)
  H=1 nsup=2 w2g32      pexact   0.00 cell  30.46 fidH 0.2414 fidL 0.2252 (2s)
  H=1 nsup=4 fp32       pexact   2.70 cell  68.97
  H=1 nsup=4 w8t        pexact   2.80 cell  68.97 fidH 0.9997 fidL 0.9992 (3s)
  H=1 nsup=4 w8c        pexact   2.80 cell  68.94 fidH 0.9999 fidL 0.9998 (2s)
  H=1 nsup=4 w8a        pexact   2.70 cell  68.95 fidH 0.9999 fidL 0.9998 (2s)
  H=1 nsup=4 w6t        pexact   2.40 cell  68.75 fidH 0.9946 fidL 0.9864 (2s)
  H=1 nsup=4 w6c        pexact   2.80 cell  69.00 fidH 0.9984 fidL 0.9961 (2s)
  H=1 nsup=4 w6a        pexact   2.70 cell  68.89 fidH 0.9987 fidL 0.9966 (2s)
  H=1 nsup=4 w5t        pexact   2.40 cell  68.43 fidH 0.9760 fidL 0.9405 (2s)
  H=1 nsup=4 w5c        pexact   2.70 cell  68.83 fidH 0.9925 fidL 0.9822 (2s)
  H=1 nsup=4 w5a        pexact   2.80 cell  68.86 fidH 0.9950 fidL 0.9879 (2s)
  H=1 nsup=4 w4t        pexact   2.10 cell  65.98 fidH 0.8530 fidL 0.7470 (2s)
  H=1 nsup=4 w4c        pexact   2.30 cell  68.27 fidH 0.9662 fidL 0.9228 (2s)
  H=1 nsup=4 w4a        pexact   2.80 cell  68.45 fidH 0.9729 fidL 0.9380 (2s)
  H=1 nsup=4 w4g128     pexact   2.50 cell  68.46 fidH 0.9770 fidL 0.9448 (2s)
  H=1 nsup=4 w4g32      pexact   2.70 cell  68.80 fidH 0.9887 fidL 0.9725 (2s)
  H=1 nsup=4 w3t        pexact   0.00 cell  27.49 fidH 0.1382 fidL 0.0390 (2s)
  H=1 nsup=4 w3c        pexact   1.50 cell  64.17 fidH 0.7665 fidL 0.6287 (2s)
  H=1 nsup=4 w3a        pexact   2.00 cell  66.56 fidH 0.8584 fidL 0.7450 (2s)
  H=1 nsup=4 w3g32      pexact   2.20 cell  67.46 fidH 0.9097 fidL 0.8198 (2s)
  H=1 nsup=4 w2t        pexact   0.00 cell  11.11 fidH 0.0325 fidL 0.2640 (2s)
  H=1 nsup=4 w2c        pexact   0.00 cell  14.36 fidH -0.0066 fidL -0.0805 (2s)
  H=1 nsup=4 w2a        pexact   0.00 cell  34.38 fidH 0.2389 fidL 0.1433 (3s)
  H=1 nsup=4 w2g32      pexact   0.00 cell  23.47 fidH 0.0534 fidL -0.0356 (2s)
  H=1 nsup=8 fp32       pexact  14.40 cell  73.84
  H=1 nsup=8 w8t        pexact  15.00 cell  73.83 fidH 0.9936 fidL 0.9881 (3s)
  H=1 nsup=8 w8c        pexact  14.70 cell  73.83 fidH 0.9982 fidL 0.9963 (3s)
  H=1 nsup=8 w8a        pexact  14.50 cell  73.81 fidH 0.9989 fidL 0.9977 (3s)
  H=1 nsup=8 w6t        pexact  13.60 cell  73.57 fidH 0.9789 fidL 0.9544 (2s)
  H=1 nsup=8 w6c        pexact  13.80 cell  73.83 fidH 0.9876 fidL 0.9760 (2s)
  H=1 nsup=8 w6a        pexact  14.20 cell  73.92 fidH 0.9899 fidL 0.9800 (3s)
  H=1 nsup=8 w5t        pexact  12.10 cell  72.58 fidH 0.9492 fidL 0.8871 (2s)
  H=1 nsup=8 w5c        pexact  12.50 cell  73.34 fidH 0.9789 fidL 0.9558 (3s)
  H=1 nsup=8 w5a        pexact  13.70 cell  73.57 fidH 0.9808 fidL 0.9591 (4s)
  H=1 nsup=8 w4t        pexact   4.60 cell  67.89 fidH 0.8433 fidL 0.7069 (2s)
  H=1 nsup=8 w4c        pexact  11.10 cell  71.98 fidH 0.9426 fidL 0.8693 (2s)
  H=1 nsup=8 w4a        pexact  12.20 cell  72.45 fidH 0.9482 fidL 0.8882 (3s)
  H=1 nsup=8 w4g128     pexact  12.40 cell  72.70 fidH 0.9537 fidL 0.8956 (3s)
  H=1 nsup=8 w4g32      pexact  13.20 cell  73.38 fidH 0.9702 fidL 0.9334 (3s)
  H=1 nsup=8 w3t        pexact   0.00 cell  28.13 fidH 0.1860 fidL 0.0534 (3s)
  H=1 nsup=8 w3c        pexact   2.10 cell  61.90 fidH 0.7140 fidL 0.5519 (3s)
  H=1 nsup=8 w3a        pexact   6.00 cell  67.52 fidH 0.8296 fidL 0.6731 (3s)
  H=1 nsup=8 w3g32      pexact   7.70 cell  69.41 fidH 0.8887 fidL 0.7649 (3s)
  H=1 nsup=8 w2t        pexact   0.00 cell   7.58 fidH 0.0086 fidL 0.2447 (3s)
  H=1 nsup=8 w2c        pexact   0.00 cell  12.56 fidH 0.0347 fidL -0.0556 (3s)
  H=1 nsup=8 w2a        pexact   0.00 cell  33.50 fidH 0.2909 fidL 0.1509 (3s)
  H=1 nsup=8 w2g32      pexact   0.00 cell  19.86 fidH 0.1277 fidL 0.0225 (3s)
  H=1 nsup=16 fp32       pexact  27.00 cell  76.71
  H=1 nsup=16 w8t        pexact  26.70 cell  76.76 fidH 0.9744 fidL 0.9514 (4s)
  H=1 nsup=16 w8c        pexact  27.40 cell  76.90 fidH 0.9831 fidL 0.9686 (4s)
  H=1 nsup=16 w8a        pexact  27.40 cell  76.82 fidH 0.9838 fidL 0.9694 (5s)
  H=1 nsup=16 w6t        pexact  26.30 cell  76.45 fidH 0.9503 fidL 0.9054 (4s)
  H=1 nsup=16 w6c        pexact  26.40 cell  76.49 fidH 0.9604 fidL 0.9258 (4s)
  H=1 nsup=16 w6a        pexact  26.40 cell  76.60 fidH 0.9639 fidL 0.9321 (4s)
  H=1 nsup=16 w5t        pexact  24.40 cell  75.81 fidH 0.9072 fidL 0.8204 (4s)
  H=1 nsup=16 w5c        pexact  24.60 cell  76.75 fidH 0.9466 fidL 0.8992 (4s)
  H=1 nsup=16 w5a        pexact  26.70 cell  76.73 fidH 0.9463 fidL 0.9004 (4s)
  H=1 nsup=16 w4t        pexact   6.70 cell  68.76 fidH 0.7757 fidL 0.6393 (4s)
  H=1 nsup=16 w4c        pexact  23.00 cell  75.12 fidH 0.9051 fidL 0.8169 (4s)
  H=1 nsup=16 w4a        pexact  23.10 cell  75.37 fidH 0.9109 fidL 0.8281 (4s)
  H=1 nsup=16 w4g128     pexact  24.10 cell  75.73 fidH 0.9163 fidL 0.8435 (4s)
  H=1 nsup=16 w4g32      pexact  26.60 cell  76.42 fidH 0.9306 fidL 0.8683 (4s)
  H=1 nsup=16 w3t        pexact   0.00 cell  28.21 fidH 0.1959 fidL 0.1023 (4s)
  H=1 nsup=16 w3c        pexact   2.50 cell  60.22 fidH 0.6201 fidL 0.4462 (4s)
  H=1 nsup=16 w3a        pexact   8.60 cell  68.10 fidH 0.7635 fidL 0.6112 (4s)
  H=1 nsup=16 w3g32      pexact  15.90 cell  72.11 fidH 0.8429 fidL 0.7230 (4s)
  H=1 nsup=16 w2t        pexact   0.00 cell   7.58 fidH 0.0135 fidL 0.2427 (4s)
  H=1 nsup=16 w2c        pexact   0.00 cell  12.68 fidH 0.0303 fidL -0.0536 (4s)
  H=1 nsup=16 w2a        pexact   0.00 cell  33.41 fidH 0.2452 fidL 0.1534 (4s)
  H=1 nsup=16 w2g32      pexact   0.00 cell  19.86 fidH 0.1395 fidL 0.0808 (4s)
  H=2 nsup=1 fp32       pexact   0.00 cell  52.29
  H=2 nsup=1 w8t        pexact   0.00 cell  52.18 fidH 0.9996 fidL 0.9998 (1s)
  H=2 nsup=1 w8c        pexact   0.00 cell  52.23 fidH 0.9999 fidL 0.9999 (1s)
  H=2 nsup=1 w8a        pexact   0.00 cell  52.13 fidH 0.9999 fidL 0.9999 (1s)
  H=2 nsup=1 w6t        pexact   0.00 cell  52.25 fidH 0.9941 fidL 0.9964 (1s)
  H=2 nsup=1 w6c        pexact   0.00 cell  52.09 fidH 0.9984 fidL 0.9989 (2s)
  H=2 nsup=1 w6a        pexact   0.00 cell  52.12 fidH 0.9988 fidL 0.9991 (1s)
  H=2 nsup=1 w5t        pexact   0.00 cell  51.43 fidH 0.9761 fidL 0.9834 (1s)
  H=2 nsup=1 w5c        pexact   0.00 cell  51.80 fidH 0.9934 fidL 0.9951 (1s)
  H=2 nsup=1 w5a        pexact   0.00 cell  52.24 fidH 0.9950 fidL 0.9965 (1s)
  H=2 nsup=1 w4t        pexact   0.00 cell  49.39 fidH 0.8791 fidL 0.9336 (1s)
  H=2 nsup=1 w4c        pexact   0.00 cell  51.04 fidH 0.9668 fidL 0.9780 (1s)
  H=2 nsup=1 w4a        pexact   0.00 cell  51.93 fidH 0.9724 fidL 0.9814 (3s)
  H=2 nsup=1 w4g128     pexact   0.00 cell  51.74 fidH 0.9745 fidL 0.9839 (1s)
  H=2 nsup=1 w4g32      pexact   0.00 cell  52.48 fidH 0.9865 fidL 0.9907 (2s)
  H=2 nsup=1 w3t        pexact   0.00 cell  28.62 fidH 0.1939 fidL 0.1687 (1s)
  H=2 nsup=1 w3c        pexact   0.00 cell  45.98 fidH 0.7866 fidL 0.8806 (1s)
  H=2 nsup=1 w3a        pexact   0.00 cell  45.23 fidH 0.8385 fidL 0.9175 (2s)
  H=2 nsup=1 w3g32      pexact   0.00 cell  45.86 fidH 0.8750 fidL 0.9439 (1s)
  H=2 nsup=1 w2t        pexact   0.00 cell  11.11 fidH 0.2749 fidL 0.3301 (1s)
  H=2 nsup=1 w2c        pexact   0.00 cell  16.57 fidH 0.1626 fidL 0.1899 (2s)
  H=2 nsup=1 w2a        pexact   0.00 cell  37.41 fidH 0.2375 fidL 0.3184 (1s)
  H=2 nsup=1 w2g32      pexact   0.00 cell  30.46 fidH 0.2414 fidL 0.2252 (1s)
  H=2 nsup=2 fp32       pexact   2.70 cell  68.97
  H=2 nsup=2 w8t        pexact   2.80 cell  68.97 fidH 0.9997 fidL 0.9992 (2s)
  H=2 nsup=2 w8c        pexact   2.80 cell  68.94 fidH 0.9999 fidL 0.9998 (2s)
  H=2 nsup=2 w8a        pexact   2.70 cell  68.95 fidH 0.9999 fidL 0.9998 (2s)
  H=2 nsup=2 w6t        pexact   2.40 cell  68.75 fidH 0.9946 fidL 0.9864 (2s)
  H=2 nsup=2 w6c        pexact   2.80 cell  69.00 fidH 0.9984 fidL 0.9961 (2s)
  H=2 nsup=2 w6a        pexact   2.70 cell  68.89 fidH 0.9987 fidL 0.9966 (2s)
  H=2 nsup=2 w5t        pexact   2.40 cell  68.43 fidH 0.9760 fidL 0.9405 (2s)
  H=2 nsup=2 w5c        pexact   2.70 cell  68.83 fidH 0.9925 fidL 0.9822 (2s)
  H=2 nsup=2 w5a        pexact   2.80 cell  68.86 fidH 0.9950 fidL 0.9879 (2s)
  H=2 nsup=2 w4t        pexact   2.10 cell  65.98 fidH 0.8530 fidL 0.7470 (2s)
  H=2 nsup=2 w4c        pexact   2.30 cell  68.27 fidH 0.9662 fidL 0.9228 (3s)
  H=2 nsup=2 w4a        pexact   2.80 cell  68.45 fidH 0.9729 fidL 0.9380 (2s)
  H=2 nsup=2 w4g128     pexact   2.50 cell  68.46 fidH 0.9770 fidL 0.9448 (2s)
  H=2 nsup=2 w4g32      pexact   2.70 cell  68.80 fidH 0.9887 fidL 0.9725 (2s)
  H=2 nsup=2 w3t        pexact   0.00 cell  27.49 fidH 0.1382 fidL 0.0390 (2s)
  H=2 nsup=2 w3c        pexact   1.50 cell  64.17 fidH 0.7665 fidL 0.6287 (2s)
  H=2 nsup=2 w3a        pexact   2.00 cell  66.56 fidH 0.8584 fidL 0.7450 (2s)
  H=2 nsup=2 w3g32      pexact   2.20 cell  67.46 fidH 0.9097 fidL 0.8198 (2s)
  H=2 nsup=2 w2t        pexact   0.00 cell  11.11 fidH 0.0325 fidL 0.2640 (2s)
  H=2 nsup=2 w2c        pexact   0.00 cell  14.36 fidH -0.0066 fidL -0.0805 (3s)
  H=2 nsup=2 w2a        pexact   0.00 cell  34.38 fidH 0.2389 fidL 0.1433 (2s)
  H=2 nsup=2 w2g32      pexact   0.00 cell  23.47 fidH 0.0534 fidL -0.0356 (2s)
  H=2 nsup=4 fp32       pexact  14.40 cell  73.84
  H=2 nsup=4 w8t        pexact  15.00 cell  73.83 fidH 0.9936 fidL 0.9881 (2s)
  H=2 nsup=4 w8c        pexact  14.70 cell  73.83 fidH 0.9982 fidL 0.9963 (3s)
  H=2 nsup=4 w8a        pexact  14.50 cell  73.81 fidH 0.9989 fidL 0.9977 (3s)
  H=2 nsup=4 w6t        pexact  13.60 cell  73.57 fidH 0.9789 fidL 0.9544 (3s)
  H=2 nsup=4 w6c        pexact  13.80 cell  73.83 fidH 0.9876 fidL 0.9760 (3s)
  H=2 nsup=4 w6a        pexact  14.20 cell  73.92 fidH 0.9899 fidL 0.9800 (3s)
  H=2 nsup=4 w5t        pexact  12.10 cell  72.58 fidH 0.9492 fidL 0.8871 (3s)
  H=2 nsup=4 w5c        pexact  12.50 cell  73.34 fidH 0.9789 fidL 0.9558 (3s)
  H=2 nsup=4 w5a        pexact  13.70 cell  73.57 fidH 0.9808 fidL 0.9591 (3s)
  H=2 nsup=4 w4t        pexact   4.60 cell  67.89 fidH 0.8433 fidL 0.7069 (3s)
  H=2 nsup=4 w4c        pexact  11.10 cell  71.98 fidH 0.9426 fidL 0.8693 (2s)
  H=2 nsup=4 w4a        pexact  12.20 cell  72.45 fidH 0.9482 fidL 0.8882 (3s)
  H=2 nsup=4 w4g128     pexact  12.40 cell  72.70 fidH 0.9537 fidL 0.8956 (3s)
  H=2 nsup=4 w4g32      pexact  13.20 cell  73.38 fidH 0.9702 fidL 0.9334 (3s)
  H=2 nsup=4 w3t        pexact   0.00 cell  28.13 fidH 0.1860 fidL 0.0534 (3s)
  H=2 nsup=4 w3c        pexact   2.10 cell  61.90 fidH 0.7140 fidL 0.5519 (3s)
  H=2 nsup=4 w3a        pexact   6.00 cell  67.52 fidH 0.8296 fidL 0.6731 (3s)
  H=2 nsup=4 w3g32      pexact   7.70 cell  69.41 fidH 0.8887 fidL 0.7649 (2s)
  H=2 nsup=4 w2t        pexact   0.00 cell   7.58 fidH 0.0086 fidL 0.2447 (3s)
  H=2 nsup=4 w2c        pexact   0.00 cell  12.56 fidH 0.0347 fidL -0.0556 (2s)
  H=2 nsup=4 w2a        pexact   0.00 cell  33.50 fidH 0.2909 fidL 0.1509 (3s)
  H=2 nsup=4 w2g32      pexact   0.00 cell  19.86 fidH 0.1277 fidL 0.0225 (3s)
  H=2 nsup=8 fp32       pexact  27.00 cell  76.71
  H=2 nsup=8 w8t        pexact  26.70 cell  76.76 fidH 0.9744 fidL 0.9514 (4s)
  H=2 nsup=8 w8c        pexact  27.40 cell  76.90 fidH 0.9831 fidL 0.9686 (4s)
  H=2 nsup=8 w8a        pexact  27.40 cell  76.82 fidH 0.9838 fidL 0.9694 (5s)
  H=2 nsup=8 w6t        pexact  26.30 cell  76.45 fidH 0.9503 fidL 0.9054 (4s)
  H=2 nsup=8 w6c        pexact  26.40 cell  76.49 fidH 0.9604 fidL 0.9258 (5s)
  H=2 nsup=8 w6a        pexact  26.40 cell  76.60 fidH 0.9639 fidL 0.9321 (4s)
  H=2 nsup=8 w5t        pexact  24.40 cell  75.81 fidH 0.9072 fidL 0.8204 (4s)
  H=2 nsup=8 w5c        pexact  24.60 cell  76.75 fidH 0.9466 fidL 0.8992 (4s)
  H=2 nsup=8 w5a        pexact  26.70 cell  76.73 fidH 0.9463 fidL 0.9004 (4s)
  H=2 nsup=8 w4t        pexact   6.70 cell  68.76 fidH 0.7757 fidL 0.6393 (4s)
  H=2 nsup=8 w4c        pexact  23.00 cell  75.12 fidH 0.9051 fidL 0.8169 (4s)
  H=2 nsup=8 w4a        pexact  23.10 cell  75.37 fidH 0.9109 fidL 0.8281 (4s)
  H=2 nsup=8 w4g128     pexact  24.10 cell  75.73 fidH 0.9163 fidL 0.8435 (4s)
  H=2 nsup=8 w4g32      pexact  26.60 cell  76.42 fidH 0.9306 fidL 0.8683 (4s)
  H=2 nsup=8 w3t        pexact   0.00 cell  28.21 fidH 0.1959 fidL 0.1023 (4s)
  H=2 nsup=8 w3c        pexact   2.50 cell  60.22 fidH 0.6201 fidL 0.4462 (4s)
  H=2 nsup=8 w3a        pexact   8.60 cell  68.10 fidH 0.7635 fidL 0.6112 (5s)
  H=2 nsup=8 w3g32      pexact  15.90 cell  72.11 fidH 0.8429 fidL 0.7230 (4s)
  H=2 nsup=8 w2t        pexact   0.00 cell   7.58 fidH 0.0135 fidL 0.2427 (4s)
  H=2 nsup=8 w2c        pexact   0.00 cell  12.68 fidH 0.0303 fidL -0.0536 (4s)
  H=2 nsup=8 w2a        pexact   0.00 cell  33.41 fidH 0.2452 fidL 0.1534 (4s)
  H=2 nsup=8 w2g32      pexact   0.00 cell  19.86 fidH 0.1395 fidL 0.0808 (4s)
  H=2 nsup=16 fp32       pexact  27.40 cell  76.25
  H=2 nsup=16 w8t        pexact  26.50 cell  75.93 fidH 0.9438 fidL 0.9026 (7s)
  H=2 nsup=16 w8c        pexact  27.60 cell  76.32 fidH 0.9535 fidL 0.9193 (7s)
  H=2 nsup=16 w8a        pexact  27.60 cell  76.25 fidH 0.9522 fidL 0.9172 (7s)
  H=2 nsup=16 w6t        pexact  23.30 cell  75.19 fidH 0.9061 fidL 0.8399 (7s)
  H=2 nsup=16 w6c        pexact  24.70 cell  75.22 fidH 0.9178 fidL 0.8629 (7s)
  H=2 nsup=16 w6a        pexact  27.80 cell  76.21 fidH 0.9329 fidL 0.8853 (8s)
  H=2 nsup=16 w5t        pexact  19.50 cell  73.71 fidH 0.8640 fidL 0.7689 (7s)
  H=2 nsup=16 w5c        pexact  29.30 cell  76.74 fidH 0.9205 fidL 0.8662 (7s)
  H=2 nsup=16 w5a        pexact  28.10 cell  76.47 fidH 0.9151 fidL 0.8556 (8s)
  H=2 nsup=16 w4t        pexact   6.90 cell  68.63 fidH 0.7591 fidL 0.6258 (8s)
  H=2 nsup=16 w4c        pexact  25.90 cell  75.65 fidH 0.8831 fidL 0.7940 (7s)
  H=2 nsup=16 w4a        pexact  29.90 cell  76.48 fidH 0.8895 fidL 0.8068 (7s)
  H=2 nsup=16 w4g128     pexact  19.70 cell  73.94 fidH 0.8832 fidL 0.8010 (7s)
  H=2 nsup=16 w4g32      pexact  29.90 cell  76.76 fidH 0.9054 fidL 0.8365 (9s)
  H=2 nsup=16 w3t        pexact   0.00 cell  28.17 fidH 0.1953 fidL 0.1012 (7s)
  H=2 nsup=16 w3c        pexact   3.10 cell  59.81 fidH 0.5950 fidL 0.4214 (7s)
  H=2 nsup=16 w3a        pexact  11.80 cell  68.26 fidH 0.7481 fidL 0.5981 (7s)
  H=2 nsup=16 w3g32      pexact  19.60 cell  72.62 fidH 0.8214 fidL 0.6935 (7s)
  H=2 nsup=16 w2t        pexact   0.00 cell   7.58 fidH 0.0133 fidL 0.2356 (7s)
  H=2 nsup=16 w2c        pexact   0.00 cell  12.68 fidH 0.0308 fidL -0.0540 (8s)
  H=2 nsup=16 w2a        pexact   0.00 cell  33.32 fidH 0.2308 fidL 0.1553 (7s)
  H=2 nsup=16 w2g32      pexact   0.00 cell  19.89 fidH 0.1401 fidL 0.0824 (7s)
  H=3 nsup=1 fp32       pexact   2.10 cell  67.33
  H=3 nsup=1 w8t        pexact   2.10 cell  67.38 fidH 0.9997 fidL 0.9993 (2s)
  H=3 nsup=1 w8c        pexact   2.10 cell  67.32 fidH 0.9999 fidL 0.9998 (2s)
  H=3 nsup=1 w8a        pexact   2.10 cell  67.33 fidH 0.9999 fidL 0.9998 (2s)
  H=3 nsup=1 w6t        pexact   2.10 cell  67.31 fidH 0.9940 fidL 0.9876 (1s)
  H=3 nsup=1 w6c        pexact   2.10 cell  67.34 fidH 0.9983 fidL 0.9963 (1s)
  H=3 nsup=1 w6a        pexact   2.10 cell  67.38 fidH 0.9986 fidL 0.9969 (2s)
  H=3 nsup=1 w5t        pexact   2.00 cell  66.83 fidH 0.9740 fidL 0.9444 (1s)
  H=3 nsup=1 w5c        pexact   2.10 cell  67.37 fidH 0.9924 fidL 0.9840 (2s)
  H=3 nsup=1 w5a        pexact   2.10 cell  67.22 fidH 0.9946 fidL 0.9889 (2s)
  H=3 nsup=1 w4t        pexact   1.10 cell  64.58 fidH 0.8522 fidL 0.7981 (2s)
  H=3 nsup=1 w4c        pexact   2.10 cell  66.73 fidH 0.9633 fidL 0.9285 (1s)
  H=3 nsup=1 w4a        pexact   2.00 cell  67.18 fidH 0.9702 fidL 0.9385 (2s)
  H=3 nsup=1 w4g128     pexact   2.00 cell  66.75 fidH 0.9755 fidL 0.9488 (2s)
  H=3 nsup=1 w4g32      pexact   2.10 cell  67.32 fidH 0.9864 fidL 0.9724 (1s)
  H=3 nsup=1 w3t        pexact   0.00 cell  26.68 fidH 0.1520 fidL 0.1075 (1s)
  H=3 nsup=1 w3c        pexact   0.40 cell  62.17 fidH 0.7602 fidL 0.6881 (2s)
  H=3 nsup=1 w3a        pexact   0.60 cell  64.44 fidH 0.8483 fidL 0.7774 (2s)
  H=3 nsup=1 w3g32      pexact   1.70 cell  65.91 fidH 0.8989 fidL 0.8343 (2s)
  H=3 nsup=1 w2t        pexact   0.00 cell  11.11 fidH 0.0799 fidL 0.2503 (2s)
  H=3 nsup=1 w2c        pexact   0.00 cell  11.23 fidH 0.0258 fidL -0.0070 (2s)
  H=3 nsup=1 w2a        pexact   0.00 cell  35.27 fidH 0.2777 fidL 0.2957 (2s)
  H=3 nsup=1 w2g32      pexact   0.00 cell  25.48 fidH 0.0960 fidL 0.0742 (2s)
  H=3 nsup=2 fp32       pexact   9.20 cell  71.62
  H=3 nsup=2 w8t        pexact   9.30 cell  71.67 fidH 0.9976 fidL 0.9960 (2s)
  H=3 nsup=2 w8c        pexact   9.00 cell  71.61 fidH 0.9991 fidL 0.9986 (2s)
  H=3 nsup=2 w8a        pexact   9.00 cell  71.56 fidH 0.9991 fidL 0.9987 (2s)
  H=3 nsup=2 w6t        pexact   9.20 cell  71.31 fidH 0.9879 fidL 0.9727 (2s)
  H=3 nsup=2 w6c        pexact   9.10 cell  71.50 fidH 0.9949 fidL 0.9896 (2s)
  H=3 nsup=2 w6a        pexact   9.40 cell  71.58 fidH 0.9961 fidL 0.9918 (3s)
  H=3 nsup=2 w5t        pexact   7.80 cell  70.74 fidH 0.9606 fidL 0.9114 (2s)
  H=3 nsup=2 w5c        pexact   9.00 cell  71.24 fidH 0.9857 fidL 0.9688 (2s)
  H=3 nsup=2 w5a        pexact   8.90 cell  71.38 fidH 0.9883 fidL 0.9742 (2s)
  H=3 nsup=2 w4t        pexact   3.10 cell  66.97 fidH 0.8527 fidL 0.7373 (2s)
  H=3 nsup=2 w4c        pexact   8.00 cell  70.57 fidH 0.9555 fidL 0.8925 (2s)
  H=3 nsup=2 w4a        pexact   8.00 cell  70.56 fidH 0.9624 fidL 0.9144 (2s)
  H=3 nsup=2 w4g128     pexact   8.20 cell  71.10 fidH 0.9679 fidL 0.9242 (2s)
  H=3 nsup=2 w4g32      pexact   9.10 cell  71.39 fidH 0.9790 fidL 0.9537 (2s)
  H=3 nsup=2 w3t        pexact   0.00 cell  27.94 fidH 0.1733 fidL 0.0190 (2s)
  H=3 nsup=2 w3c        pexact   1.90 cell  63.44 fidH 0.7499 fidL 0.6043 (3s)
  H=3 nsup=2 w3a        pexact   3.60 cell  67.60 fidH 0.8542 fidL 0.7120 (2s)
  H=3 nsup=2 w3g32      pexact   5.20 cell  68.57 fidH 0.8965 fidL 0.7968 (2s)
  H=3 nsup=2 w2t        pexact   0.00 cell  11.11 fidH 0.0018 fidL 0.2414 (2s)
  H=3 nsup=2 w2c        pexact   0.00 cell  11.67 fidH 0.0360 fidL -0.0525 (2s)
  H=3 nsup=2 w2a        pexact   0.00 cell  33.55 fidH 0.2832 fidL 0.1345 (2s)
  H=3 nsup=2 w2g32      pexact   0.00 cell  20.06 fidH 0.1165 fidL -0.0320 (3s)
  H=3 nsup=4 fp32       pexact  24.30 cell  76.15
  H=3 nsup=4 w8t        pexact  23.90 cell  76.06 fidH 0.9826 fidL 0.9668 (3s)
  H=3 nsup=4 w8c        pexact  24.00 cell  76.08 fidH 0.9912 fidL 0.9830 (3s)
  H=3 nsup=4 w8a        pexact  24.20 cell  76.17 fidH 0.9915 fidL 0.9837 (3s)
  H=3 nsup=4 w6t        pexact  24.50 cell  75.82 fidH 0.9594 fidL 0.9204 (3s)
  H=3 nsup=4 w6c        pexact  24.60 cell  76.03 fidH 0.9665 fidL 0.9362 (3s)
  H=3 nsup=4 w6a        pexact  23.70 cell  76.00 fidH 0.9721 fidL 0.9453 (3s)
  H=3 nsup=4 w5t        pexact  21.80 cell  75.05 fidH 0.9232 fidL 0.8445 (3s)
  H=3 nsup=4 w5c        pexact  22.30 cell  75.55 fidH 0.9561 fidL 0.9155 (3s)
  H=3 nsup=4 w5a        pexact  23.30 cell  75.75 fidH 0.9566 fidL 0.9158 (4s)
  H=3 nsup=4 w4t        pexact   6.40 cell  68.71 fidH 0.8038 fidL 0.6671 (3s)
  H=3 nsup=4 w4c        pexact  20.10 cell  74.42 fidH 0.9126 fidL 0.8274 (3s)
  H=3 nsup=4 w4a        pexact  20.40 cell  74.65 fidH 0.9196 fidL 0.8412 (3s)
  H=3 nsup=4 w4g128     pexact  21.80 cell  75.01 fidH 0.9259 fidL 0.8580 (4s)
  H=3 nsup=4 w4g32      pexact  22.40 cell  75.51 fidH 0.9407 fidL 0.8851 (3s)
  H=3 nsup=4 w3t        pexact   0.00 cell  28.20 fidH 0.1937 fidL 0.0929 (3s)
  H=3 nsup=4 w3c        pexact   2.40 cell  60.69 fidH 0.6522 fidL 0.4706 (3s)
  H=3 nsup=4 w3a        pexact   7.90 cell  67.26 fidH 0.7830 fidL 0.6200 (3s)
  H=3 nsup=4 w3g32      pexact  13.90 cell  71.33 fidH 0.8560 fidL 0.7332 (3s)
  H=3 nsup=4 w2t        pexact   0.00 cell   7.58 fidH 0.0142 fidL 0.2486 (3s)
  H=3 nsup=4 w2c        pexact   0.00 cell  12.67 fidH 0.0299 fidL -0.0578 (3s)
  H=3 nsup=4 w2a        pexact   0.00 cell  33.49 fidH 0.2648 fidL 0.1489 (3s)
  H=3 nsup=4 w2g32      pexact   0.00 cell  19.83 fidH 0.1365 fidL 0.0689 (3s)
  H=3 nsup=8 fp32       pexact  27.40 cell  76.82
  H=3 nsup=8 w8t        pexact  27.40 cell  76.51 fidH 0.9557 fidL 0.9195 (6s)
variant checkpoint /home/ubuntu/edgetrm_src/TinyRecursiveModels/checkpoints/Sudoku-extreme-1k-aug-1000-ACT-torch/trm_sudoku_attn_w512_s1/step_13020: arch {'H_cycles': 3, 'H_layers': 0, 'L_cycles': 6, 'L_layers': 2, 'expansion': 4, 'forward_dtype': 'bfloat16', 'halt_exploration_prob': 0.1, 'halt_max_steps': 16, 'hidden_size': 512, 'loss': {'loss_type': 'stablemax_cross_entropy', 'name': 'losses@ACTLossHead'}, 'mlp_t': False, 'name': 'recursive_reasoning.trm@TinyRecursiveReasoningModel_ACTV1', 'no_ACT_continue': True, 'num_heads': 8, 'pos_encodings': 'rope', 'puzzle_emb_len': 16, 'puzzle_emb_ndim': 512}
sudoku_attn: 1000 puzzles, batch 256, H=[3], nsup=[16], quants=['fp32', 'w8t', 'w8c', 'w8a', 'w6t', 'w6c', 'w6a', 'w5t', 'w5c', 'w5a', 'w4t', 'w4c', 'w4a', 'w4g128', 'w4g32', 'w3t', 'w3c', 'w3a', 'w3g32', 'w2t', 'w2c', 'w2a', 'w2g32']; 9 records already
  H=3 nsup=16 w5a        pexact  26.50 cell  76.37 fidH 0.9833 fidL 0.9729 (33s)
  H=3 nsup=16 w4t        pexact  26.00 cell  75.76 fidH 0.9577 fidL 0.9325 (33s)
  H=3 nsup=16 w4c        pexact  25.90 cell  76.10 fidH 0.9751 fidL 0.9599 (32s)
  H=3 nsup=16 w4a        pexact  26.60 cell  76.23 fidH 0.9779 fidL 0.9652 (32s)
  H=3 nsup=16 w4g128     pexact  25.50 cell  76.05 fidH 0.9779 fidL 0.9645 (32s)
  H=3 nsup=16 w4g32      pexact  25.80 cell  76.20 fidH 0.9802 fidL 0.9676 (33s)
  H=3 nsup=16 w3t        pexact  13.50 cell  69.30 fidH 0.8423 fidL 0.7590 (32s)
  H=3 nsup=16 w3c        pexact  24.40 cell  74.66 fidH 0.9363 fidL 0.8943 (35s)
  H=3 nsup=16 w3a        pexact  24.70 cell  75.59 fidH 0.9540 fidL 0.9252 (33s)
  H=3 nsup=16 w3g32      pexact  24.90 cell  75.71 fidH 0.9621 fidL 0.9363 (34s)
  H=3 nsup=16 w2t        pexact   0.00 cell  11.02 fidH 0.0018 fidL 0.2189 (34s)
  H=3 nsup=16 w2c        pexact   0.00 cell  25.36 fidH 0.0428 fidL 0.1989 (33s)
  H=3 nsup=16 w2a        pexact   9.30 cell  66.32 fidH 0.7688 fidL 0.6528 (33s)
  H=3 nsup=16 w2g32      pexact   3.60 cell  60.98 fidH 0.6819 fidL 0.5364 (32s)
wrote /home/ubuntu/breadth/results/variant_trm_sudoku_attn_w512_s1_13020.json 23 records
variant checkpoint /home/ubuntu/edgetrm_src/TinyRecursiveModels/checkpoints/Sudoku-extreme-1k-aug-1000-ACT-torch/trm_sudoku_attn_w512_s1/step_39060: arch {'H_cycles': 3, 'H_layers': 0, 'L_cycles': 6, 'L_layers': 2, 'expansion': 4, 'forward_dtype': 'bfloat16', 'halt_exploration_prob': 0.1, 'halt_max_steps': 16, 'hidden_size': 512, 'loss': {'loss_type': 'stablemax_cross_entropy', 'name': 'losses@ACTLossHead'}, 'mlp_t': False, 'name': 'recursive_reasoning.trm@TinyRecursiveReasoningModel_ACTV1', 'no_ACT_continue': True, 'num_heads': 8, 'pos_encodings': 'rope', 'puzzle_emb_len': 16, 'puzzle_emb_ndim': 512}
sudoku_attn: 1000 puzzles, batch 256, H=[3], nsup=[16], quants=['fp32', 'w8t', 'w8c', 'w8a', 'w6t', 'w6c', 'w6a', 'w5t', 'w5c', 'w5a', 'w4t', 'w4c', 'w4a', 'w4g128', 'w4g32', 'w3t', 'w3c', 'w3a', 'w3g32', 'w2t', 'w2c', 'w2a', 'w2g32']; 0 records already
  H=3 nsup=16 fp32       pexact  50.00 cell  83.58
variant checkpoint /home/ubuntu/edgetrm_src/TinyRecursiveModels/checkpoints/Sudoku-extreme-1k-aug-1000-ACT-torch/trm_sudoku_attn_w512_s1/step_26040: arch {'H_cycles': 3, 'H_layers': 0, 'L_cycles': 6, 'L_layers': 2, 'expansion': 4, 'forward_dtype': 'bfloat16', 'halt_exploration_prob': 0.1, 'halt_max_steps': 16, 'hidden_size': 512, 'loss': {'loss_type': 'stablemax_cross_entropy', 'name': 'losses@ACTLossHead'}, 'mlp_t': False, 'name': 'recursive_reasoning.trm@TinyRecursiveReasoningModel_ACTV1', 'no_ACT_continue': True, 'num_heads': 8, 'pos_encodings': 'rope', 'puzzle_emb_len': 16, 'puzzle_emb_ndim': 512}
sudoku_attn: 1000 puzzles, batch 1000, H=[3], nsup=[16], quants=['fp32', 'w8t', 'w8c', 'w8a', 'w6t', 'w6c', 'w6a', 'w5t', 'w5c', 'w5a', 'w4t', 'w4c', 'w4a', 'w4g128', 'w4g32', 'w3t', 'w3c', 'w3a', 'w3g32', 'w2t', 'w2c', 'w2a', 'w2g32']; 16 records already
variant checkpoint /home/ubuntu/edgetrm_src/TinyRecursiveModels/checkpoints/Sudoku-extreme-1k-aug-1000-ACT-torch/trm_sudoku_attn_w512_s1/step_52080: arch {'H_cycles': 3, 'H_layers': 0, 'L_cycles': 6, 'L_layers': 2, 'expansion': 4, 'forward_dtype': 'bfloat16', 'halt_exploration_prob': 0.1, 'halt_max_steps': 16, 'hidden_size': 512, 'loss': {'loss_type': 'stablemax_cross_entropy', 'name': 'losses@ACTLossHead'}, 'mlp_t': False, 'name': 'recursive_reasoning.trm@TinyRecursiveReasoningModel_ACTV1', 'no_ACT_continue': True, 'num_heads': 8, 'pos_encodings': 'rope', 'puzzle_emb_len': 16, 'puzzle_emb_ndim': 512}
sudoku_attn: 1000 puzzles, batch 1000, H=[3], nsup=[16], quants=['fp32', 'w8t', 'w8c', 'w8a', 'w6t', 'w6c', 'w6a', 'w5t', 'w5c', 'w5a', 'w4t', 'w4c', 'w4a', 'w4g128', 'w4g32', 'w3t', 'w3c', 'w3a', 'w3g32', 'w2t', 'w2c', 'w2a', 'w2g32']; 0 records already
  H=3 nsup=16 fp32       pexact  55.80 cell  84.57
  H=3 nsup=16 w3c        pexact  46.90 cell  81.22 fidH 0.8928 fidL 0.8035 (78s)
  H=3 nsup=16 w8t        pexact  56.30 cell  84.58 fidH 0.9009 fidL 0.8093 (78s)
variant checkpoint /home/ubuntu/edgetrm_src/TinyRecursiveModels/checkpoints/Sudoku-extreme-1k-aug-1000-ACT-torch/trm_sudoku_attn_w512_s1/step_26040: arch {'H_cycles': 3, 'H_layers': 0, 'L_cycles': 6, 'L_layers': 2, 'expansion': 4, 'forward_dtype': 'bfloat16', 'halt_exploration_prob': 0.1, 'halt_max_steps': 16, 'hidden_size': 512, 'loss': {'loss_type': 'stablemax_cross_entropy', 'name': 'losses@ACTLossHead'}, 'mlp_t': False, 'name': 'recursive_reasoning.trm@TinyRecursiveReasoningModel_ACTV1', 'no_ACT_continue': True, 'num_heads': 8, 'pos_encodings': 'rope', 'puzzle_emb_len': 16, 'puzzle_emb_ndim': 512}
sudoku_attn: 1000 puzzles, batch 256, H=[3], nsup=[16], quants=['fp32', 'w8t', 'w8c', 'w8a', 'w6t', 'w6c', 'w6a', 'w5t', 'w5c', 'w5a', 'w4t', 'w4c', 'w4a', 'w4g128', 'w4g32', 'w3t', 'w3c', 'w3a', 'w3g32', 'w2t', 'w2c', 'w2a', 'w2g32']; 17 records already
  H=3 nsup=16 w3a        pexact  45.80 cell  81.24 fidH 0.9098 fidL 0.8342 (32s)
  H=3 nsup=16 w3g32      pexact  44.50 cell  81.09 fidH 0.9164 fidL 0.8434 (32s)
  H=3 nsup=16 w2t        pexact   0.00 cell  11.11 fidH 0.0153 fidL 0.2011 (32s)
  H=3 nsup=16 w2c        pexact   0.00 cell  17.60 fidH 0.0166 fidL 0.1007 (32s)
  H=3 nsup=16 w2a        pexact   5.60 cell  60.90 fidH 0.4921 fidL 0.4305 (32s)
  H=3 nsup=16 w2g32      pexact   0.70 cell  59.52 fidH 0.4261 fidL 0.3903 (32s)
wrote /home/ubuntu/breadth/results/variant_trm_sudoku_attn_w512_s1_26040.json 23 records
variant checkpoint /home/ubuntu/edgetrm_src/TinyRecursiveModels/checkpoints/Sudoku-extreme-1k-aug-1000-ACT-torch/trm_sudoku_attn_w512_s1/step_45570: arch {'H_cycles': 3, 'H_layers': 0, 'L_cycles': 6, 'L_layers': 2, 'expansion': 4, 'forward_dtype': 'bfloat16', 'halt_exploration_prob': 0.1, 'halt_max_steps': 16, 'hidden_size': 512, 'loss': {'loss_type': 'stablemax_cross_entropy', 'name': 'losses@ACTLossHead'}, 'mlp_t': False, 'name': 'recursive_reasoning.trm@TinyRecursiveReasoningModel_ACTV1', 'no_ACT_continue': True, 'num_heads': 8, 'pos_encodings': 'rope', 'puzzle_emb_len': 16, 'puzzle_emb_ndim': 512}
sudoku_attn: 1000 puzzles, batch 256, H=[3], nsup=[16], quants=['fp32', 'w8t', 'w8c', 'w8a', 'w6t', 'w6c', 'w6a', 'w5t', 'w5c', 'w5a', 'w4t', 'w4c', 'w4a', 'w4g128', 'w4g32', 'w3t', 'w3c', 'w3a', 'w3g32', 'w2t', 'w2c', 'w2a', 'w2g32']; 2 records already
  H=3 nsup=16 w8c        pexact  55.90 cell  84.45 fidH 0.9382 fidL 0.8652 (33s)
  H=3 nsup=16 w8a        pexact  56.50 cell  84.58 fidH 0.9420 fidL 0.8687 (33s)
  H=3 nsup=16 w6t        pexact  55.60 cell  84.22 fidH 0.9211 fidL 0.8351 (33s)
  H=3 nsup=16 w6c        pexact  55.80 cell  84.29 fidH 0.9268 fidL 0.8447 (33s)
  H=3 nsup=16 w6a        pexact  56.50 cell  84.46 fidH 0.9295 fidL 0.8493 (33s)
  H=3 nsup=16 w5t        pexact  56.20 cell  84.46 fidH 0.9100 fidL 0.8191 (34s)
  H=3 nsup=16 w5c        pexact  55.90 cell  84.53 fidH 0.9198 fidL 0.8361 (33s)
  H=3 nsup=16 w5a        pexact  55.60 cell  84.20 fidH 0.9208 fidL 0.8377 (33s)
  H=3 nsup=16 w4t        pexact  52.00 cell  82.96 fidH 0.8720 fidL 0.7606 (32s)
  H=3 nsup=16 w4c        pexact  56.80 cell  84.27 fidH 0.9059 fidL 0.8146 (32s)
  H=3 nsup=16 w4a        pexact  56.70 cell  84.37 fidH 0.9094 fidL 0.8206 (33s)
  H=3 nsup=16 w4g128     pexact  57.50 cell  84.74 fidH 0.9129 fidL 0.8265 (33s)
  H=3 nsup=16 w4g32      pexact  56.80 cell  84.57 fidH 0.9259 fidL 0.8450 (33s)
  H=3 nsup=16 w3t        pexact   0.00 cell  28.52 fidH 0.0499 fidL 0.1168 (34s)
  H=3 nsup=16 w3c        pexact  51.20 cell  82.95 fidH 0.8470 fidL 0.7173 (34s)
  H=3 nsup=16 w3a        pexact  50.60 cell  83.15 fidH 0.8657 fidL 0.7494 (32s)
  H=3 nsup=16 w3g32      pexact  50.40 cell  82.63 fidH 0.8590 fidL 0.7431 (32s)
  H=3 nsup=16 w2t        pexact   0.00 cell   3.46 fidH 0.0138 fidL 0.1621 (32s)
  H=3 nsup=16 w2c        pexact   0.00 cell  16.97 fidH 0.0396 fidL 0.1351 (32s)
  H=3 nsup=16 w2a        pexact   0.00 cell  52.35 fidH 0.1718 fidL 0.1999 (32s)
  H=3 nsup=16 w2g32      pexact   0.00 cell  50.69 fidH 0.2526 fidL 0.2473 (32s)
wrote /home/ubuntu/breadth/results/variant_trm_sudoku_attn_w512_s1_45570.json 23 records
variant checkpoint /home/ubuntu/edgetrm_src/TinyRecursiveModels/checkpoints/Sudoku-extreme-1k-aug-1000-ACT-torch/trm_sudoku_attn_w512_s2/step_13020: arch {'H_cycles': 3, 'H_layers': 0, 'L_cycles': 6, 'L_layers': 2, 'expansion': 4, 'forward_dtype': 'bfloat16', 'halt_exploration_prob': 0.1, 'halt_max_steps': 16, 'hidden_size': 512, 'loss': {'loss_type': 'stablemax_cross_entropy', 'name': 'losses@ACTLossHead'}, 'mlp_t': False, 'name': 'recursive_reasoning.trm@TinyRecursiveReasoningModel_ACTV1', 'no_ACT_continue': True, 'num_heads': 8, 'pos_encodings': 'rope', 'puzzle_emb_len': 16, 'puzzle_emb_ndim': 512}
sudoku_attn: 1000 puzzles, batch 256, H=[3], nsup=[16], quants=['fp32', 'w8t', 'w8c', 'w8a', 'w6t', 'w6c', 'w6a', 'w5t', 'w5c', 'w5a', 'w4t', 'w4c', 'w4a', 'w4g128', 'w4g32', 'w3t', 'w3c', 'w3a', 'w3g32', 'w2t', 'w2c', 'w2a', 'w2g32']; 0 records already
  H=3 nsup=16 fp32       pexact  35.20 cell  77.97
