variant checkpoint /home/ubuntu/edgetrm_src/TinyRecursiveModels/checkpoints/Sudoku-extreme-1k-aug-1000-ACT-torch/trm_sudoku_attn_w256_s2/step_13020: arch {'H_cycles': 3, 'H_layers': 0, 'L_cycles': 6, 'L_layers': 2, 'expansion': 4, 'forward_dtype': 'bfloat16', 'halt_exploration_prob': 0.1, 'halt_max_steps': 16, 'hidden_size': 256, 'loss': {'loss_type': 'stablemax_cross_entropy', 'name': 'losses@ACTLossHead'}, 'mlp_t': False, 'name': 'recursive_reasoning.trm@TinyRecursiveReasoningModel_ACTV1', 'no_ACT_continue': True, 'num_heads': 4, 'pos_encodings': 'rope', 'puzzle_emb_len': 16, 'puzzle_emb_ndim': 256}
sudoku_attn: 1000 puzzles, batch 256, H=[3], nsup=[16], quants=['fp32', 'w8t', 'w8c', 'w8a', 'w6t', 'w6c', 'w6a', 'w5t', 'w5c', 'w5a', 'w4t', 'w4c', 'w4a', 'w4g128', 'w4g32', 'w3t', 'w3c', 'w3a', 'w3g32', 'w2t', 'w2c', 'w2a', 'w2g32']; 21 records already
  H=3 nsup=16 w2a        pexact   0.00 cell  47.27 fidH 0.6071 fidL 0.7060 (28s)
  H=3 nsup=16 w2g32      pexact   0.00 cell  11.74 fidH 0.0311 fidL 0.2088 (28s)
wrote /home/ubuntu/breadth/results/variant_trm_sudoku_attn_w256_s2_13020.json 23 records
variant checkpoint /home/ubuntu/edgetrm_src/TinyRecursiveModels/checkpoints/Sudoku-extreme-1k-aug-1000-ACT-torch/trm_sudoku_attn_w256_s2/step_32550: arch {'H_cycles': 3, 'H_layers': 0, 'L_cycles': 6, 'L_layers': 2, 'expansion': 4, 'forward_dtype': 'bfloat16', 'halt_exploration_prob': 0.1, 'halt_max_steps': 16, 'hidden_size': 256, 'loss': {'loss_type': 'stablemax_cross_entropy', 'name': 'losses@ACTLossHead'}, 'mlp_t': False, 'name': 'recursive_reasoning.trm@TinyRecursiveReasoningModel_ACTV1', 'no_ACT_continue': True, 'num_heads': 4, 'pos_encodings': 'rope', 'puzzle_emb_len': 16, 'puzzle_emb_ndim': 256}
sudoku_attn: 1000 puzzles, batch 256, H=[3], nsup=[16], quants=['fp32', 'w8t', 'w8c', 'w8a', 'w6t', 'w6c', 'w6a', 'w5t', 'w5c', 'w5a', 'w4t', 'w4c', 'w4a', 'w4g128', 'w4g32', 'w3t', 'w3c', 'w3a', 'w3g32', 'w2t', 'w2c', 'w2a', 'w2g32']; 0 records already
  H=3 nsup=16 fp32       pexact  19.90 cell  74.71
  H=3 nsup=16 w8t        pexact  19.50 cell  74.57 fidH 0.9725 fidL 0.9582 (24s)
  H=3 nsup=16 w8c        pexact  21.40 cell  74.93 fidH 0.9749 fidL 0.9626 (24s)
  H=3 nsup=16 w8a        pexact  20.40 cell  74.73 fidH 0.9801 fidL 0.9700 (25s)
  H=3 nsup=16 w6t        pexact  17.40 cell  74.06 fidH 0.9606 fidL 0.9365 (25s)
  H=3 nsup=16 w6c        pexact  19.30 cell  74.47 fidH 0.9662 fidL 0.9473 (25s)
  H=3 nsup=16 w6a        pexact  19.10 cell  74.68 fidH 0.9700 fidL 0.9534 (25s)
  H=3 nsup=16 w5t        pexact  18.10 cell  73.39 fidH 0.9449 fidL 0.9026 (24s)
  H=3 nsup=16 w5c        pexact  18.30 cell  74.14 fidH 0.9550 fidL 0.9281 (24s)
  H=3 nsup=16 w5a        pexact  20.30 cell  74.67 fidH 0.9649 fidL 0.9440 (25s)
  H=3 nsup=16 w4t        pexact   6.10 cell  67.92 fidH 0.8313 fidL 0.7090 (25s)
  H=3 nsup=16 w4c        pexact  17.20 cell  73.41 fidH 0.9361 fidL 0.8839 (25s)
  H=3 nsup=16 w4a        pexact  19.20 cell  74.12 fidH 0.9498 fidL 0.9122 (25s)
  H=3 nsup=16 w4g128     pexact  18.60 cell  73.88 fidH 0.9454 fidL 0.9050 (25s)
  H=3 nsup=16 w4g32      pexact  18.80 cell  74.25 fidH 0.9492 fidL 0.9149 (26s)
  H=3 nsup=16 w3t        pexact   0.00 cell  20.14 fidH 0.0474 fidL 0.1184 (24s)
  H=3 nsup=16 w3c        pexact   2.80 cell  54.75 fidH 0.4380 fidL 0.4258 (24s)
  H=3 nsup=16 w3a        pexact   6.20 cell  67.42 fidH 0.8135 fidL 0.6878 (25s)
  H=3 nsup=16 w3g32      pexact  13.90 cell  70.91 fidH 0.8983 fidL 0.8126 (25s)
  H=3 nsup=16 w2t        pexact   0.00 cell  12.13 fidH 0.0943 fidL 0.2426 (25s)
  H=3 nsup=16 w2c        pexact   0.00 cell  27.20 fidH 0.0610 fidL 0.1845 (25s)
  H=3 nsup=16 w2a        pexact   0.00 cell  25.85 fidH 0.0782 fidL 0.1676 (26s)
  H=3 nsup=16 w2g32      pexact   0.00 cell  47.15 fidH 0.2655 fidL 0.3214 (25s)
wrote /home/ubuntu/breadth/results/variant_trm_sudoku_attn_w256_s2_32550.json 23 records
variant checkpoint /home/ubuntu/edgetrm_src/TinyRecursiveModels/checkpoints/Sudoku-extreme-1k-aug-1000-ACT-torch/trm_sudoku_attn_w512_s1/step_13020: arch {'H_cycles': 3, 'H_layers': 0, 'L_cycles': 6, 'L_layers': 2, 'expansion': 4, 'forward_dtype': 'bfloat16', 'halt_exploration_prob': 0.1, 'halt_max_steps': 16, 'hidden_size': 512, 'loss': {'loss_type': 'stablemax_cross_entropy', 'name': 'losses@ACTLossHead'}, 'mlp_t': False, 'name': 'recursive_reasoning.trm@TinyRecursiveReasoningModel_ACTV1', 'no_ACT_continue': True, 'num_heads': 8, 'pos_encodings': 'rope', 'puzzle_emb_len': 16, 'puzzle_emb_ndim': 512}
sudoku_attn: 1000 puzzles, batch 256, H=[3], nsup=[16], quants=['fp32', 'w8t', 'w8c', 'w8a', 'w6t', 'w6c', 'w6a', 'w5t', 'w5c', 'w5a', 'w4t', 'w4c', 'w4a', 'w4g128', 'w4g32', 'w3t', 'w3c', 'w3a', 'w3g32', 'w2t', 'w2c', 'w2a', 'w2g32']; 0 records already
  H=3 nsup=16 fp32       pexact  26.70 cell  76.52
  H=3 nsup=16 w8t        pexact  26.50 cell  76.46 fidH 0.9919 fidL 0.9863 (76s)
  H=3 nsup=16 w8c        pexact  26.30 cell  76.39 fidH 0.9910 fidL 0.9856 (76s)
  H=3 nsup=16 w8a        pexact  26.50 cell  76.45 fidH 0.9929 fidL 0.9884 (76s)
  H=3 nsup=16 w6t        pexact  26.30 cell  76.44 fidH 0.9885 fidL 0.9817 (76s)
  H=3 nsup=16 w6c        pexact  26.80 cell  76.50 fidH 0.9921 fidL 0.9870 (75s)
  H=3 nsup=16 w6a        pexact  26.30 cell  76.39 fidH 0.9898 fidL 0.9834 (76s)
  H=3 nsup=16 w5t        pexact  25.90 cell  76.08 fidH 0.9777 fidL 0.9649 (76s)
  H=3 nsup=16 w5c        pexact  26.40 cell  76.41 fidH 0.9877 fidL 0.9797 (76s)
variant checkpoint /home/ubuntu/edgetrm_src/TinyRecursiveModels/checkpoints/Sudoku-extreme-1k-aug-1000-ACT-torch/trm_sudoku_attn_w512_s1/step_19530: arch {'H_cycles': 3, 'H_layers': 0, 'L_cycles': 6, 'L_layers': 2, 'expansion': 4, 'forward_dtype': 'bfloat16', 'halt_exploration_prob': 0.1, 'halt_max_steps': 16, 'hidden_size': 512, 'loss': {'loss_type': 'stablemax_cross_entropy', 'name': 'losses@ACTLossHead'}, 'mlp_t': False, 'name': 'recursive_reasoning.trm@TinyRecursiveReasoningModel_ACTV1', 'no_ACT_continue': True, 'num_heads': 8, 'pos_encodings': 'rope', 'puzzle_emb_len': 16, 'puzzle_emb_ndim': 512}
sudoku_attn: 1000 puzzles, batch 256, H=[3], nsup=[16], quants=['fp32', 'w8t', 'w8c', 'w8a', 'w6t', 'w6c', 'w6a', 'w5t', 'w5c', 'w5a', 'w4t', 'w4c', 'w4a', 'w4g128', 'w4g32', 'w3t', 'w3c', 'w3a', 'w3g32', 'w2t', 'w2c', 'w2a', 'w2g32']; 4 records already
  H=3 nsup=16 w6t        pexact  43.40 cell  80.53 fidH 0.9443 fidL 0.8952 (76s)
  H=3 nsup=16 w6c        pexact  39.40 cell  79.59 fidH 0.9381 fidL 0.8812 (75s)
  H=3 nsup=16 w6a        pexact  39.90 cell  79.79 fidH 0.9420 fidL 0.8870 (76s)
  H=3 nsup=16 w5t        pexact  40.50 cell  79.74 fidH 0.9334 fidL 0.8769 (75s)
  H=3 nsup=16 w5c        pexact  39.20 cell  79.55 fidH 0.9358 fidL 0.8800 (76s)
  H=3 nsup=16 w5a        pexact  43.70 cell  80.47 fidH 0.9411 fidL 0.8913 (76s)
variant checkpoint /home/ubuntu/edgetrm_src/TinyRecursiveModels/checkpoints/Sudoku-extreme-1k-aug-1000-ACT-torch/trm_sudoku_attn_w512_s1/step_32550: arch {'H_cycles': 3, 'H_layers': 0, 'L_cycles': 6, 'L_layers': 2, 'expansion': 4, 'forward_dtype': 'bfloat16', 'halt_exploration_prob': 0.1, 'halt_max_steps': 16, 'hidden_size': 512, 'loss': {'loss_type': 'stablemax_cross_entropy', 'name': 'losses@ACTLossHead'}, 'mlp_t': False, 'name': 'recursive_reasoning.trm@TinyRecursiveReasoningModel_ACTV1', 'no_ACT_continue': True, 'num_heads': 8, 'pos_encodings': 'rope', 'puzzle_emb_len': 16, 'puzzle_emb_ndim': 512}
sudoku_attn: 1000 puzzles, batch 1000, H=[3], nsup=[16], quants=['fp32', 'w8t', 'w8c', 'w8a', 'w6t', 'w6c', 'w6a', 'w5t', 'w5c', 'w5a', 'w4t', 'w4c', 'w4a', 'w4g128', 'w4g32', 'w3t', 'w3c', 'w3a', 'w3g32', 'w2t', 'w2c', 'w2a', 'w2g32']; 9 records already
variant checkpoint /home/ubuntu/edgetrm_src/TinyRecursiveModels/checkpoints/Sudoku-extreme-1k-aug-1000-ACT-torch/trm_sudoku_attn_w512_s1/step_58590: arch {'H_cycles': 3, 'H_layers': 0, 'L_cycles': 6, 'L_layers': 2, 'expansion': 4, 'forward_dtype': 'bfloat16', 'halt_exploration_prob': 0.1, 'halt_max_steps': 16, 'hidden_size': 512, 'loss': {'loss_type': 'stablemax_cross_entropy', 'name': 'losses@ACTLossHead'}, 'mlp_t': False, 'name': 'recursive_reasoning.trm@TinyRecursiveReasoningModel_ACTV1', 'no_ACT_continue': True, 'num_heads': 8, 'pos_encodings': 'rope', 'puzzle_emb_len': 16, 'puzzle_emb_ndim': 512}
sudoku_attn: 1000 puzzles, batch 1000, H=[3], nsup=[16], quants=['fp32', 'w8t', 'w8c', 'w8a', 'w6t', 'w6c', 'w6a', 'w5t', 'w5c', 'w5a', 'w4t', 'w4c', 'w4a', 'w4g128', 'w4g32', 'w3t', 'w3c', 'w3a', 'w3g32', 'w2t', 'w2c', 'w2a', 'w2g32']; 0 records already
  H=3 nsup=16 fp32       pexact  62.20 cell  86.01
variant checkpoint /home/ubuntu/edgetrm_src/TinyRecursiveModels/checkpoints/Sudoku-extreme-1k-aug-1000-ACT-torch/trm_sudoku_attn_w512_s1/step_32550: arch {'H_cycles': 3, 'H_layers': 0, 'L_cycles': 6, 'L_layers': 2, 'expansion': 4, 'forward_dtype': 'bfloat16', 'halt_exploration_prob': 0.1, 'halt_max_steps': 16, 'hidden_size': 512, 'loss': {'loss_type': 'stablemax_cross_entropy', 'name': 'losses@ACTLossHead'}, 'mlp_t': False, 'name': 'recursive_reasoning.trm@TinyRecursiveReasoningModel_ACTV1', 'no_ACT_continue': True, 'num_heads': 8, 'pos_encodings': 'rope', 'puzzle_emb_len': 16, 'puzzle_emb_ndim': 512}
sudoku_attn: 1000 puzzles, batch 256, H=[3], nsup=[16], quants=['fp32', 'w8t', 'w8c', 'w8a', 'w6t', 'w6c', 'w6a', 'w5t', 'w5c', 'w5a', 'w4t', 'w4c', 'w4a', 'w4g128', 'w4g32', 'w3t', 'w3c', 'w3a', 'w3g32', 'w2t', 'w2c', 'w2a', 'w2g32']; 9 records already
  H=3 nsup=16 w5a        pexact  46.30 cell  82.47 fidH 0.8733 fidL 0.7702 (82s)
  H=3 nsup=16 w4t        pexact  48.00 cell  81.99 fidH 0.8425 fidL 0.7363 (82s)
  H=3 nsup=16 w4c        pexact  51.00 cell  83.10 fidH 0.8679 fidL 0.7689 (82s)
  H=3 nsup=16 w4a        pexact  50.10 cell  82.94 fidH 0.8745 fidL 0.7790 (82s)
  H=3 nsup=16 w4g128     pexact  48.00 cell  82.39 fidH 0.8787 fidL 0.7845 (82s)
  H=3 nsup=16 w4g32      pexact  49.30 cell  82.59 fidH 0.8793 fidL 0.7839 (65s)
  H=3 nsup=16 w3t        pexact   0.00 cell  43.36 fidH 0.1694 fidL 0.1887 (32s)
  H=3 nsup=16 w3c        pexact  42.70 cell  80.66 fidH 0.8230 fidL 0.6999 (32s)
  H=3 nsup=16 w3a        pexact  42.30 cell  81.41 fidH 0.8379 fidL 0.7196 (33s)
  H=3 nsup=16 w3g32      pexact  46.20 cell  81.88 fidH 0.8593 fidL 0.7514 (32s)
  H=3 nsup=16 w2t        pexact   0.00 cell  11.11 fidH 0.0270 fidL 0.2255 (33s)
  H=3 nsup=16 w2c        pexact   0.00 cell   5.94 fidH -0.0054 fidL 0.0981 (33s)
  H=3 nsup=16 w2a        pexact   1.40 cell  61.99 fidH 0.4353 fidL 0.3760 (32s)
  H=3 nsup=16 w2g32      pexact   0.00 cell  50.93 fidH 0.1981 fidL 0.2347 (32s)
wrote /home/ubuntu/breadth/results/variant_trm_sudoku_attn_w512_s1_32550.json 23 records
variant checkpoint /home/ubuntu/edgetrm_src/TinyRecursiveModels/checkpoints/Sudoku-extreme-1k-aug-1000-ACT-torch/trm_sudoku_attn_w512_s2/step_6510: arch {'H_cycles': 3, 'H_layers': 0, 'L_cycles': 6, 'L_layers': 2, 'expansion': 4, 'forward_dtype': 'bfloat16', 'halt_exploration_prob': 0.1, 'halt_max_steps': 16, 'hidden_size': 512, 'loss': {'loss_type': 'stablemax_cross_entropy', 'name': 'losses@ACTLossHead'}, 'mlp_t': False, 'name': 'recursive_reasoning.trm@TinyRecursiveReasoningModel_ACTV1', 'no_ACT_continue': True, 'num_heads': 8, 'pos_encodings': 'rope', 'puzzle_emb_len': 16, 'puzzle_emb_ndim': 512}
sudoku_attn: 1000 puzzles, batch 256, H=[3], nsup=[16], quants=['fp32', 'w8t', 'w8c', 'w8a', 'w6t', 'w6c', 'w6a', 'w5t', 'w5c', 'w5a', 'w4t', 'w4c', 'w4a', 'w4g128', 'w4g32', 'w3t', 'w3c', 'w3a', 'w3g32', 'w2t', 'w2c', 'w2a', 'w2g32']; 2 records already
  H=3 nsup=16 w8c        pexact  12.20 cell  70.23 fidH 0.9983 fidL 0.9976 (32s)
  H=3 nsup=16 w8a        pexact  12.10 cell  70.22 fidH 0.9981 fidL 0.9975 (32s)
  H=3 nsup=16 w6t        pexact  12.00 cell  70.22 fidH 0.9951 fidL 0.9933 (32s)
  H=3 nsup=16 w6c        pexact  12.30 cell  70.35 fidH 0.9951 fidL 0.9932 (32s)
  H=3 nsup=16 w6a        pexact  12.50 cell  70.30 fidH 0.9951 fidL 0.9936 (32s)
  H=3 nsup=16 w5t        pexact  13.00 cell  70.22 fidH 0.9867 fidL 0.9824 (32s)
variant checkpoint /home/ubuntu/edgetrm_src/TinyRecursiveModels/checkpoints/Sudoku-extreme-1k-aug-1000-ACT-torch/trm_sudoku_attn_w512_s2/step_6510: arch {'H_cycles': 3, 'H_layers': 0, 'L_cycles': 6, 'L_layers': 2, 'expansion': 4, 'forward_dtype': 'bfloat16', 'halt_exploration_prob': 0.1, 'halt_max_steps': 16, 'hidden_size': 512, 'loss': {'loss_type': 'stablemax_cross_entropy', 'name': 'losses@ACTLossHead'}, 'mlp_t': False, 'name': 'recursive_reasoning.trm@TinyRecursiveReasoningModel_ACTV1', 'no_ACT_continue': True, 'num_heads': 8, 'pos_encodings': 'rope', 'puzzle_emb_len': 16, 'puzzle_emb_ndim': 512}
sudoku_attn: 1000 puzzles, batch 256, H=[3], nsup=[16], quants=['fp32', 'w8t', 'w8c', 'w8a', 'w6t', 'w6c', 'w6a', 'w5t', 'w5c', 'w5a', 'w4t', 'w4c', 'w4a', 'w4g128', 'w4g32', 'w3t', 'w3c', 'w3a', 'w3g32', 'w2t', 'w2c', 'w2a', 'w2g32']; 8 records already
  H=3 nsup=16 w5c        pexact  12.10 cell  70.20 fidH 0.9895 fidL 0.9864 (32s)
  H=3 nsup=16 w5a        pexact  12.30 cell  70.29 fidH 0.9926 fidL 0.9900 (32s)
  H=3 nsup=16 w4t        pexact   9.80 cell  69.54 fidH 0.9637 fidL 0.9529 (32s)
  H=3 nsup=16 w4c        pexact  12.50 cell  69.97 fidH 0.9810 fidL 0.9743 (32s)
  H=3 nsup=16 w4a        pexact  11.60 cell  69.73 fidH 0.9832 fidL 0.9779 (32s)
  H=3 nsup=16 w4g128     pexact  11.70 cell  69.84 fidH 0.9818 fidL 0.9755 (32s)
  H=3 nsup=16 w4g32      pexact  12.30 cell  69.96 fidH 0.9864 fidL 0.9821 (33s)
  H=3 nsup=16 w3t        pexact   1.70 cell  62.53 fidH 0.8398 fidL 0.8041 (33s)
  H=3 nsup=16 w3c        pexact   6.00 cell  67.08 fidH 0.9358 fidL 0.9158 (33s)
  H=3 nsup=16 w3a        pexact   7.50 cell  68.42 fidH 0.9488 fidL 0.9329 (32s)
  H=3 nsup=16 w3g32      pexact   8.00 cell  68.47 fidH 0.9536 fidL 0.9374 (32s)
  H=3 nsup=16 w2t        pexact   0.00 cell  10.94 fidH 0.0170 fidL 0.1270 (32s)
  H=3 nsup=16 w2c        pexact   0.00 cell  18.75 fidH 0.0775 fidL 0.1124 (32s)
  H=3 nsup=16 w2a        pexact   0.00 cell  55.46 fidH 0.6978 fidL 0.7110 (32s)
  H=3 nsup=16 w2g32      pexact   0.00 cell  42.81 fidH 0.5190 fidL 0.4961 (32s)
wrote /home/ubuntu/breadth/results/variant_trm_sudoku_attn_w512_s2_6510.json 23 records
variant checkpoint /home/ubuntu/edgetrm_src/TinyRecursiveModels/checkpoints/Sudoku-extreme-1k-aug-1000-ACT-torch/trm_sudoku_attn_w512_s2/step_32550: arch {'H_cycles': 3, 'H_layers': 0, 'L_cycles': 6, 'L_layers': 2, 'expansion': 4, 'forward_dtype': 'bfloat16', 'halt_exploration_prob': 0.1, 'halt_max_steps': 16, 'hidden_size': 512, 'loss': {'loss_type': 'stablemax_cross_entropy', 'name': 'losses@ACTLossHead'}, 'mlp_t': False, 'name': 'recursive_reasoning.trm@TinyRecursiveReasoningModel_ACTV1', 'no_ACT_continue': True, 'num_heads': 8, 'pos_encodings': 'rope', 'puzzle_emb_len': 16, 'puzzle_emb_ndim': 512}
sudoku_attn: 1000 puzzles, batch 256, H=[3], nsup=[16], quants=['fp32', 'w8t', 'w8c', 'w8a', 'w6t', 'w6c', 'w6a', 'w5t', 'w5c', 'w5a', 'w4t', 'w4c', 'w4a', 'w4g128', 'w4g32', 'w3t', 'w3c', 'w3a', 'w3g32', 'w2t', 'w2c', 'w2a', 'w2g32']; 0 records already
  H=3 nsup=16 fp32       pexact   9.60 cell  62.05
  H=3 nsup=16 w8t        pexact  10.60 cell  62.54 fidH 0.8009 fidL 0.7140 (32s)
  H=3 nsup=16 w8c        pexact   9.60 cell  62.10 fidH 0.8280 fidL 0.7476 (32s)
  H=3 nsup=16 w8a        pexact   8.70 cell  61.79 fidH 0.8300 fidL 0.7508 (32s)
  H=3 nsup=16 w6t        pexact  10.70 cell  62.86 fidH 0.7663 fidL 0.6717 (32s)
  H=3 nsup=16 w6c        pexact   9.20 cell  62.59 fidH 0.7961 fidL 0.7060 (32s)
  H=3 nsup=16 w6a        pexact   8.30 cell  61.34 fidH 0.7905 fidL 0.7014 (32s)
  H=3 nsup=16 w5t        pexact   7.30 cell  60.86 fidH 0.7442 fidL 0.6490 (32s)
  H=3 nsup=16 w5c        pexact   9.70 cell  61.69 fidH 0.7716 fidL 0.6804 (32s)
  H=3 nsup=16 w5a        pexact  10.00 cell  63.01 fidH 0.7783 fidL 0.6906 (32s)
  H=3 nsup=16 w4t        pexact   3.00 cell  66.07 fidH 0.7201 fidL 0.6078 (32s)
  H=3 nsup=16 w4c        pexact   9.40 cell  63.98 fidH 0.7422 fidL 0.6367 (33s)
  H=3 nsup=16 w4a        pexact   9.40 cell  61.50 fidH 0.7563 fidL 0.6617 (32s)
  H=3 nsup=16 w4g128     pexact  11.00 cell  63.37 fidH 0.7534 fidL 0.6564 (32s)
  H=3 nsup=16 w4g32      pexact  12.40 cell  63.74 fidH 0.7611 fidL 0.6627 (32s)
  H=3 nsup=16 w3t        pexact   0.00 cell  16.50 fidH 0.0799 fidL 0.1087 (33s)
  H=3 nsup=16 w3c        pexact   5.60 cell  64.30 fidH 0.6987 fidL 0.5816 (32s)
  H=3 nsup=16 w3a        pexact   9.20 cell  63.94 fidH 0.7088 fidL 0.5968 (32s)
  H=3 nsup=16 w3g32      pexact   6.60 cell  62.13 fidH 0.7343 fidL 0.6309 (33s)
  H=3 nsup=16 w2t        pexact   0.00 cell   3.46 fidH -0.0161 fidL 0.1011 (33s)
  H=3 nsup=16 w2c        pexact   0.00 cell  11.32 fidH 0.0039 fidL 0.0463 (32s)
  H=3 nsup=16 w2a        pexact   0.00 cell  51.52 fidH 0.2854 fidL 0.2572 (32s)
  H=3 nsup=16 w2g32      pexact   0.00 cell  35.19 fidH 0.3478 fidL 0.2918 (32s)
wrote /home/ubuntu/breadth/results/variant_trm_sudoku_attn_w512_s2_32550.json 23 records
variant checkpoint /home/ubuntu/edgetrm_src/TinyRecursiveModels/checkpoints/Sudoku-extreme-1k-aug-1000-ACT-torch/trm_sudoku_mlp_w256_s1/step_13020: arch {'H_cycles': 3, 'H_layers': 0, 'L_cycles': 6, 'L_layers': 2, 'expansion': 4, 'forward_dtype': 'bfloat16', 'halt_exploration_prob': 0.1, 'halt_max_steps': 16, 'hidden_size': 256, 'loss': {'loss_type': 'stablemax_cross_entropy', 'name': 'losses@ACTLossHead'}, 'mlp_t': True, 'name': 'recursive_reasoning.trm@TinyRecursiveReasoningModel_ACTV1', 'no_ACT_continue': True, 'num_heads': 4, 'pos_encodings': 'none', 'puzzle_emb_len': 16, 'puzzle_emb_ndim': 256}
sudoku_mlp: 1000 puzzles, batch 256, H=[3], nsup=[16], quants=['fp32', 'w8t', 'w8c', 'w8a', 'w6t', 'w6c', 'w6a', 'w5t', 'w5c', 'w5a', 'w4t', 'w4c', 'w4a', 'w4g128', 'w4g32', 'w3t', 'w3c', 'w3a', 'w3g32', 'w2t', 'w2c', 'w2a', 'w2g32']; 0 records already
  H=3 nsup=16 fp32       pexact  28.70 cell  76.81
  H=3 nsup=16 w8t        pexact  28.50 cell  76.57 fidH 0.9902 fidL 0.9865 (12s)
  H=3 nsup=16 w8c        pexact  28.90 cell  76.78 fidH 0.9918 fidL 0.9888 (12s)
  H=3 nsup=16 w8a        pexact  28.50 cell  76.72 fidH 0.9943 fidL 0.9913 (12s)
  H=3 nsup=16 w6t        pexact  29.50 cell  76.81 fidH 0.9768 fidL 0.9681 (12s)
  H=3 nsup=16 w6c        pexact  29.10 cell  76.71 fidH 0.9841 fidL 0.9783 (11s)
  H=3 nsup=16 w6a        pexact  28.90 cell  76.60 fidH 0.9850 fidL 0.9799 (12s)
  H=3 nsup=16 w5t        pexact  26.50 cell  75.76 fidH 0.9574 fidL 0.9410 (12s)
  H=3 nsup=16 w5c        pexact  28.90 cell  76.82 fidH 0.9727 fidL 0.9625 (11s)
  H=3 nsup=16 w5a        pexact  29.60 cell  76.75 fidH 0.9694 fidL 0.9578 (12s)
  H=3 nsup=16 w4t        pexact  11.70 cell  68.90 fidH 0.8534 fidL 0.8052 (12s)
  H=3 nsup=16 w4c        pexact  22.40 cell  74.38 fidH 0.9403 fidL 0.9198 (12s)
  H=3 nsup=16 w4a        pexact  23.70 cell  75.08 fidH 0.9495 fidL 0.9308 (12s)
  H=3 nsup=16 w4g128     pexact  25.00 cell  75.21 fidH 0.9509 fidL 0.9335 (12s)
  H=3 nsup=16 w4g32      pexact  20.90 cell  74.58 fidH 0.9475 fidL 0.9314 (12s)
  H=3 nsup=16 w3t        pexact   3.00 cell  60.15 fidH 0.6242 fidL 0.5518 (11s)
  H=3 nsup=16 w3c        pexact   4.30 cell  66.59 fidH 0.7976 fidL 0.7462 (11s)
  H=3 nsup=16 w3a        pexact   9.80 cell  68.54 fidH 0.8475 fidL 0.7990 (12s)
  H=3 nsup=16 w3g32      pexact  17.90 cell  71.11 fidH 0.8845 fidL 0.8420 (12s)
  H=3 nsup=16 w2t        pexact   0.00 cell   4.81 fidH 0.0472 fidL 0.1961 (12s)
  H=3 nsup=16 w2c        pexact   0.00 cell  28.59 fidH 0.2003 fidL 0.2444 (12s)
  H=3 nsup=16 w2a        pexact   0.70 cell  58.76 fidH 0.5817 fidL 0.5113 (12s)
  H=3 nsup=16 w2g32      pexact   0.00 cell  48.33 fidH 0.4288 fidL 0.3976 (12s)
wrote /home/ubuntu/breadth/results/variant_trm_sudoku_mlp_w256_s1_13020.json 23 records
variant checkpoint /home/ubuntu/edgetrm_src/TinyRecursiveModels/checkpoints/Sudoku-extreme-1k-aug-1000-ACT-torch/trm_sudoku_mlp_w256_s1/step_32550: arch {'H_cycles': 3, 'H_layers': 0, 'L_cycles': 6, 'L_layers': 2, 'expansion': 4, 'forward_dtype': 'bfloat16', 'halt_exploration_prob': 0.1, 'halt_max_steps': 16, 'hidden_size': 256, 'loss': {'loss_type': 'stablemax_cross_entropy', 'name': 'losses@ACTLossHead'}, 'mlp_t': True, 'name': 'recursive_reasoning.trm@TinyRecursiveReasoningModel_ACTV1', 'no_ACT_continue': True, 'num_heads': 4, 'pos_encodings': 'none', 'puzzle_emb_len': 16, 'puzzle_emb_ndim': 256}
sudoku_mlp: 1000 puzzles, batch 256, H=[3], nsup=[16], quants=['fp32', 'w8t', 'w8c', 'w8a', 'w6t', 'w6c', 'w6a', 'w5t', 'w5c', 'w5a', 'w4t', 'w4c', 'w4a', 'w4g128', 'w4g32', 'w3t', 'w3c', 'w3a', 'w3g32', 'w2t', 'w2c', 'w2a', 'w2g32']; 0 records already
  H=3 nsup=16 fp32       pexact  57.30 cell  84.90
  H=3 nsup=16 w8t        pexact  57.80 cell  85.07 fidH 0.9727 fidL 0.9451 (12s)
  H=3 nsup=16 w8c        pexact  57.90 cell  85.00 fidH 0.9731 fidL 0.9463 (11s)
  H=3 nsup=16 w8a        pexact  56.90 cell  84.62 fidH 0.9769 fidL 0.9526 (12s)
  H=3 nsup=16 w6t        pexact  54.40 cell  83.95 fidH 0.9491 fidL 0.9074 (12s)
  H=3 nsup=16 w6c        pexact  57.00 cell  84.72 fidH 0.9649 fidL 0.9324 (12s)
  H=3 nsup=16 w6a        pexact  57.10 cell  84.87 fidH 0.9659 fidL 0.9346 (12s)
  H=3 nsup=16 w5t        pexact  48.30 cell  81.79 fidH 0.9084 fidL 0.8400 (11s)
  H=3 nsup=16 w5c        pexact  54.90 cell  83.99 fidH 0.9464 fidL 0.9036 (11s)
  H=3 nsup=16 w5a        pexact  54.60 cell  84.07 fidH 0.9533 fidL 0.9138 (12s)
  H=3 nsup=16 w4t        pexact   4.40 cell  59.39 fidH 0.5797 fidL 0.5557 (11s)
  H=3 nsup=16 w4c        pexact  56.70 cell  84.11 fidH 0.9216 fidL 0.8648 (11s)
  H=3 nsup=16 w4a        pexact  53.50 cell  83.29 fidH 0.9305 fidL 0.8777 (12s)
  H=3 nsup=16 w4g128     pexact  56.60 cell  84.19 fidH 0.9283 fidL 0.8747 (12s)
  H=3 nsup=16 w4g32      pexact  56.30 cell  84.44 fidH 0.9420 fidL 0.8959 (12s)
  H=3 nsup=16 w3t        pexact   0.00 cell  29.17 fidH 0.1372 fidL 0.1882 (13s)
  H=3 nsup=16 w3c        pexact   3.30 cell  60.00 fidH 0.5645 fidL 0.5032 (11s)
  H=3 nsup=16 w3a        pexact  21.60 cell  69.10 fidH 0.7410 fidL 0.6166 (12s)
  H=3 nsup=16 w3g32      pexact  37.50 cell  76.94 fidH 0.8455 fidL 0.7472 (12s)
  H=3 nsup=16 w2t        pexact   0.00 cell   7.58 fidH 0.0770 fidL 0.1780 (12s)
  H=3 nsup=16 w2c        pexact   0.00 cell  27.74 fidH 0.1374 fidL 0.1551 (12s)
  H=3 nsup=16 w2a        pexact   0.20 cell  46.05 fidH 0.3343 fidL 0.3353 (12s)
  H=3 nsup=16 w2g32      pexact   0.00 cell  44.90 fidH 0.3755 fidL 0.3623 (12s)
wrote /home/ubuntu/breadth/results/variant_trm_sudoku_mlp_w256_s1_32550.json 23 records
variant checkpoint /home/ubuntu/edgetrm_src/TinyRecursiveModels/checkpoints/Sudoku-extreme-1k-aug-1000-ACT-torch/trm_sudoku_mlp_w256_s1/step_52080: arch {'H_cycles': 3, 'H_layers': 0, 'L_cycles': 6, 'L_layers': 2, 'expansion': 4, 'forward_dtype': 'bfloat16', 'halt_exploration_prob': 0.1, 'halt_max_steps': 16, 'hidden_size': 256, 'loss': {'loss_type': 'stablemax_cross_entropy', 'name': 'losses@ACTLossHead'}, 'mlp_t': True, 'name': 'recursive_reasoning.trm@TinyRecursiveReasoningModel_ACTV1', 'no_ACT_continue': True, 'num_heads': 4, 'pos_encodings': 'none', 'puzzle_emb_len': 16, 'puzzle_emb_ndim': 256}
sudoku_mlp: 1000 puzzles, batch 256, H=[3], nsup=[16], quants=['fp32', 'w8t', 'w8c', 'w8a', 'w6t', 'w6c', 'w6a', 'w5t', 'w5c', 'w5a', 'w4t', 'w4c', 'w4a', 'w4g128', 'w4g32', 'w3t', 'w3c', 'w3a', 'w3g32', 'w2t', 'w2c', 'w2a', 'w2g32']; 0 records already
  H=3 nsup=16 fp32       pexact  61.80 cell  86.29
  H=3 nsup=16 w8t        pexact  61.40 cell  86.12 fidH 0.9661 fidL 0.9369 (12s)
  H=3 nsup=16 w8c        pexact  61.60 cell  86.32 fidH 0.9728 fidL 0.9479 (12s)
  H=3 nsup=16 w8a        pexact  61.50 cell  86.19 fidH 0.9735 fidL 0.9477 (14s)
  H=3 nsup=16 w6t        pexact  60.40 cell  85.62 fidH 0.9447 fidL 0.9043 (12s)
  H=3 nsup=16 w6c        pexact  62.00 cell  86.19 fidH 0.9627 fidL 0.9304 (12s)
  H=3 nsup=16 w6a        pexact  59.90 cell  85.70 fidH 0.9671 fidL 0.9384 (12s)
  H=3 nsup=16 w5t        pexact  39.70 cell  78.12 fidH 0.8446 fidL 0.7462 (12s)
  H=3 nsup=16 w5c        pexact  61.70 cell  86.12 fidH 0.9516 fidL 0.9144 (12s)
  H=3 nsup=16 w5a        pexact  61.20 cell  86.03 fidH 0.9548 fidL 0.9195 (12s)
  H=3 nsup=16 w4t        pexact   0.00 cell  41.08 fidH 0.1927 fidL 0.3160 (12s)
