23:31 eval trm_sudoku_attn_w256_s0 step_6510 (sudoku_attn, H=3 nsup=16)
23:44 eval trm_sudoku_attn_w256_s0 step_13020 (sudoku_attn, H=3 nsup=16)
23:58 eval trm_sudoku_attn_w256_s0 step_19530 (sudoku_attn, H=3 nsup=16)
00:11 eval trm_sudoku_attn_w256_s0 step_26040 (sudoku_attn, H=3 nsup=16)
00:23 eval trm_sudoku_attn_w512_s0 step_6510 (sudoku_attn, H=3 nsup=16)
01:06 eval trm_sudoku_attn_w512_s0 step_13020 (sudoku_attn, H=3 nsup=16)
01:48 eval trm_sudoku_mlp_w256_s0 step_6510 (sudoku_mlp, H=3 nsup=16)
02:03 eval trm_sudoku_mlp_w256_s0 step_13020 (sudoku_mlp, H=3 nsup=16)
02:18 eval trm_sudoku_mlp_w512_s0 step_6510 (sudoku_mlp, H=3 nsup=16)
02:58 eval trm_sudoku_mlp_w512_s1 step_6510 (sudoku_mlp, H=3 nsup=16)
03:36 eval trm_sudoku_mlp_w512_s1 step_13020 (sudoku_mlp, H=3 nsup=16)
04:16 eval trm_sudoku_mlp_w768_s0 step_6510 (sudoku_mlp, H=3 nsup=16)
05:39 eval trm_sudoku_attn_w256_s0 step_32550 (sudoku_attn, H=3 nsup=16)
05:47 eval trm_sudoku_attn_w256_s0 step_39060 (sudoku_attn, H=3 nsup=16)
05:53 eval trm_sudoku_attn_w256_s0 step_45570 (sudoku_attn, H=3 nsup=16)
05:57 eval trm_sudoku_attn_w256_s0 step_45570 (sudoku_attn, H=3 nsup=16)
06:06 eval trm_sudoku_attn_w256_s0 step_52080 (sudoku_attn, H=3 nsup=16)
06:19 eval trm_sudoku_attn_w256_s0 step_58590 (sudoku_attn, H=3 nsup=16)
06:33 eval trm_sudoku_attn_w256_s0 step_65100 (sudoku_attn, H=1,2,3,4 nsup=1,2,4,8,16)
08:01 eval trm_sudoku_attn_w512_s0 step_19530 (sudoku_attn, H=3 nsup=16)
08:41 eval trm_sudoku_attn_w512_s0 step_26040 (sudoku_attn, H=3 nsup=16)
09:20 eval trm_sudoku_attn_w512_s0 step_32550 (sudoku_attn, H=3 nsup=16)
10:03 eval trm_sudoku_attn_w512_s0 step_39060 (sudoku_attn, H=3 nsup=16)
10:45 eval trm_sudoku_mlp_w256_s0 step_19530 (sudoku_mlp, H=3 nsup=16)
11:01 eval trm_sudoku_mlp_w256_s0 step_26040 (sudoku_mlp, H=3 nsup=16)
11:15 eval trm_sudoku_mlp_w256_s0 step_32550 (sudoku_mlp, H=3 nsup=16)
11:30 eval trm_sudoku_mlp_w256_s0 step_39060 (sudoku_mlp, H=3 nsup=16)
11:44 eval trm_sudoku_mlp_w512_s0 step_13020 (sudoku_mlp, H=3 nsup=16)
12:24 eval trm_sudoku_mlp_w512_s0 step_19530 (sudoku_mlp, H=3 nsup=16)
13:02 eval trm_sudoku_mlp_w512_s1 step_19530 (sudoku_mlp, H=3 nsup=16)
13:43 eval trm_sudoku_mlp_w512_s1 step_26040 (sudoku_mlp, H=3 nsup=16)
14:11 eval trm_sudoku_mlp_w512_s1 step_32550 (sudoku_mlp, H=3 nsup=16)
14:38 eval trm_sudoku_mlp_w768_s0 step_13020 (sudoku_mlp, H=3 nsup=16)
15:25 eval trm_sudoku_mlp_w768_s0 step_19530 (sudoku_mlp, H=3 nsup=16)
16:01 eval trm_sudoku_mlp_w768_s0 step_26040 (sudoku_mlp, H=3 nsup=16)
16:36 eval trm_sudoku_attn_w256_s1 step_6510 (sudoku_attn, H=3 nsup=16)
16:40 eval trm_sudoku_attn_w256_s1 step_13020 (sudoku_attn, H=3 nsup=16)
16:49 eval trm_sudoku_attn_w256_s1 step_19530 (sudoku_attn, H=3 nsup=16)
16:59 eval trm_sudoku_attn_w256_s1 step_26040 (sudoku_attn, H=3 nsup=16)
17:09 eval trm_sudoku_attn_w256_s1 step_32550 (sudoku_attn, H=3 nsup=16)
17:18 eval trm_sudoku_attn_w256_s1 step_39060 (sudoku_attn, H=3 nsup=16)
17:28 eval trm_sudoku_attn_w256_s1 step_45570 (sudoku_attn, H=3 nsup=16)
17:38 eval trm_sudoku_attn_w256_s1 step_52080 (sudoku_attn, H=3 nsup=16)
17:48 eval trm_sudoku_attn_w256_s1 step_58590 (sudoku_attn, H=3 nsup=16)
17:58 eval trm_sudoku_attn_w256_s1 step_65100 (sudoku_attn, H=1,2,3,4 nsup=1,2,4,8,16)
19:09 eval trm_sudoku_attn_w512_s0 step_45570 (sudoku_attn, H=3 nsup=16)
19:39 eval trm_sudoku_attn_w512_s0 step_52080 (sudoku_attn, H=3 nsup=16)
20:10 eval trm_sudoku_attn_w512_s0 step_58590 (sudoku_attn, H=3 nsup=16)
20:38 eval trm_sudoku_attn_w512_s0 step_65100 (sudoku_attn, H=1,2,3,4 nsup=1,2,4,8,16)
02:47 eval trm_sudoku_attn_w768_s0 step_6510 (sudoku_attn, H=3 nsup=16)
Terminated
03:06 eval trm_sudoku_attn_w768_s0 step_13020 (sudoku_attn, H=3 nsup=16)
03:06 eval trm_sudoku_attn_w256_s2 step_6510 (sudoku_attn, H=3 nsup=16)
03:06 eval trm_sudoku_attn_w256_s2 step_13020 (sudoku_attn, H=3 nsup=16)
03:06 eval trm_sudoku_attn_w256_s2 step_13020 (sudoku_attn, H=3 nsup=16)
Terminated
03:08 eval trm_sudoku_attn_w256_s2 step_19530 (sudoku_attn, H=3 nsup=16)
03:10 eval trm_sudoku_attn_w256_s2 step_13020 (sudoku_attn, H=3 nsup=16)
03:11 eval trm_sudoku_attn_w256_s2 step_26040 (sudoku_attn, H=3 nsup=16)
03:12 eval trm_sudoku_attn_w256_s2 step_32550 (sudoku_attn, H=3 nsup=16)
03:12 eval trm_sudoku_attn_w256_s2 step_39060 (sudoku_attn, H=3 nsup=16)
03:15 eval trm_sudoku_attn_w256_s2 step_45570 (sudoku_attn, H=3 nsup=16)
03:16 eval trm_sudoku_attn_w256_s2 step_52080 (sudoku_attn, H=3 nsup=16)
03:19 eval trm_sudoku_attn_w256_s2 step_58590 (sudoku_attn, H=3 nsup=16)
03:19 eval trm_sudoku_attn_w256_s2 step_65100 (sudoku_attn, H=1,2,3,4 nsup=1,2,4,8,16)
03:20 eval trm_sudoku_attn_w512_s1 step_6510 (sudoku_attn, H=3 nsup=16)
03:21 eval trm_sudoku_attn_w512_s1 step_13020 (sudoku_attn, H=3 nsup=16)
03:28 eval trm_sudoku_attn_w512_s1 step_19530 (sudoku_attn, H=3 nsup=16)
03:33 eval trm_sudoku_attn_w512_s1 step_26040 (sudoku_attn, H=3 nsup=16)
03:34 eval trm_sudoku_attn_w256_s2 step_65100 (sudoku_attn, H=3 nsup=1,4,16)
03:34 eval trm_sudoku_attn_w512_s1 step_13020 (sudoku_attn, H=3 nsup=16)
03:34 eval trm_sudoku_attn_w512_s1 step_19530 (sudoku_attn, H=3 nsup=16)
03:34 eval trm_sudoku_attn_w512_s1 step_26040 (sudoku_attn, H=3 nsup=16)
03:38 eval trm_sudoku_attn_w512_s1 step_32550 (sudoku_attn, H=3 nsup=16)
03:42 eval trm_sudoku_attn_w512_s1 step_39060 (sudoku_attn, H=3 nsup=16)
03:43 eval trm_sudoku_attn_w512_s1 step_19530 (sudoku_attn, H=3 nsup=16)
03:44 eval trm_sudoku_attn_w512_s1 step_26040 (sudoku_attn, H=3 nsup=16)
03:44 eval trm_sudoku_attn_w512_s1 step_32550 (sudoku_attn, H=3 nsup=16)
03:44 eval trm_sudoku_attn_w512_s1 step_39060 (sudoku_attn, H=3 nsup=16)
03:44 eval trm_sudoku_attn_w512_s1 step_45570 (sudoku_attn, H=3 nsup=16)
03:44 eval trm_sudoku_attn_w512_s1 step_52080 (sudoku_attn, H=3 nsup=16)
03:44 eval trm_sudoku_attn_w512_s1 step_58590 (sudoku_attn, H=3 nsup=16)
03:44 eval trm_sudoku_attn_w512_s2 step_6510 (sudoku_attn, H=3 nsup=16)
03:47 eval trm_sudoku_attn_w512_s1 step_19530 (sudoku_attn, H=3 nsup=16)
03:47 eval trm_sudoku_attn_w512_s1 step_26040 (sudoku_attn, H=3 nsup=16)
03:47 eval trm_sudoku_attn_w512_s1 step_32550 (sudoku_attn, H=3 nsup=16)
03:47 eval trm_sudoku_attn_w512_s1 step_39060 (sudoku_attn, H=3 nsup=16)
03:51 eval trm_sudoku_attn_w512_s1 step_45570 (sudoku_attn, H=3 nsup=16)
03:54 eval trm_sudoku_attn_w512_s1 step_52080 (sudoku_attn, H=3 nsup=16)
03:59 eval trm_sudoku_attn_w512_s1 step_58590 (sudoku_attn, H=3 nsup=16)
04:01 eval trm_sudoku_attn_w512_s2 step_6510 (sudoku_attn, H=3 nsup=16)
04:03 eval trm_sudoku_attn_w512_s2 step_13020 (sudoku_attn, H=3 nsup=16)
04:05 eval trm_sudoku_attn_w512_s1 step_52080 (sudoku_attn, H=3 nsup=16)
04:05 eval trm_sudoku_attn_w512_s1 step_58590 (sudoku_attn, H=3 nsup=16)
04:05 eval trm_sudoku_attn_w512_s2 step_6510 (sudoku_attn, H=3 nsup=16)
04:05 eval trm_sudoku_attn_w512_s2 step_13020 (sudoku_attn, H=3 nsup=16)
04:07 eval trm_sudoku_attn_w512_s2 step_19530 (sudoku_attn, H=3 nsup=16)
04:13 eval trm_sudoku_attn_w512_s2 step_26040 (sudoku_attn, H=3 nsup=16)
04:14 eval trm_sudoku_attn_w512_s2 step_32550 (sudoku_attn, H=3 nsup=16)
04:17 eval trm_sudoku_mlp_w256_s0 step_45570 (sudoku_mlp, H=3 nsup=16)
04:19 eval trm_sudoku_mlp_w256_s0 step_52080 (sudoku_mlp, H=3 nsup=16)
04:21 eval trm_sudoku_mlp_w256_s0 step_58590 (sudoku_mlp, H=3 nsup=16)
04:24 eval trm_sudoku_mlp_w256_s0 step_65100 (sudoku_mlp, H=3 nsup=1,4,16)
04:25 eval trm_sudoku_attn_w512_s2 step_39060 (sudoku_attn, H=3 nsup=16)
04:26 eval trm_sudoku_mlp_w256_s1 step_6510 (sudoku_mlp, H=3 nsup=16)
04:26 eval trm_sudoku_mlp_w256_s1 step_13020 (sudoku_mlp, H=3 nsup=16)
04:30 eval trm_sudoku_mlp_w256_s1 step_19530 (sudoku_mlp, H=3 nsup=16)
04:30 eval trm_sudoku_mlp_w256_s1 step_26040 (sudoku_mlp, H=3 nsup=16)
04:31 eval trm_sudoku_mlp_w256_s1 step_32550 (sudoku_mlp, H=3 nsup=16)
04:35 eval trm_sudoku_mlp_w256_s1 step_39060 (sudoku_mlp, H=3 nsup=16)
04:35 eval trm_sudoku_mlp_w256_s1 step_45570 (sudoku_mlp, H=3 nsup=16)
04:35 eval trm_sudoku_mlp_w256_s1 step_52080 (sudoku_mlp, H=3 nsup=16)
04:37 eval trm_sudoku_attn_w512_s1 step_65100 (sudoku_attn, H=3 nsup=1,4,16)
